<html>
<body>
<pre>
<h1>µVision Build Log</h1>
<h2>Project:</h2>
C:\Users\Ali\Documents\EE445Llabs\Lab10\MotorControl.uvproj
Project File Date:  04/16/2017

<h2>Output:</h2>
Build target 'Target 1'
compiling tach.c...
compiling motorcontroller.c...
linking...
Program Size: Code=5360 RO-data=2060 RW-data=88 ZI-data=1136  
".\MotorControl.axf" - 0 Error(s), 0 Warning(s).
Load "C:\\Users\\Ali\\Documents\\EE445Llabs\\Lab10\\MotorControl.axf" 
Connecting: Mode=JTAG, Speed=1000000Hz
Erase Done.
Programming Done.
Verify OK.
</pre>
</body>
</html>
warning, 2 errors
".\MotorControl.axf" - 2 Error(s), 1 Warning(s).
Target not created
Load "C:\\Users\\Ali\\Documents\\EE445Llabs\\Lab10\\MotorControl.axf" 
_____^
*** error 56: cannot open file
Error: Flash Download failed  -  Could not load file 'C:\Users\Ali\Documents\EE445Llabs\Lab10\MotorControl.axf'
Load "C:\\Users\\Ali\\Documents\\EE445Llabs\\Lab10\\MotorControl.axf" 
_____^
*** error 56: cannot open file
Error: Flash Download failed  -  Could not load file 'C:\Users\Ali\Documents\EE445Llabs\Lab10\MotorControl.axf'
Documents\\EE445Llabs\\Lab10\\MotorControl.axf" 
_____^
*** error 56: cannot open file
Error: Flash Download failed  -  Could not load file 'C:\Users\Ali\Documents\EE445Llabs\Lab10\MotorControl.axf'
Load "C:\\Users\\Ali\\Documents\\EE445Llabs\\Lab10\\MotorControl.axf" 
_____^
*** error 56: cannot open file
Error: Flash Download failed  -  Could not load file 'C:\Users\Ali\Documents\EE445Llabs\Lab10\MotorControl.axf'
