<html>
<body>
<pre>
<h1>µVision Build Log</h1>
<h2>Project:</h2>
C:\Users\Ali\Documents\EE445Llabs\Lab10\MotorControl.uvproj
Project File Date:  04/12/2017

<h2>Output:</h2>
Rebuild target 'Target 1'
compiling PLL.c...
compiling ST7735.c...
assembling startup.s...
compiling switch.c...
compiling motor.c...
compiling tach.c...
linking...
Program Size: Code=1952 RO-data=32 RW-data=24 ZI-data=1120  
".\MotorControl.axf" - 0 Error(s), 0 Warning(s).
</pre>
</body>
</html>
tatement in block
                int i;
ST7735.c(1651): error:  #29: expected an expression
                        for(int j = 0; j < absSlope; j += 1) {                  // display
ST7735.c(1651): error:  #20: identifier "j" is undefined
                        for(int j = 0; j < absSlope; j += 1) {                  // display
ST7735.c: 0 warnings, 4 errors
assembling startup.s...
compiling switch.c...
compiling motor.c...
compiling tach.c...
".\MotorControl.axf" - 4 Error(s), 0 Warning(s).
Target not created
