<html>
<body>
<pre>
<h1>µVision Build Log</h1>
<h2>Project:</h2>
C:\Users\Ali\Documents\EE445Llabs\ESP8266_4C123\espDemo.uvproj
Project File Date:  05/03/2017

<h2>Output:</h2>
Build target 'esp8266'
compiling FSM.c...
linking...
Program Size: Code=10848 RO-data=2052 RW-data=488 ZI-data=6176  
".\esp8266.axf" - 0 Error(s), 0 Warning(s).
Load "C:\\Users\\Ali\\Documents\\EE445Llabs\\ESP8266_4C123\\esp8266.axf" 
Connecting: Mode=JTAG, Speed=1000000Hz
Erase Done.
Programming Done.
Verify OK.
</pre>
</body>
</html>
" - 0 Error(s), 0 Warning(s).
=JTAG, Speed=1000000Hz
Erase Done.
Programming Done.
Verify OK.
EE445Llabs\\ESP8266_4C123\\esp8266.axf" 
Connecting: Mode=JTAG, Speed=1000000Hz
Erase Done.
Programming Done.
Verify OK.
