ARM Linker, 5.03 [Build 76] [MDK-ARM Professional]

==============================================================================

Section Cross References

    startup.o(RESET) refers to startup.o(STACK) for StackMem
    startup.o(RESET) refers to keypad.o(i.GPIOPortD_Handler) for GPIOPortD_Handler
    startup.o(RESET) refers to keypad.o(i.GPIOPortE_Handler) for GPIOPortE_Handler
    startup.o(RESET) refers to uart.o(i.UART0_Handler) for UART0_Handler
    startup.o(RESET) refers to esp8266.o(i.UART1_Handler) for UART1_Handler
    startup.o(RESET) refers to keypad.o(i.Timer0A_Handler) for Timer0A_Handler
    startup.o(RESET) refers to switch.o(i.Timer1A_Handler) for Timer1A_Handler
    startup.o(RESET) refers to speaker.o(i.Timer2A_Handler) for Timer2A_Handler
    startup.o(RESET) refers to switch.o(i.GPIOPortF_Handler) for GPIOPortF_Handler
    startup.o(RESET) refers to entry.o(.ARM.Collect$$$$00000000) for __main
    main.o(i.main) refers to startup.o(.text) for DisableInterrupts
    main.o(i.main) refers to pll.o(i.PLL_Init) for PLL_Init
    main.o(i.main) refers to fsm.o(i.System_Init) for System_Init
    main.o(i.main) refers to fsm.o(i.ChangeState) for ChangeState
    main.o(i.main) refers to solenoid.o(i.Solenoid_Out) for Solenoid_Out
    main.o(i.main) refers to fsm.o(i.UpdateState) for UpdateState
    main.o(i.main2) refers to startup.o(.text) for DisableInterrupts
    main.o(i.main2) refers to pll.o(i.PLL_Init) for PLL_Init
    main.o(i.main2) refers to uart.o(i.Output_Init) for Output_Init
    main.o(i.main2) refers to printf3.o(i.__0printf$3) for __2printf
    main.o(i.main2) refers to esp8266.o(i.ESP8266_InitUART) for ESP8266_InitUART
    main.o(i.main2) refers to esp8266.o(i.ESP8266_EnableRXInterrupt) for ESP8266_EnableRXInterrupt
    main.o(i.main2) refers to esp8266.o(i.ESP8266SendCommand) for ESP8266SendCommand
    main.o(i.main2) refers to uart.o(i.UART_InChar) for UART_InChar
    main.o(i.main2) refers to uart.o(i.UART_InCharNonBlock) for UART_InCharNonBlock
    main.o(i.main2) refers to esp8266.o(i.ESP8266_PrintChar) for ESP8266_PrintChar
    esp8266.o(i.DelayMsSearching) refers to esp8266.o(.data) for SearchFound
    esp8266.o(i.ESP8266FIFOtoBuffer) refers to uart.o(i.UART_OutCharNonBlock) for UART_OutCharNonBlock
    esp8266.o(i.ESP8266FIFOtoBuffer) refers to esp8266.o(i.SearchCheck) for SearchCheck
    esp8266.o(i.ESP8266FIFOtoBuffer) refers to esp8266.o(i.ServerResponseSearchCheck) for ServerResponseSearchCheck
    esp8266.o(i.ESP8266FIFOtoBuffer) refers to esp8266.o(.data) for ESP8266_EchoResponse
    esp8266.o(i.ESP8266FIFOtoBuffer) refers to esp8266.o(.bss) for RXBuffer
    esp8266.o(i.ESP8266ProcessInput) refers to strstr.o(.text) for strstr
    esp8266.o(i.ESP8266ProcessInput) refers to printf3.o(i.__0printf$3) for __2printf
    esp8266.o(i.ESP8266ProcessInput) refers to esp8266.o(.data) for ESP8266_PageRequested
    esp8266.o(i.ESP8266SendCommand) refers to esp8266.o(i.ESP8266_PrintChar) for ESP8266_PrintChar
    esp8266.o(i.ESP8266_CloseTCPConnection) refers to esp8266.o(i.SearchStart) for SearchStart
    esp8266.o(i.ESP8266_CloseTCPConnection) refers to esp8266.o(i.ESP8266SendCommand) for ESP8266SendCommand
    esp8266.o(i.ESP8266_CloseTCPConnection) refers to esp8266.o(i.DelayMsSearching) for DelayMsSearching
    esp8266.o(i.ESP8266_CloseTCPConnection) refers to esp8266.o(.data) for SearchFound
    esp8266.o(i.ESP8266_ConfigureAccessPoint) refers to esp8266.o(i.SearchStart) for SearchStart
    esp8266.o(i.ESP8266_ConfigureAccessPoint) refers to printf3.o(i.__0sprintf$3) for __2sprintf
    esp8266.o(i.ESP8266_ConfigureAccessPoint) refers to esp8266.o(i.ESP8266SendCommand) for ESP8266SendCommand
    esp8266.o(i.ESP8266_ConfigureAccessPoint) refers to esp8266.o(i.DelayMsSearching) for DelayMsSearching
    esp8266.o(i.ESP8266_ConfigureAccessPoint) refers to esp8266.o(.bss) for TXBuffer
    esp8266.o(i.ESP8266_ConfigureAccessPoint) refers to esp8266.o(.data) for SearchFound
    esp8266.o(i.ESP8266_DisableServer) refers to esp8266.o(i.SearchStart) for SearchStart
    esp8266.o(i.ESP8266_DisableServer) refers to printf3.o(i.__0sprintf$3) for __2sprintf
    esp8266.o(i.ESP8266_DisableServer) refers to esp8266.o(i.ESP8266SendCommand) for ESP8266SendCommand
    esp8266.o(i.ESP8266_DisableServer) refers to esp8266.o(i.DelayMsSearching) for DelayMsSearching
    esp8266.o(i.ESP8266_DisableServer) refers to esp8266.o(.data) for ESP8266_ServerPort
    esp8266.o(i.ESP8266_DisableServer) refers to esp8266.o(.bss) for TXBuffer
    esp8266.o(i.ESP8266_EnableServer) refers to printf3.o(i.__0sprintf$3) for __2sprintf
    esp8266.o(i.ESP8266_EnableServer) refers to esp8266.o(i.ESP8266SendCommand) for ESP8266SendCommand
    esp8266.o(i.ESP8266_EnableServer) refers to esp8266.o(.data) for ESP8266_ServerPort
    esp8266.o(i.ESP8266_EnableServer) refers to esp8266.o(.bss) for TXBuffer
    esp8266.o(i.ESP8266_GetIPAddress) refers to esp8266.o(i.SearchStart) for SearchStart
[...]
    entry.o(.ARM.Collect$$$$00000000) refers (Special) to entry2.o(.ARM.Collect$$$$00000001) for _main_stk
    printfb.o(i.__0fprintf$bare) refers to printfb.o(i._printf_core) for _printf_core
    printfb.o(i.__0fprintf$bare) refers to uart.o(i.fputc) for fputc
    printfb.o(i.__0printf$bare) refers to printfb.o(i._printf_core) for _printf_core
    printfb.o(i.__0printf$bare) refers to uart.o(i.fputc) for fputc
    printfb.o(i.__0printf$bare) refers to stdout.o(.data) for __stdout
    printfb.o(i.__0snprintf$bare) refers to printfb.o(i._printf_core) for _printf_core
    printfb.o(i.__0snprintf$bare) refers to printfb.o(i._snputc) for _snputc
    printfb.o(i.__0sprintf$bare) refers to printfb.o(i._printf_core) for _printf_core
    printfb.o(i.__0sprintf$bare) refers to printfb.o(i._sputc) for _sputc
    printfb.o(i.__0vfprintf$bare) refers to printfb.o(i._printf_core) for _printf_core
    printfb.o(i.__0vfprintf$bare) refers to uart.o(i.fputc) for fputc
    printfb.o(i.__0vprintf$bare) refers to printfb.o(i._printf_core) for _printf_core
    printfb.o(i.__0vprintf$bare) refers to uart.o(i.fputc) for fputc
    printfb.o(i.__0vprintf$bare) refers to stdout.o(.data) for __stdout
    printfb.o(i.__0vsnprintf$bare) refers to printfb.o(i._printf_core) for _printf_core
    printfb.o(i.__0vsnprintf$bare) refers to printfb.o(i._snputc) for _snputc
    printfb.o(i.__0vsprintf$bare) refers to printfb.o(i._printf_core) for _printf_core
    printfb.o(i.__0vsprintf$bare) refers to printfb.o(i._sputc) for _sputc
    printf0.o(i.__0fprintf$0) refers to printf0.o(i._printf_core) for _printf_core
    printf0.o(i.__0fprintf$0) refers to uart.o(i.fputc) for fputc
    printf0.o(i.__0printf$0) refers to printf0.o(i._printf_core) for _printf_core
    printf0.o(i.__0printf$0) refers to uart.o(i.fputc) for fputc
    printf0.o(i.__0printf$0) refers to stdout.o(.data) for __stdout
    printf0.o(i.__0snprintf$0) refers to printf0.o(i._printf_core) for _printf_core
    printf0.o(i.__0snprintf$0) refers to printf0.o(i._snputc) for _snputc
    printf0.o(i.__0sprintf$0) refers to printf0.o(i._printf_core) for _printf_core
    printf0.o(i.__0sprintf$0) refers to printf0.o(i._sputc) for _sputc
    printf0.o(i.__0vfprintf$0) refers to printf0.o(i._printf_core) for _printf_core
    printf0.o(i.__0vfprintf$0) refers to uart.o(i.fputc) for fputc
    printf0.o(i.__0vprintf$0) refers to printf0.o(i._printf_core) for _printf_core
    printf0.o(i.__0vprintf$0) refers to uart.o(i.fputc) for fputc
    printf0.o(i.__0vprintf$0) refers to stdout.o(.data) for __stdout
    printf0.o(i.__0vsnprintf$0) refers to printf0.o(i._printf_core) for _printf_core
    printf0.o(i.__0vsnprintf$0) refers to printf0.o(i._snputc) for _snputc
    printf0.o(i.__0vsprintf$0) refers to printf0.o(i._printf_core) for _printf_core
    printf0.o(i.__0vsprintf$0) refers to printf0.o(i._sputc) for _sputc
    printf1.o(i.__0fprintf$1) refers to printf1.o(i._printf_core) for _printf_core
    printf1.o(i.__0fprintf$1) refers to uart.o(i.fputc) for fputc
    printf1.o(i.__0printf$1) refers to printf1.o(i._printf_core) for _printf_core
    printf1.o(i.__0printf$1) refers to uart.o(i.fputc) for fputc
    printf1.o(i.__0printf$1) refers to stdout.o(.data) for __stdout
    printf1.o(i.__0snprintf$1) refers to printf1.o(i._printf_core) for _printf_core
    printf1.o(i.__0snprintf$1) refers to printf1.o(i._snputc) for _snputc
    printf1.o(i.__0sprintf$1) refers to printf1.o(i._printf_core) for _printf_core
    printf1.o(i.__0sprintf$1) refers to printf1.o(i._sputc) for _sputc
    printf1.o(i.__0vfprintf$1) refers to printf1.o(i._printf_core) for _printf_core
    printf1.o(i.__0vfprintf$1) refers to uart.o(i.fputc) for fputc
    printf1.o(i.__0vprintf$1) refers to printf1.o(i._printf_core) for _printf_core
    printf1.o(i.__0vprintf$1) refers to uart.o(i.fputc) for fputc
    printf1.o(i.__0vprintf$1) refers to stdout.o(.data) for __stdout
    printf1.o(i.__0vsnprintf$1) refers to printf1.o(i._printf_core) for _printf_core
    printf1.o(i.__0vsnprintf$1) refers to printf1.o(i._snputc) for _snputc
    printf1.o(i.__0vsprintf$1) refers to printf1.o(i._printf_core) for _printf_core
    printf1.o(i.__0vsprintf$1) refers to printf1.o(i._sputc) for _sputc
    printf1.o(i._printf_core) refers to uidiv.o(.text) for __aeabi_uidivmod
    printf2.o(i.__0fprintf$2) refers to printf2.o(i._printf_core) for _printf_core
    printf2.o(i.__0fprintf$2) refers to uart.o(i.fputc) for fputc
    printf2.o(i.__0printf$2) refers to printf2.o(i._printf_core) for _printf_core
    printf2.o(i.__0printf$2) refers to uart.o(i.fputc) for fputc
    printf2.o(i.__0printf$2) refers to stdout.o(.data) for __stdout
    printf2.o(i.__0snprintf$2) refers to printf2.o(i._printf_core) for _printf_core
    printf2.o(i.__0snprintf$2) refers to printf2.o(i._snputc) for _snputc
    printf2.o(i.__0sprintf$2) refers to printf2.o(i._printf_core) for _printf_core
    printf2.o(i.__0sprintf$2) refers to printf2.o(i._sputc) for _sputc
    printf2.o(i.__0vfprintf$2) refers to printf2.o(i._printf_core) for _printf_core
    printf2.o(i.__0vfprintf$2) refers to uart.o(i.fputc) for fputc
    printf2.o(i.__0vprintf$2) refers to printf2.o(i._printf_core) for _printf_core
    printf2.o(i.__0vprintf$2) refers to uart.o(i.fputc) for fputc
    printf2.o(i.__0vprintf$2) refers to stdout.o(.data) for __stdout
    printf2.o(i.__0vsnprintf$2) refers to printf2.o(i._printf_core) for _printf_core
    printf2.o(i.__0vsnprintf$2) refers to printf2.o(i._snputc) for _snputc
    printf2.o(i.__0vsprintf$2) refers to printf2.o(i._printf_core) for _printf_core
    printf2.o(i.__0vsprintf$2) refers to printf2.o(i._sputc) for _sputc
    printf3.o(i.__0fprintf$3) refers to printf3.o(i._printf_core) for _printf_core
    printf3.o(i.__0fprintf$3) refers to uart.o(i.fputc) for fputc
    printf3.o(i.__0printf$3) refers to printf3.o(i._printf_core) for _printf_core
    printf3.o(i.__0printf$3) refers to uart.o(i.fputc) for fputc
    printf3.o(i.__0printf$3) refers to stdout.o(.data) for __stdout
    printf3.o(i.__0snprintf$3) refers to printf3.o(i._printf_core) for _printf_core
    printf3.o(i.__0snprintf$3) refers to printf3.o(i._snputc) for _snputc
    printf3.o(i.__0sprintf$3) refers to printf3.o(i._printf_core) for _printf_core
    printf3.o(i.__0sprintf$3) refers to printf3.o(i._sputc) for _sputc
    printf3.o(i.__0vfprintf$3) refers to printf3.o(i._printf_core) for _printf_core
    printf3.o(i.__0vfprintf$3) refers to uart.o(i.fputc) for fputc
    printf3.o(i.__0vprintf$3) refers to printf3.o(i._printf_core) for _printf_core
    printf3.o(i.__0vprintf$3) refers to uart.o(i.fputc) for fputc
    printf3.o(i.__0vprintf$3) refers to stdout.o(.data) for __stdout
    printf3.o(i.__0vsnprintf$3) refers to printf3.o(i._printf_core) for _printf_core
    printf3.o(i.__0vsnprintf$3) refers to printf3.o(i._snputc) for _snputc
    printf3.o(i.__0vsprintf$3) refers to printf3.o(i._printf_core) for _printf_core
    printf3.o(i.__0vsprintf$3) refers to printf3.o(i._sputc) for _sputc
    printf3.o(i._printf_core) refers to uidiv.o(.text) for __aeabi_uidivmod
    printf4.o(i.__0fprintf$4) refers to printf4.o(i._printf_core) for _printf_core
    printf4.o(i.__0fprintf$4) refers to uart.o(i.fputc) for fputc
    printf4.o(i.__0printf$4) refers to printf4.o(i._printf_core) for _printf_core
    printf4.o(i.__0printf$4) refers to uart.o(i.fputc) for fputc
    printf4.o(i.__0printf$4) refers to stdout.o(.data) for __stdout
    printf4.o(i.__0snprintf$4) refers to printf4.o(i._printf_core) for _printf_core
    printf4.o(i.__0snprintf$4) refers to printf4.o(i._snputc) for _snputc
    printf4.o(i.__0sprintf$4) refers to printf4.o(i._printf_core) for _printf_core
    printf4.o(i.__0sprintf$4) refers to printf4.o(i._sputc) for _sputc
    printf4.o(i.__0vfprintf$4) refers to printf4.o(i._printf_core) for _printf_core
    printf4.o(i.__0vfprintf$4) refers to uart.o(i.fputc) for fputc
    printf4.o(i.__0vprintf$4) refers to printf4.o(i._printf_core) for _printf_core
    printf4.o(i.__0vprintf$4) refers to uart.o(i.fputc) for fputc
    printf4.o(i.__0vprintf$4) refers to stdout.o(.data) for __stdout
    printf4.o(i.__0vsnprintf$4) refers to printf4.o(i._printf_core) for _printf_core
    printf4.o(i.__0vsnprintf$4) refers to printf4.o(i._snputc) for _snputc
    printf4.o(i.__0vsprintf$4) refers to printf4.o(i._printf_core) for _printf_core
    printf4.o(i.__0vsprintf$4) refers to printf4.o(i._sputc) for _sputc
    printf4.o(i._printf_core) refers to uldiv.o(.text) for __aeabi_uldivmod
    printf5.o(i.__0fprintf$5) refers to printf5.o(i._printf_core) for _printf_core
    printf5.o(i.__0fprintf$5) refers to uart.o(i.fputc) for fputc
    printf5.o(i.__0printf$5) refers to printf5.o(i._printf_core) for _printf_core
    printf5.o(i.__0printf$5) refers to uart.o(i.fputc) for fputc
    printf5.o(i.__0printf$5) refers to stdout.o(.data) for __stdout
    printf5.o(i.__0snprintf$5) refers to printf5.o(i._printf_core) for _printf_core
    printf5.o(i.__0snprintf$5) refers to printf5.o(i._snputc) for _snputc
    printf5.o(i.__0sprintf$5) refers to printf5.o(i._printf_core) for _printf_core
    printf5.o(i.__0sprintf$5) refers to printf5.o(i._sputc) for _sputc
    printf5.o(i.__0vfprintf$5) refers to printf5.o(i._printf_core) for _printf_core
    printf5.o(i.__0vfprintf$5) refers to uart.o(i.fputc) for fputc
    printf5.o(i.__0vprintf$5) refers to printf5.o(i._printf_core) for _printf_core
    printf5.o(i.__0vprintf$5) refers to uart.o(i.fputc) for fputc
    printf5.o(i.__0vprintf$5) refers to stdout.o(.data) for __stdout
    printf5.o(i.__0vsnprintf$5) refers to printf5.o(i._printf_core) for _printf_core
    printf5.o(i.__0vsnprintf$5) refers to printf5.o(i._snputc) for _snputc
    printf5.o(i.__0vsprintf$5) refers to printf5.o(i._printf_core) for _printf_core
    printf5.o(i.__0vsprintf$5) refers to printf5.o(i._sputc) for _sputc
    printf5.o(i._printf_core) refers to uldiv.o(.text) for __aeabi_uldivmod
    printf6.o(i.__0fprintf$6) refers to printf6.o(i._printf_core) for _printf_core
    printf6.o(i.__0fprintf$6) refers to uart.o(i.fputc) for fputc
    printf6.o(i.__0printf$6) refers to printf6.o(i._printf_core) for _printf_core
    printf6.o(i.__0printf$6) refers to uart.o(i.fputc) for fputc
    printf6.o(i.__0printf$6) refers to stdout.o(.data) for __stdout
    printf6.o(i.__0snprintf$6) refers to printf6.o(i._printf_core) for _printf_core
    printf6.o(i.__0snprintf$6) refers to printf6.o(i._snputc) for _snputc
    printf6.o(i.__0sprintf$6) refers to printf6.o(i._printf_core) for _printf_core
    printf6.o(i.__0sprintf$6) refers to printf6.o(i._sputc) for _sputc
    printf6.o(i.__0vfprintf$6) refers to printf6.o(i._printf_core) for _printf_core
    printf6.o(i.__0vfprintf$6) refers to uart.o(i.fputc) for fputc
    printf6.o(i.__0vprintf$6) refers to printf6.o(i._printf_core) for _printf_core
    printf6.o(i.__0vprintf$6) refers to uart.o(i.fputc) for fputc
    printf6.o(i.__0vprintf$6) refers to stdout.o(.data) for __stdout
    printf6.o(i.__0vsnprintf$6) refers to printf6.o(i._printf_core) for _printf_core
    printf6.o(i.__0vsnprintf$6) refers to printf6.o(i._snputc) for _snputc
    printf6.o(i.__0vsprintf$6) refers to printf6.o(i._printf_core) for _printf_core
    printf6.o(i.__0vsprintf$6) refers to printf6.o(i._sputc) for _sputc
    printf6.o(i._printf_core) refers to printf6.o(i._printf_pre_padding) for _printf_pre_padding
    printf6.o(i._printf_core) refers to uidiv.o(.text) for __aeabi_uidivmod
    printf6.o(i._printf_core) refers to printf6.o(i._printf_post_padding) for _printf_post_padding
    printf7.o(i.__0fprintf$7) refers to printf7.o(i._printf_core) for _printf_core
    printf7.o(i.__0fprintf$7) refers to uart.o(i.fputc) for fputc
    printf7.o(i.__0printf$7) refers to printf7.o(i._printf_core) for _printf_core
    printf7.o(i.__0printf$7) refers to uart.o(i.fputc) for fputc
    printf7.o(i.__0printf$7) refers to stdout.o(.data) for __stdout
    printf7.o(i.__0snprintf$7) refers to printf7.o(i._printf_core) for _printf_core
    printf7.o(i.__0snprintf$7) refers to printf7.o(i._snputc) for _snputc
    printf7.o(i.__0sprintf$7) refers to printf7.o(i._printf_core) for _printf_core
    printf7.o(i.__0sprintf$7) refers to printf7.o(i._sputc) for _sputc
    printf7.o(i.__0vfprintf$7) refers to printf7.o(i._printf_core) for _printf_core
    printf7.o(i.__0vfprintf$7) refers to uart.o(i.fputc) for fputc
    printf7.o(i.__0vprintf$7) refers to printf7.o(i._printf_core) for _printf_core
    printf7.o(i.__0vprintf$7) refers to uart.o(i.fputc) for fputc
    printf7.o(i.__0vprintf$7) refers to stdout.o(.data) for __stdout
    printf7.o(i.__0vsnprintf$7) refers to printf7.o(i._printf_core) for _printf_core
    printf7.o(i.__0vsnprintf$7) refers to printf7.o(i._snputc) for _snputc
    printf7.o(i.__0vsprintf$7) refers to printf7.o(i._printf_core) for _printf_core
    printf7.o(i.__0vsprintf$7) refers to printf7.o(i._sputc) for _sputc
    printf7.o(i._printf_core) refers to printf7.o(i._printf_pre_padding) for _printf_pre_padding
    printf7.o(i._printf_core) refers to uldiv.o(.text) for __aeabi_uldivmod
    printf7.o(i._printf_core) refers to printf7.o(i._printf_post_padding) for _printf_post_padding
    printf8.o(i.__0fprintf$8) refers to printf8.o(i._printf_core) for _printf_core
    printf8.o(i.__0fprintf$8) refers to uart.o(i.fputc) for fputc
    printf8.o(i.__0printf$8) refers to printf8.o(i._printf_core) for _printf_core
    printf8.o(i.__0printf$8) refers to uart.o(i.fputc) for fputc
    printf8.o(i.__0printf$8) refers to stdout.o(.data) for __stdout
    printf8.o(i.__0snprintf$8) refers to printf8.o(i._printf_core) for _printf_core
    printf8.o(i.__0snprintf$8) refers to printf8.o(i._snputc) for _snputc
    printf8.o(i.__0sprintf$8) refers to printf8.o(i._printf_core) for _printf_core
    printf8.o(i.__0sprintf$8) refers to printf8.o(i._sputc) for _sputc
    printf8.o(i.__0vfprintf$8) refers to printf8.o(i._printf_core) for _printf_core
    printf8.o(i.__0vfprintf$8) refers to uart.o(i.fputc) for fputc
    printf8.o(i.__0vprintf$8) refers to printf8.o(i._printf_core) for _printf_core
    printf8.o(i.__0vprintf$8) refers to uart.o(i.fputc) for fputc
    printf8.o(i.__0vprintf$8) refers to stdout.o(.data) for __stdout
    printf8.o(i.__0vsnprintf$8) refers to printf8.o(i._printf_core) for _printf_core
    printf8.o(i.__0vsnprintf$8) refers to printf8.o(i._snputc) for _snputc
    printf8.o(i.__0vsprintf$8) refers to printf8.o(i._printf_core) for _printf_core
    printf8.o(i.__0vsprintf$8) refers to printf8.o(i._sputc) for _sputc
    printf8.o(i._printf_core) refers to printf8.o(i._printf_pre_padding) for _printf_pre_padding
    printf8.o(i._printf_core) refers to uldiv.o(.text) for __aeabi_uldivmod
    printf8.o(i._printf_core) refers to printf8.o(i._printf_post_padding) for _printf_post_padding
    printfa.o(i.__0fprintf) refers (Special) to iusefp.o(.text) for __I$use$fp
    printfa.o(i.__0fprintf) refers to printfa.o(i._printf_core) for _printf_core
    printfa.o(i.__0fprintf) refers to uart.o(i.fputc) for fputc
    printfa.o(i.__0printf) refers (Special) to iusefp.o(.text) for __I$use$fp
    printfa.o(i.__0printf) refers to printfa.o(i._printf_core) for _printf_core
    printfa.o(i.__0printf) refers to uart.o(i.fputc) for fputc
    printfa.o(i.__0printf) refers to stdout.o(.data) for __stdout
    printfa.o(i.__0snprintf) refers (Special) to iusefp.o(.text) for __I$use$fp
    printfa.o(i.__0snprintf) refers to printfa.o(i._printf_core) for _printf_core
    printfa.o(i.__0snprintf) refers to printfa.o(i._snputc) for _snputc
    printfa.o(i.__0sprintf) refers (Special) to iusefp.o(.text) for __I$use$fp
    printfa.o(i.__0sprintf) refers to printfa.o(i._printf_core) for _printf_core
    printfa.o(i.__0sprintf) refers to printfa.o(i._sputc) for _sputc
    printfa.o(i.__0vfprintf) refers (Special) to iusefp.o(.text) for __I$use$fp
    printfa.o(i.__0vfprintf) refers to printfa.o(i._printf_core) for _printf_core
    printfa.o(i.__0vfprintf) refers to uart.o(i.fputc) for fputc
    printfa.o(i.__0vprintf) refers (Special) to iusefp.o(.text) for __I$use$fp
    printfa.o(i.__0vprintf) refers to printfa.o(i._printf_core) for _printf_core
    printfa.o(i.__0vprintf) refers to uart.o(i.fputc) for fputc
    printfa.o(i.__0vprintf) refers to stdout.o(.data) for __stdout
    printfa.o(i.__0vsnprintf) refers (Special) to iusefp.o(.text) for __I$use$fp
    printfa.o(i.__0vsnprintf) refers to printfa.o(i._printf_core) for _printf_core
    printfa.o(i.__0vsnprintf) refers to printfa.o(i._snputc) for _snputc
    printfa.o(i.__0vsprintf) refers (Special) to iusefp.o(.text) for __I$use$fp
    printfa.o(i.__0vsprintf) refers to printfa.o(i._printf_core) for _printf_core
    printfa.o(i.__0vsprintf) refers to printfa.o(i._sputc) for _sputc
    printfa.o(i._fp_digits) refers (Special) to iusefp.o(.text) for __I$use$fp
    printfa.o(i._fp_digits) refers to dmul.o(.text) for __aeabi_dmul
    printfa.o(i._fp_digits) refers to ddiv.o(.text) for __aeabi_ddiv
    printfa.o(i._fp_digits) refers to cdrcmple.o(.text) for __aeabi_cdrcmple
    printfa.o(i._fp_digits) refers to dadd.o(.text) for __aeabi_dadd
    printfa.o(i._fp_digits) refers to dfixul.o(.text) for __aeabi_d2ulz
    printfa.o(i._fp_digits) refers to uldiv.o(.text) for __aeabi_uldivmod
    printfa.o(i._printf_core) refers (Special) to iusefp.o(.text) for __I$use$fp
    printfa.o(i._printf_core) refers to printfa.o(i._printf_pre_padding) for _printf_pre_padding
    printfa.o(i._printf_core) refers to uldiv.o(.text) for __aeabi_uldivmod
    printfa.o(i._printf_core) refers to printfa.o(i._printf_post_padding) for _printf_post_padding
    printfa.o(i._printf_core) refers to printfa.o(i._fp_digits) for _fp_digits
    printfa.o(i._printf_core) refers to uidiv.o(.text) for __aeabi_uidivmod
    printfa.o(i._printf_post_padding) refers (Special) to iusefp.o(.text) for __I$use$fp
    printfa.o(i._printf_pre_padding) refers (Special) to iusefp.o(.text) for __I$use$fp
    printfa.o(i._snputc) refers (Special) to iusefp.o(.text) for __I$use$fp
    printfa.o(i._sputc) refers (Special) to iusefp.o(.text) for __I$use$fp
    entry2.o(.ARM.Collect$$$$00000001) refers to entry2.o(.ARM.Collect$$$$00002712) for __lit__00000000
    entry2.o(.ARM.Collect$$$$00002712) refers to startup.o(STACK) for __initial_sp
    entry2.o(__vectab_stack_and_reset_area) refers to startup.o(STACK) for __initial_sp
    entry2.o(__vectab_stack_and_reset_area) refers to entry.o(.ARM.Collect$$$$00000000) for __main
    entry5.o(.ARM.Collect$$$$00000004) refers to init.o(.text) for __scatterload
    entry9a.o(.ARM.Collect$$$$0000000B) refers to main.o(i.main) for main
    entry9b.o(.ARM.Collect$$$$0000000C) refers to main.o(i.main) for main
    uldiv.o(.text) refers to llushr.o(.text) for __aeabi_llsr
    uldiv.o(.text) refers to llshl.o(.text) for __aeabi_llsl
    dadd.o(.text) refers to llshl.o(.text) for __aeabi_llsl
    dadd.o(.text) refers to llsshr.o(.text) for __aeabi_lasr
    dadd.o(.text) refers to depilogue.o(.text) for _double_epilogue
    dmul.o(.text) refers to depilogue.o(.text) for _double_epilogue
    ddiv.o(.text) refers to depilogue.o(.text) for _double_round
    dfixul.o(.text) refers to llushr.o(.text) for __aeabi_llsr
    dfixul.o(.text) refers to llshl.o(.text) for __aeabi_llsl
    init.o(.text) refers to entry5.o(.ARM.Collect$$$$00000004) for __main_after_scatterload
    depilogue.o(.text) refers to llshl.o(.text) for __aeabi_llsl
    depilogue.o(.text) refers to llushr.o(.text) for __aeabi_llsr


==============================================================================

Removing Unused input sections from the image.

    Removing startup.o(HEAP), (0 bytes).
    Removing main.o(i.DelayWait10ms), (32 bytes).
    Removing main.o(i.main2), (132 bytes).
    Removing main.o(.data), (80 bytes).
    Removing esp8266.o(i.ESP8266ProcessInput), (148 bytes).
    Removing esp8266.o(i.ESP8266_ConfigureAccessPoint), (120 bytes).
    Removing esp8266.o(i.ESP8266_DisableRXInterrupt), (12 bytes).
    Removing esp8266.o(i.ESP8266_DisableServer), (96 bytes).
    Removing esp8266.o(i.ESP8266_EnableServer), (56 bytes).
    Removing esp8266.o(i.ESP8266_QuitAccessPoint), (68 bytes).
    Removing esp8266.o(i.ESP8266_SetConnectionMux), (88 bytes).
    Removing esp8266.o(i.ESP8266_SetServerTimeout), (52 bytes).
    Removing esp8266.o(i.HTTP_ServePage), (140 bytes).
    Removing esp8266.o(.constdata), (318 bytes).
    Removing uart.o(i.RxFifo_Get), (60 bytes).
    Removing uart.o(i.UART_InChar), (20 bytes).
    Removing uart.o(i.UART_InCharNonBlock), (20 bytes).
    Removing uart.o(i.UART_InString), (70 bytes).
    Removing uart.o(i.UART_InUDec), (76 bytes).
    Removing uart.o(i.UART_InUHex), (108 bytes).
    Removing uart.o(i.UART_OutString), (22 bytes).
    Removing uart.o(i.UART_OutUDec), (42 bytes).
    Removing uart.o(i.UART_OutUHex), (52 bytes).
    Removing led.o(i.Board_Input), (24 bytes).
    Removing led.o(i.LED_BlueToggle), (20 bytes).
    Removing led.o(i.LED_GreenOff), (12 bytes).
    Removing led.o(i.LED_GreenOn), (12 bytes).
    Removing led.o(i.LED_GreenToggle), (20 bytes).
    Removing led.o(i.LED_Init), (108 bytes).
    Removing led.o(i.LED_RedOff), (12 bytes).
    Removing led.o(i.LED_RedOn), (12 bytes).
    Removing led.o(i.LED_RedToggle), (20 bytes).
    Removing solenoid.o(i.Solenoid_Init), (92 bytes).
    Removing st7735.o(i.Output_Clear), (10 bytes).
    Removing st7735.o(i.Output_Color), (12 bytes).
    Removing st7735.o(i.Output_Init2), (16 bytes).
    Removing st7735.o(i.Output_Off), (8 bytes).
    Removing st7735.o(i.Output_On), (8 bytes).
    Removing st7735.o(i.ST7735_Color565), (24 bytes).
    Removing st7735.o(i.ST7735_DrawBitmap), (288 bytes).
    Removing st7735.o(i.ST7735_DrawChar), (268 bytes).
    Removing st7735.o(i.ST7735_DrawFastHLine), (124 bytes).
    Removing st7735.o(i.ST7735_DrawFastVLine), (124 bytes).
    Removing st7735.o(i.ST7735_InitB), (40 bytes).
    Removing st7735.o(i.ST7735_InvertDisplay), (22 bytes).
    Removing st7735.o(i.ST7735_Line), (200 bytes).
    Removing st7735.o(i.ST7735_OutUDec), (140 bytes).
    Removing st7735.o(i.ST7735_PlotBar), (88 bytes).
    Removing st7735.o(i.ST7735_PlotClear), (92 bytes).
    Removing st7735.o(i.ST7735_PlotLine), (264 bytes).
    Removing st7735.o(i.ST7735_PlotNext), (32 bytes).
    Removing st7735.o(i.ST7735_PlotNextErase), (64 bytes).
    Removing st7735.o(i.ST7735_PlotPoint), (152 bytes).
    Removing st7735.o(i.ST7735_PlotPoints), (172 bytes).
    Removing st7735.o(i.ST7735_PlotdBfs), (60 bytes).
    Removing st7735.o(i.ST7735_SetRotation), (212 bytes).
    Removing st7735.o(i.ST7735_SetTextColor), (12 bytes).
    Removing st7735.o(i.ST7735_SwapColor), (18 bytes).
    Removing st7735.o(i.ferror), (8 bytes).
    Removing st7735.o(i.fgetc), (6 bytes).
    Removing st7735.o(i.fillmessage), (72 bytes).
    Removing st7735.o(i.fputc2), (16 bytes).
    Removing st7735.o(.bss), (12 bytes).
    Removing dadd.o(.text), (334 bytes).
    Removing dmul.o(.text), (228 bytes).
    Removing ddiv.o(.text), (222 bytes).
    Removing dfixul.o(.text), (48 bytes).
    Removing cdrcmple.o(.text), (40 bytes).
    Removing depilogue.o(.text), (190 bytes).

69 unused section(s) (total 5770 bytes) removed from the image.

==============================================================================

Image Symbol Table

    Local Symbols

    Symbol Name                              Value     Ov Type        Size  Object(Section)

    RESET                                    0x00000000   Section      644  startup.o(RESET)
    ../clib/../cmprslib/zerorunl2.c          0x00000000   Number         0  __dczerorl2.o ABSOLUTE
    ../clib/microlib/division.c              0x00000000   Number         0  uidiv.o ABSOLUTE
    ../clib/microlib/division.c              0x00000000   Number         0  uldiv.o ABSOLUTE
    ../clib/microlib/init/entry.s            0x00000000   Number         0  entry2.o ABSOLUTE
    ../clib/microlib/init/entry.s            0x00000000   Number         0  entry11a.o ABSOLUTE
    ../clib/microlib/init/entry.s            0x00000000   Number         0  entry10a.o ABSOLUTE
    ../clib/microlib/init/entry.s            0x00000000   Number         0  entry9b.o ABSOLUTE
    ../clib/microlib/init/entry.s            0x00000000   Number         0  entry5.o ABSOLUTE
    ../clib/microlib/init/entry.s            0x00000000   Number         0  entry7a.o ABSOLUTE
    ../clib/microlib/init/entry.s            0x00000000   Number         0  entry7b.o ABSOLUTE
    ../clib/microlib/init/entry.s            0x00000000   Number         0  entry10b.o ABSOLUTE
    ../clib/microlib/init/entry.s            0x00000000   Number         0  entry11b.o ABSOLUTE
    ../clib/microlib/init/entry.s            0x00000000   Number         0  entry.o ABSOLUTE
    ../clib/microlib/init/entry.s            0x00000000   Number         0  entry8a.o ABSOLUTE
    ../clib/microlib/init/entry.s            0x00000000   Number         0  entry8b.o ABSOLUTE
    ../clib/microlib/init/entry.s            0x00000000   Number         0  entry9a.o ABSOLUTE
    ../clib/microlib/longlong.c              0x00000000   Number         0  llushr.o ABSOLUTE
    ../clib/microlib/longlong.c              0x00000000   Number         0  llshl.o ABSOLUTE
    ../clib/microlib/longlong.c              0x00000000   Number         0  llsshr.o ABSOLUTE
    ../clib/microlib/printf/printf.c         0x00000000   Number         0  printf0.o ABSOLUTE
    ../clib/microlib/printf/printf.c         0x00000000   Number         0  printf3.o ABSOLUTE
    ../clib/microlib/printf/printf.c         0x00000000   Number         0  printf4.o ABSOLUTE
    ../clib/microlib/printf/printf.c         0x00000000   Number         0  printf5.o ABSOLUTE
    ../clib/microlib/printf/printf.c         0x00000000   Number         0  printf2.o ABSOLUTE
    ../clib/microlib/printf/printf.c         0x00000000   Number         0  printf7.o ABSOLUTE
    ../clib/microlib/printf/printf.c         0x00000000   Number         0  printf8.o ABSOLUTE
    ../clib/microlib/printf/printf.c         0x00000000   Number         0  printfa.o ABSOLUTE
    ../clib/microlib/printf/printf.c         0x00000000   Number         0  printf1.o ABSOLUTE
    ../clib/microlib/printf/printf.c         0x00000000   Number         0  printf6.o ABSOLUTE
    ../clib/microlib/printf/printf.c         0x00000000   Number         0  printfb.o ABSOLUTE
    ../clib/microlib/printf/stubs.s          0x00000000   Number         0  stubs.o ABSOLUTE
    ../clib/microlib/stdio/streams.c         0x00000000   Number         0  stdout.o ABSOLUTE
    ../clib/microlib/string/memcpy.c         0x00000000   Number         0  memcpya.o ABSOLUTE
    ../clib/microlib/string/memcpy.c         0x00000000   Number         0  memcpyb.o ABSOLUTE
    ../clib/microlib/string/strcpy.c         0x00000000   Number         0  strcpy.o ABSOLUTE
    ../clib/microlib/string/strlen.c         0x00000000   Number         0  strlen.o ABSOLUTE
    ../clib/microlib/string/strstr.c         0x00000000   Number         0  strstr.o ABSOLUTE
    ../clib/microlib/stubs.s                 0x00000000   Number         0  iusefp.o ABSOLUTE
    ../fplib/microlib/fpadd.c                0x00000000   Number         0  dadd.o ABSOLUTE
    ../fplib/microlib/fpdiv.c                0x00000000   Number         0  ddiv.o ABSOLUTE
    ../fplib/microlib/fpepilogue.c           0x00000000   Number         0  depilogue.o ABSOLUTE
    ../fplib/microlib/fpfix.c                0x00000000   Number         0  dfixul.o ABSOLUTE
    ../fplib/microlib/fpmul.c                0x00000000   Number         0  dmul.o ABSOLUTE
    FSM.c                                    0x00000000   Number         0  fsm.o ABSOLUTE
    LED.c                                    0x00000000   Number         0  led.o ABSOLUTE
    ST7735.c                                 0x00000000   Number         0  st7735.o ABSOLUTE
    UART.c                                   0x00000000   Number         0  uart.o ABSOLUTE
    cdrcmple.s                               0x00000000   Number         0  cdrcmple.o ABSOLUTE
    dc.s                                     0x00000000   Number         0  dc.o ABSOLUTE
    esp8266.c                                0x00000000   Number         0  esp8266.o ABSOLUTE
    handlers.s                               0x00000000   Number         0  handlers.o ABSOLUTE
    init.s                                   0x00000000   Number         0  init.o ABSOLUTE
    keypad.c                                 0x00000000   Number         0  keypad.o ABSOLUTE
    main.c                                   0x00000000   Number         0  main.o ABSOLUTE
    pll.c                                    0x00000000   Number         0  pll.o ABSOLUTE
    solenoid.c                               0x00000000   Number         0  solenoid.o ABSOLUTE
    speaker.c                                0x00000000   Number         0  speaker.o ABSOLUTE
    startup.s                                0x00000000   Number         0  startup.o ABSOLUTE
    switch.c                                 0x00000000   Number         0  switch.o ABSOLUTE
    .ARM.Collect$$$$00000000                 0x00000284   Section        0  entry.o(.ARM.Collect$$$$00000000)
    .ARM.Collect$$$$00000001                 0x00000284   Section        4  entry2.o(.ARM.Collect$$$$00000001)
    .ARM.Collect$$$$00000004                 0x00000288   Section        4  entry5.o(.ARM.Collect$$$$00000004)
    .ARM.Collect$$$$00000008                 0x0000028c   Section        0  entry7b.o(.ARM.Collect$$$$00000008)
    .ARM.Collect$$$$0000000A                 0x0000028c   Section        0  entry8b.o(.ARM.Collect$$$$0000000A)
    .ARM.Collect$$$$0000000B                 0x0000028c   Section        8  entry9a.o(.ARM.Collect$$$$0000000B)
    .ARM.Collect$$$$0000000D                 0x00000294   Section        0  entry10a.o(.ARM.Collect$$$$0000000D)
    .ARM.Collect$$$$0000000F                 0x00000294   Section        0  entry11a.o(.ARM.Collect$$$$0000000F)
    .ARM.Collect$$$$00002712                 0x00000294   Section        4  entry2.o(.ARM.Collect$$$$00002712)
    __lit__00000000                          0x00000294   Data           4  entry2.o(.ARM.Collect$$$$00002712)
    .text                                    0x00000298   Section       28  startup.o(.text)
    .text                                    0x000002b4   Section        0  strlen.o(.text)
    .text                                    0x000002c2   Section        0  strcpy.o(.text)
    .text                                    0x000002d4   Section        0  uidiv.o(.text)
    .text                                    0x00000300   Section       36  init.o(.text)
    .text                                    0x00000324   Section        0  __dczerorl2.o(.text)
    i.ChangeKeycode                          0x00000380   Section        0  fsm.o(i.ChangeKeycode)
    ChangeKeycode                            0x00000381   Thumb Code    30  fsm.o(i.ChangeKeycode)
    i.ChangeState                            0x000003a8   Section        0  fsm.o(i.ChangeState)
    i.Delay1ms                               0x000004cc   Section        0  st7735.o(i.Delay1ms)
    i.DelayMs                                0x000004ec   Section        0  esp8266.o(i.DelayMs)
    i.DelayMsSearching                       0x0000050c   Section        0  esp8266.o(i.DelayMsSearching)
    i.ESP8266FIFOtoBuffer                    0x0000053c   Section        0  esp8266.o(i.ESP8266FIFOtoBuffer)
    i.ESP8266SendCommand                     0x000005b8   Section        0  esp8266.o(i.ESP8266SendCommand)
    i.ESP8266_CloseTCPConnection             0x000005d4   Section        0  esp8266.o(i.ESP8266_CloseTCPConnection)
    i.ESP8266_EnableRXInterrupt              0x0000061c   Section        0  esp8266.o(i.ESP8266_EnableRXInterrupt)
    i.ESP8266_GetIPAddress                   0x00000628   Section        0  esp8266.o(i.ESP8266_GetIPAddress)
    i.ESP8266_GetStatus                      0x0000066c   Section        0  esp8266.o(i.ESP8266_GetStatus)
    i.ESP8266_GetVersionNumber               0x000006b4   Section        0  esp8266.o(i.ESP8266_GetVersionNumber)
    i.ESP8266_Init                           0x000006f8   Section        0  esp8266.o(i.ESP8266_Init)
    i.ESP8266_InitUART                       0x000008fc   Section        0  esp8266.o(i.ESP8266_InitUART)
    i.ESP8266_JoinAccessPoint                0x00000a0c   Section        0  esp8266.o(i.ESP8266_JoinAccessPoint)
    i.ESP8266_ListAccessPoints               0x00000a70   Section        0  esp8266.o(i.ESP8266_ListAccessPoints)
    i.ESP8266_MakeTCPConnection              0x00000ab4   Section        0  esp8266.o(i.ESP8266_MakeTCPConnection)
    i.ESP8266_PrintChar                      0x00000b18   Section        0  esp8266.o(i.ESP8266_PrintChar)
    i.ESP8266_Reset                          0x00000b30   Section        0  esp8266.o(i.ESP8266_Reset)
    i.ESP8266_SendTCP                        0x00000ba4   Section        0  esp8266.o(i.ESP8266_SendTCP)
    i.ESP8266_SetDataTransmissionMode        0x00000c24   Section        0  esp8266.o(i.ESP8266_SetDataTransmissionMode)
    i.ESP8266_SetWifiMode                    0x00000c7c   Section        0  esp8266.o(i.ESP8266_SetWifiMode)
    i.EnableSystem                           0x00000cdc   Section        0  fsm.o(i.EnableSystem)
    EnableSystem                             0x00000cdd   Thumb Code    14  fsm.o(i.EnableSystem)
    i.GPIOArm                                0x00000cf4   Section        0  keypad.o(i.GPIOArm)
    GPIOArm                                  0x00000cf5   Thumb Code    96  keypad.o(i.GPIOArm)
    i.GPIOArm                                0x00000d68   Section        0  switch.o(i.GPIOArm)
    GPIOArm                                  0x00000d69   Thumb Code    48  switch.o(i.GPIOArm)
    i.GPIOPortD_Handler                      0x00000da4   Section        0  keypad.o(i.GPIOPortD_Handler)
    i.GPIOPortE_Handler                      0x00000dc0   Section        0  keypad.o(i.GPIOPortE_Handler)
    i.GPIOPortF_Handler                      0x00000ddc   Section        0  switch.o(i.GPIOPortF_Handler)
    i.GetDoorStatus                          0x00000e34   Section        0  switch.o(i.GetDoorStatus)
    i.KeypadPress                            0x00000e40   Section        0  fsm.o(i.KeypadPress)
    KeypadPress                              0x00000e41   Thumb Code    36  fsm.o(i.KeypadPress)
    i.Keypad_Handler                         0x00000e6c   Section        0  keypad.o(i.Keypad_Handler)
    i.Keypad_Init                            0x00000f48   Section        0  keypad.o(i.Keypad_Init)
    i.MagnetOpen                             0x000010ac   Section        0  fsm.o(i.MagnetOpen)
    MagnetOpen                               0x000010ad   Thumb Code    14  fsm.o(i.MagnetOpen)
    i.Output_Init                            0x000010c4   Section        0  uart.o(i.Output_Init)
    i.PLL_Init                               0x000010cc   Section        0  pll.o(i.PLL_Init)
    i.ResetState                             0x00001148   Section        0  fsm.o(i.ResetState)
    ResetState                               0x00001149   Thumb Code    34  fsm.o(i.ResetState)
    i.RxFifo_Init                            0x00001188   Section        0  uart.o(i.RxFifo_Init)
    i.RxFifo_Put                             0x000011ac   Section        0  uart.o(i.RxFifo_Put)
    i.RxFifo_Size                            0x000011e8   Section        0  uart.o(i.RxFifo_Size)
    i.ST7735_DrawCharS                       0x00001200   Section        0  st7735.o(i.ST7735_DrawCharS)
    i.ST7735_DrawPixel                       0x000012f4   Section        0  st7735.o(i.ST7735_DrawPixel)
    i.ST7735_DrawString                      0x0000133c   Section        0  st7735.o(i.ST7735_DrawString)
    i.ST7735_FillRect                        0x00001390   Section        0  st7735.o(i.ST7735_FillRect)
    i.ST7735_FillScreen                      0x0000143c   Section        0  st7735.o(i.ST7735_FillScreen)
    i.ST7735_InitR                           0x00001460   Section        0  st7735.o(i.ST7735_InitR)
    i.ST7735_OutChar                         0x000014dc   Section        0  st7735.o(i.ST7735_OutChar)
    i.ST7735_OutString                       0x000015b0   Section        0  st7735.o(i.ST7735_OutString)
    i.ST7735_SetCursor                       0x000015c8   Section        0  st7735.o(i.ST7735_SetCursor)
    i.SearchCheck                            0x000015e8   Section        0  esp8266.o(i.SearchCheck)
    i.SearchStart                            0x0000163c   Section        0  esp8266.o(i.SearchStart)
    i.ServerResponseSearchCheck              0x0000166c   Section        0  esp8266.o(i.ServerResponseSearchCheck)
    i.ServerResponseSearchStart              0x00001740   Section        0  esp8266.o(i.ServerResponseSearchStart)
    i.Solenoid_Out                           0x00001780   Section        0  solenoid.o(i.Solenoid_Out)
    i.SpeakerDisable                         0x0000178c   Section        0  speaker.o(i.SpeakerDisable)
    i.SpeakerEnable                          0x000017a0   Section        0  speaker.o(i.SpeakerEnable)
    i.Speaker_Init                           0x000017b4   Section        0  speaker.o(i.Speaker_Init)
    i.StateChange1                           0x00001814   Section        0  fsm.o(i.StateChange1)
    StateChange1                             0x00001815   Thumb Code   110  fsm.o(i.StateChange1)
    i.StateChange2                           0x000018c8   Section        0  fsm.o(i.StateChange2)
    StateChange2                             0x000018c9   Thumb Code    64  fsm.o(i.StateChange2)
    i.StateChange3                           0x00001924   Section        0  fsm.o(i.StateChange3)
    StateChange3                             0x00001925   Thumb Code    68  fsm.o(i.StateChange3)
    i.StateOff                               0x00001984   Section        0  fsm.o(i.StateOff)
    StateOff                                 0x00001985   Thumb Code    36  fsm.o(i.StateOff)
    i.StateOn                                0x000019b4   Section        0  fsm.o(i.StateOn)
    StateOn                                  0x000019b5   Thumb Code   122  fsm.o(i.StateOn)
    i.StateOpen                              0x00001a6c   Section        0  fsm.o(i.StateOpen)
    StateOpen                                0x00001a6d   Thumb Code   114  fsm.o(i.StateOpen)
    i.StateWaiting                           0x00001b1c   Section        0  fsm.o(i.StateWaiting)
    StateWaiting                             0x00001b1d   Thumb Code   130  fsm.o(i.StateWaiting)
    i.Switch_Init                            0x00001be4   Section        0  switch.o(i.Switch_Init)
    i.System_Init                            0x00001ce4   Section        0  fsm.o(i.System_Init)
    i.Timer0A_Handler                        0x00001d40   Section        0  keypad.o(i.Timer0A_Handler)
    i.Timer0Arm                              0x00001d74   Section        0  keypad.o(i.Timer0Arm)
    Timer0Arm                                0x00001d75   Thumb Code    60  keypad.o(i.Timer0Arm)
    i.Timer1A_Handler                        0x00001dc0   Section        0  switch.o(i.Timer1A_Handler)
    i.Timer1Arm                              0x00001dfc   Section        0  switch.o(i.Timer1Arm)
    Timer1Arm                                0x00001dfd   Thumb Code    60  switch.o(i.Timer1Arm)
    i.Timer2A_Handler                        0x00001e48   Section        0  speaker.o(i.Timer2A_Handler)
    i.Timer2_Arm                             0x00001e64   Section        0  speaker.o(i.Timer2_Arm)
    Timer2_Arm                               0x00001e65   Thumb Code    92  speaker.o(i.Timer2_Arm)
    i.Timer3_Init                            0x00001ed4   Section        0  fsm.o(i.Timer3_Init)
    Timer3_Init                              0x00001ed5   Thumb Code    42  fsm.o(i.Timer3_Init)
    i.Timer4_Init                            0x00001f08   Section        0  fsm.o(i.Timer4_Init)
    Timer4_Init                              0x00001f09   Thumb Code    42  fsm.o(i.Timer4_Init)
    i.TxFifo_Get                             0x00001f3c   Section        0  uart.o(i.TxFifo_Get)
    i.TxFifo_Init                            0x00001f78   Section        0  uart.o(i.TxFifo_Init)
    i.TxFifo_Put                             0x00001f9c   Section        0  uart.o(i.TxFifo_Put)
    i.TxFifo_Size                            0x00001fd8   Section        0  uart.o(i.TxFifo_Size)
    i.UART0_Handler                          0x00001ff0   Section        0  uart.o(i.UART0_Handler)
    i.UART1_Handler                          0x00002048   Section        0  esp8266.o(i.UART1_Handler)
    i.UART_Init                              0x00002078   Section        0  uart.o(i.UART_Init)
    i.UART_OutChar                           0x00002140   Section        0  uart.o(i.UART_OutChar)
    i.UART_OutCharNonBlock                   0x00002174   Section        0  uart.o(i.UART_OutCharNonBlock)
    i.UpdateKey                              0x000021a8   Section        0  fsm.o(i.UpdateKey)
    UpdateKey                                0x000021a9   Thumb Code    80  fsm.o(i.UpdateKey)
    i.UpdateState                            0x0000222c   Section        0  fsm.o(i.UpdateState)
    i.ValidateKey                            0x0000228c   Section        0  fsm.o(i.ValidateKey)
    ValidateKey                              0x0000228d   Thumb Code    56  fsm.o(i.ValidateKey)
    i.__0printf$3                            0x000022f0   Section        0  printf3.o(i.__0printf$3)
    i.__0sprintf$3                           0x00002310   Section        0  printf3.o(i.__0sprintf$3)
    i.__scatterload_copy                     0x00002338   Section       14  handlers.o(i.__scatterload_copy)
    i.__scatterload_null                     0x00002346   Section        2  handlers.o(i.__scatterload_null)
    i.__scatterload_zeroinit                 0x00002348   Section       14  handlers.o(i.__scatterload_zeroinit)
    i._printf_core                           0x00002358   Section        0  printf3.o(i._printf_core)
    _printf_core                             0x00002359   Thumb Code   436  printf3.o(i._printf_core)
    i._sputc                                 0x00002510   Section        0  printf3.o(i._sputc)
    _sputc                                   0x00002511   Thumb Code    10  printf3.o(i._sputc)
    i.commandList                            0x0000251a   Section        0  st7735.o(i.commandList)
    commandList                              0x0000251b   Thumb Code    86  st7735.o(i.commandList)
    i.commonInit                             0x00002570   Section        0  st7735.o(i.commonInit)
    commonInit                               0x00002571   Thumb Code   340  st7735.o(i.commonInit)
    i.copyHardwareToSoftware                 0x000026f4   Section        0  uart.o(i.copyHardwareToSoftware)
    copyHardwareToSoftware                   0x000026f5   Thumb Code    40  uart.o(i.copyHardwareToSoftware)
    i.copySoftwareToHardware                 0x00002720   Section        0  uart.o(i.copySoftwareToHardware)
    copySoftwareToHardware                   0x00002721   Thumb Code    38  uart.o(i.copySoftwareToHardware)
    i.fputc                                  0x0000274c   Section        0  uart.o(i.fputc)
    i.lc                                     0x0000275c   Section        0  esp8266.o(i.lc)
    i.main                                   0x0000276a   Section        0  main.o(i.main)
    i.pushColor                              0x000027a6   Section        0  st7735.o(i.pushColor)
    pushColor                                0x000027a7   Thumb Code    18  st7735.o(i.pushColor)
    i.setAddrWindow                          0x000027b8   Section        0  st7735.o(i.setAddrWindow)
    setAddrWindow                            0x000027b9   Thumb Code   106  st7735.o(i.setAddrWindow)
    i.writecommand                           0x0000282c   Section        0  st7735.o(i.writecommand)
    writecommand                             0x0000282d   Thumb Code    40  st7735.o(i.writecommand)
    i.writedata                              0x0000285c   Section        0  st7735.o(i.writedata)
    writedata                                0x0000285d   Thumb Code    24  st7735.o(i.writedata)
    .constdata                               0x0000287c   Section     2018  st7735.o(.constdata)
    Font                                     0x0000287c   Data        1275  st7735.o(.constdata)
    Bcmd                                     0x00002d77   Data         103  st7735.o(.constdata)
    Rcmd1                                    0x00002dde   Data          59  st7735.o(.constdata)
    Rcmd2green                               0x00002e19   Data          13  st7735.o(.constdata)
    Rcmd2red                                 0x00002e26   Data          13  st7735.o(.constdata)
    Rcmd3                                    0x00002e33   Data          43  st7735.o(.constdata)
    .data                                    0x20000000   Section       64  esp8266.o(.data)
    .data                                    0x20000040   Section       16  uart.o(.data)
    .data                                    0x20000050   Section      332  fsm.o(.data)
    .data                                    0x2000019c   Section        8  keypad.o(.data)
    Last                                     0x2000019c   Data           4  keypad.o(.data)
    .data                                    0x200001a4   Section       44  st7735.o(.data)
    _width                                   0x200001ae   Data           2  st7735.o(.data)
    _height                                  0x200001b0   Data           2  st7735.o(.data)
    ColStart                                 0x200001b8   Data           1  st7735.o(.data)
    RowStart                                 0x200001b9   Data           1  st7735.o(.data)
    Rotation                                 0x200001ba   Data           1  st7735.o(.data)
    TabColor                                 0x200001bb   Data           1  st7735.o(.data)
    .data                                    0x200001d0   Section       20  switch.o(.data)
    Last                                     0x200001d0   Data           4  switch.o(.data)
    Magnet                                   0x200001d4   Data           4  switch.o(.data)
    .data                                    0x200001e4   Section        4  stdout.o(.data)
    .bss                                     0x200001e8   Section     3104  esp8266.o(.bss)
    .bss                                     0x20000e08   Section     2048  uart.o(.bss)
    RxFifo                                   0x20000e08   Data        1024  uart.o(.bss)
    TxFifo                                   0x20001208   Data        1024  uart.o(.bss)
    STACK                                    0x20001608   Section     1024  startup.o(STACK)
    StackMem                                 0x20001608   Data           0  startup.o(STACK)

    Global Symbols

    Symbol Name                              Value     Ov Type        Size  Object(Section)

    BuildAttributes$$THM_ISAv4$E$P$D$K$B$S$7EM$PE$A:L22UL41UL21$X:L11$S22US41US21$IEEE1$IW$USESV6$~STKCKD$USESV7$~SHL$OSPACE$ROPI$EBA8$MICROLIB$REQ8$PRES8$EABIv2 0x00000000   Number         0  anon$$obj.o ABSOLUTE
    __ARM_use_no_argv                        0x00000000   Number         0  main.o ABSOLUTE
    __Vectors                                0x00000000   Data           0  startup.o(RESET)
    _printf_a                                0x00000000   Number         0  stubs.o ABSOLUTE
    _printf_c                                0x00000000   Number         0  stubs.o ABSOLUTE
    _printf_charcount                        0x00000000   Number         0  stubs.o ABSOLUTE
    _printf_d                                0x00000000   Number         0  stubs.o ABSOLUTE
    _printf_e                                0x00000000   Number         0  stubs.o ABSOLUTE
    _printf_f                                0x00000000   Number         0  stubs.o ABSOLUTE
    _printf_flags                            0x00000000   Number         0  stubs.o ABSOLUTE
    _printf_fp_dec                           0x00000000   Number         0  stubs.o ABSOLUTE
    _printf_fp_hex                           0x00000000   Number         0  stubs.o ABSOLUTE
    _printf_g                                0x00000000   Number         0  stubs.o ABSOLUTE
    _printf_i                                0x00000000   Number         0  stubs.o ABSOLUTE
    _printf_int_dec                          0x00000000   Number         0  stubs.o ABSOLUTE
    _printf_l                                0x00000000   Number         0  stubs.o ABSOLUTE
    _printf_lc                               0x00000000   Number         0  stubs.o ABSOLUTE
    _printf_ll                               0x00000000   Number         0  stubs.o ABSOLUTE
    _printf_lld                              0x00000000   Number         0  stubs.o ABSOLUTE
    _printf_lli                              0x00000000   Number         0  stubs.o ABSOLUTE
    _printf_llo                              0x00000000   Number         0  stubs.o ABSOLUTE
    _printf_llu                              0x00000000   Number         0  stubs.o ABSOLUTE
    _printf_llx                              0x00000000   Number         0  stubs.o ABSOLUTE
    _printf_longlong_dec                     0x00000000   Number         0  stubs.o ABSOLUTE
    _printf_longlong_hex                     0x00000000   Number         0  stubs.o ABSOLUTE
    _printf_longlong_oct                     0x00000000   Number         0  stubs.o ABSOLUTE
    _printf_ls                               0x00000000   Number         0  stubs.o ABSOLUTE
    _printf_mbtowc                           0x00000000   Number         0  stubs.o ABSOLUTE
    _printf_n                                0x00000000   Number         0  stubs.o ABSOLUTE
    _printf_o                                0x00000000   Number         0  stubs.o ABSOLUTE
    _printf_p                                0x00000000   Number         0  stubs.o ABSOLUTE
    _printf_percent                          0x00000000   Number         0  stubs.o ABSOLUTE
    _printf_pre_padding                      0x00000000   Number         0  stubs.o ABSOLUTE
    _printf_return_value                     0x00000000   Number         0  stubs.o ABSOLUTE
    _printf_s                                0x00000000   Number         0  stubs.o ABSOLUTE
    _printf_sizespec                         0x00000000   Number         0  stubs.o ABSOLUTE
    _printf_str                              0x00000000   Number         0  stubs.o ABSOLUTE
    _printf_truncate_signed                  0x00000000   Number         0  stubs.o ABSOLUTE
    _printf_truncate_unsigned                0x00000000   Number         0  stubs.o ABSOLUTE
    _printf_u                                0x00000000   Number         0  stubs.o ABSOLUTE
    _printf_wc                               0x00000000   Number         0  stubs.o ABSOLUTE
    _printf_wctomb                           0x00000000   Number         0  stubs.o ABSOLUTE
    _printf_widthprec                        0x00000000   Number         0  stubs.o ABSOLUTE
    _printf_x                                0x00000000   Number         0  stubs.o ABSOLUTE
    __cpp_initialize__aeabi_                  - Undefined Weak Reference
    __cxa_finalize                            - Undefined Weak Reference
    _clock_init                               - Undefined Weak Reference
    _microlib_exit                            - Undefined Weak Reference
    Reset_Handler                            0x0000026d   Thumb Code     0  startup.o(RESET)
    NMI_Handler                              0x00000271   Thumb Code     2  startup.o(RESET)
    HardFault_Handler                        0x00000273   Thumb Code     2  startup.o(RESET)
    MemManage_Handler                        0x00000275   Thumb Code     2  startup.o(RESET)
    BusFault_Handler                         0x00000277   Thumb Code     2  startup.o(RESET)
    UsageFault_Handler                       0x00000279   Thumb Code     2  startup.o(RESET)
    SVC_Handler                              0x0000027b   Thumb Code     2  startup.o(RESET)
    DebugMon_Handler                         0x0000027d   Thumb Code     2  startup.o(RESET)
    PendSV_Handler                           0x0000027f   Thumb Code     2  startup.o(RESET)
    SysTick_Handler                          0x00000281   Thumb Code     2  startup.o(RESET)
    ADC0Seq0_Handler                         0x00000283   Thumb Code     0  startup.o(RESET)
    ADC0Seq1_Handler                         0x00000283   Thumb Code     0  startup.o(RESET)
    ADC0Seq2_Handler                         0x00000283   Thumb Code     0  startup.o(RESET)
    ADC0Seq3_Handler                         0x00000283   Thumb Code     0  startup.o(RESET)
    ADC1Seq0_Handler                         0x00000283   Thumb Code     0  startup.o(RESET)
    ADC1Seq1_Handler                         0x00000283   Thumb Code     0  startup.o(RESET)
    ADC1Seq2_Handler                         0x00000283   Thumb Code     0  startup.o(RESET)
    ADC1Seq3_Handler                         0x00000283   Thumb Code     0  startup.o(RESET)
    CAN0_Handler                             0x00000283   Thumb Code     0  startup.o(RESET)
    CAN1_Handler                             0x00000283   Thumb Code     0  startup.o(RESET)
    CAN2_Handler                             0x00000283   Thumb Code     0  startup.o(RESET)
    Comp0_Handler                            0x00000283   Thumb Code     0  startup.o(RESET)
    Comp1_Handler                            0x00000283   Thumb Code     0  startup.o(RESET)
    Comp2_Handler                            0x00000283   Thumb Code     0  startup.o(RESET)
    Ethernet_Handler                         0x00000283   Thumb Code     0  startup.o(RESET)
    ExtBus_Handler                           0x00000283   Thumb Code     0  startup.o(RESET)
    FPU_Handler                              0x00000283   Thumb Code     0  startup.o(RESET)
    Fan0_Handler                             0x00000283   Thumb Code     0  startup.o(RESET)
    FlashCtl_Handler                         0x00000283   Thumb Code     0  startup.o(RESET)
    GPIOPortA_Handler                        0x00000283   Thumb Code     0  startup.o(RESET)
    GPIOPortB_Handler                        0x00000283   Thumb Code     0  startup.o(RESET)
    GPIOPortC_Handler                        0x00000283   Thumb Code     0  startup.o(RESET)
    GPIOPortG_Handler                        0x00000283   Thumb Code     0  startup.o(RESET)
    GPIOPortH_Handler                        0x00000283   Thumb Code     0  startup.o(RESET)
    GPIOPortJ_Handler                        0x00000283   Thumb Code     0  startup.o(RESET)
    GPIOPortK_Handler                        0x00000283   Thumb Code     0  startup.o(RESET)
    GPIOPortL_Handler                        0x00000283   Thumb Code     0  startup.o(RESET)
    GPIOPortM_Handler                        0x00000283   Thumb Code     0  startup.o(RESET)
    GPIOPortN_Handler                        0x00000283   Thumb Code     0  startup.o(RESET)
    GPIOPortP1_Handler                       0x00000283   Thumb Code     0  startup.o(RESET)
    GPIOPortP2_Handler                       0x00000283   Thumb Code     0  startup.o(RESET)
    GPIOPortP3_Handler                       0x00000283   Thumb Code     0  startup.o(RESET)
    GPIOPortP4_Handler                       0x00000283   Thumb Code     0  startup.o(RESET)
    GPIOPortP5_Handler                       0x00000283   Thumb Code     0  startup.o(RESET)
    GPIOPortP6_Handler                       0x00000283   Thumb Code     0  startup.o(RESET)
    GPIOPortP7_Handler                       0x00000283   Thumb Code     0  startup.o(RESET)
    GPIOPortP_Handler                        0x00000283   Thumb Code     0  startup.o(RESET)
    GPIOPortQ1_Handler                       0x00000283   Thumb Code     0  startup.o(RESET)
    GPIOPortQ2_Handler                       0x00000283   Thumb Code     0  startup.o(RESET)
    GPIOPortQ3_Handler                       0x00000283   Thumb Code     0  startup.o(RESET)
    GPIOPortQ4_Handler                       0x00000283   Thumb Code     0  startup.o(RESET)
    GPIOPortQ5_Handler                       0x00000283   Thumb Code     0  startup.o(RESET)
    GPIOPortQ6_Handler                       0x00000283   Thumb Code     0  startup.o(RESET)
    GPIOPortQ7_Handler                       0x00000283   Thumb Code     0  startup.o(RESET)
    GPIOPortQ_Handler                        0x00000283   Thumb Code     0  startup.o(RESET)
    GPIOPortR_Handler                        0x00000283   Thumb Code     0  startup.o(RESET)
    GPIOPortS_Handler                        0x00000283   Thumb Code     0  startup.o(RESET)
    Hibernate_Handler                        0x00000283   Thumb Code     0  startup.o(RESET)
    I2C0_Handler                             0x00000283   Thumb Code     0  startup.o(RESET)
    I2C1_Handler                             0x00000283   Thumb Code     0  startup.o(RESET)
    I2C2_Handler                             0x00000283   Thumb Code     0  startup.o(RESET)
    I2C3_Handler                             0x00000283   Thumb Code     0  startup.o(RESET)
    I2C4_Handler                             0x00000283   Thumb Code     0  startup.o(RESET)
    I2C5_Handler                             0x00000283   Thumb Code     0  startup.o(RESET)
    I2S0_Handler                             0x00000283   Thumb Code     0  startup.o(RESET)
    LPC0_Handler                             0x00000283   Thumb Code     0  startup.o(RESET)
    PECI0_Handler                            0x00000283   Thumb Code     0  startup.o(RESET)
    PWM0Fault_Handler                        0x00000283   Thumb Code     0  startup.o(RESET)
    PWM0Generator0_Handler                   0x00000283   Thumb Code     0  startup.o(RESET)
    PWM0Generator1_Handler                   0x00000283   Thumb Code     0  startup.o(RESET)
    PWM0Generator2_Handler                   0x00000283   Thumb Code     0  startup.o(RESET)
    PWM0Generator3_Handler                   0x00000283   Thumb Code     0  startup.o(RESET)
    PWM1Fault_Handler                        0x00000283   Thumb Code     0  startup.o(RESET)
    PWM1Generator0_Handler                   0x00000283   Thumb Code     0  startup.o(RESET)
    PWM1Generator1_Handler                   0x00000283   Thumb Code     0  startup.o(RESET)
    PWM1Generator2_Handler                   0x00000283   Thumb Code     0  startup.o(RESET)
    PWM1Generator3_Handler                   0x00000283   Thumb Code     0  startup.o(RESET)
    Quadrature0_Handler                      0x00000283   Thumb Code     0  startup.o(RESET)
    Quadrature1_Handler                      0x00000283   Thumb Code     0  startup.o(RESET)
    Quadrature2_Handler                      0x00000283   Thumb Code     0  startup.o(RESET)
    SSI0_Handler                             0x00000283   Thumb Code     0  startup.o(RESET)
    SSI1_Handler                             0x00000283   Thumb Code     0  startup.o(RESET)
    SSI2_Handler                             0x00000283   Thumb Code     0  startup.o(RESET)
    SSI3_Handler                             0x00000283   Thumb Code     0  startup.o(RESET)
    SysCtl_Handler                           0x00000283   Thumb Code     0  startup.o(RESET)
    Timer0B_Handler                          0x00000283   Thumb Code     0  startup.o(RESET)
    Timer1B_Handler                          0x00000283   Thumb Code     0  startup.o(RESET)
    Timer2B_Handler                          0x00000283   Thumb Code     0  startup.o(RESET)
    Timer3A_Handler                          0x00000283   Thumb Code     0  startup.o(RESET)
    Timer3B_Handler                          0x00000283   Thumb Code     0  startup.o(RESET)
    Timer4A_Handler                          0x00000283   Thumb Code     0  startup.o(RESET)
    Timer4B_Handler                          0x00000283   Thumb Code     0  startup.o(RESET)
    Timer5A_Handler                          0x00000283   Thumb Code     0  startup.o(RESET)
    Timer5B_Handler                          0x00000283   Thumb Code     0  startup.o(RESET)
    UART2_Handler                            0x00000283   Thumb Code     0  startup.o(RESET)
    UART3_Handler                            0x00000283   Thumb Code     0  startup.o(RESET)
    UART4_Handler                            0x00000283   Thumb Code     0  startup.o(RESET)
    UART5_Handler                            0x00000283   Thumb Code     0  startup.o(RESET)
    UART6_Handler                            0x00000283   Thumb Code     0  startup.o(RESET)
    UART7_Handler                            0x00000283   Thumb Code     0  startup.o(RESET)
    USB0_Handler                             0x00000283   Thumb Code     0  startup.o(RESET)
    WDT_Handler                              0x00000283   Thumb Code     0  startup.o(RESET)
    WideTimer0A_Handler                      0x00000283   Thumb Code     0  startup.o(RESET)
    WideTimer0B_Handler                      0x00000283   Thumb Code     0  startup.o(RESET)
    WideTimer1A_Handler                      0x00000283   Thumb Code     0  startup.o(RESET)
    WideTimer1B_Handler                      0x00000283   Thumb Code     0  startup.o(RESET)
    WideTimer2A_Handler                      0x00000283   Thumb Code     0  startup.o(RESET)
    WideTimer2B_Handler                      0x00000283   Thumb Code     0  startup.o(RESET)
    WideTimer3A_Handler                      0x00000283   Thumb Code     0  startup.o(RESET)
    WideTimer3B_Handler                      0x00000283   Thumb Code     0  startup.o(RESET)
    WideTimer4A_Handler                      0x00000283   Thumb Code     0  startup.o(RESET)
    WideTimer4B_Handler                      0x00000283   Thumb Code     0  startup.o(RESET)
    WideTimer5A_Handler                      0x00000283   Thumb Code     0  startup.o(RESET)
    WideTimer5B_Handler                      0x00000283   Thumb Code     0  startup.o(RESET)
    uDMA_Error                               0x00000283   Thumb Code     0  startup.o(RESET)
    uDMA_Handler                             0x00000283   Thumb Code     0  startup.o(RESET)
    __main                                   0x00000285   Thumb Code     0  entry.o(.ARM.Collect$$$$00000000)
    _main_stk                                0x00000285   Thumb Code     0  entry2.o(.ARM.Collect$$$$00000001)
    _main_scatterload                        0x00000289   Thumb Code     0  entry5.o(.ARM.Collect$$$$00000004)
    __main_after_scatterload                 0x0000028d   Thumb Code     0  entry5.o(.ARM.Collect$$$$00000004)
    _main_clock                              0x0000028d   Thumb Code     0  entry7b.o(.ARM.Collect$$$$00000008)
    _main_cpp_init                           0x0000028d   Thumb Code     0  entry8b.o(.ARM.Collect$$$$0000000A)
    _main_init                               0x0000028d   Thumb Code     0  entry9a.o(.ARM.Collect$$$$0000000B)
    __rt_final_cpp                           0x00000295   Thumb Code     0  entry10a.o(.ARM.Collect$$$$0000000D)
    __rt_final_exit                          0x00000295   Thumb Code     0  entry11a.o(.ARM.Collect$$$$0000000F)
    DisableInterrupts                        0x00000299   Thumb Code     0  startup.o(.text)
    EnableInterrupts                         0x0000029d   Thumb Code     0  startup.o(.text)
    StartCritical                            0x000002a1   Thumb Code     0  startup.o(.text)
    EndCritical                              0x000002a9   Thumb Code     0  startup.o(.text)
    WaitForInterrupt                         0x000002af   Thumb Code     0  startup.o(.text)
    strlen                                   0x000002b5   Thumb Code    14  strlen.o(.text)
    strcpy                                   0x000002c3   Thumb Code    18  strcpy.o(.text)
    __aeabi_uidiv                            0x000002d5   Thumb Code     0  uidiv.o(.text)
    __aeabi_uidivmod                         0x000002d5   Thumb Code    44  uidiv.o(.text)
    __scatterload                            0x00000301   Thumb Code    28  init.o(.text)
    __scatterload_rt2                        0x00000301   Thumb Code     0  init.o(.text)
    __decompress                             0x00000325   Thumb Code     0  __dczerorl2.o(.text)
    __decompress1                            0x00000325   Thumb Code    92  __dczerorl2.o(.text)
    ChangeState                              0x000003a9   Thumb Code   148  fsm.o(i.ChangeState)
    Delay1ms                                 0x000004cd   Thumb Code    32  st7735.o(i.Delay1ms)
    DelayMs                                  0x000004ed   Thumb Code    32  esp8266.o(i.DelayMs)
    DelayMsSearching                         0x0000050d   Thumb Code    42  esp8266.o(i.DelayMsSearching)
    ESP8266FIFOtoBuffer                      0x0000053d   Thumb Code   100  esp8266.o(i.ESP8266FIFOtoBuffer)
    ESP8266SendCommand                       0x000005b9   Thumb Code    26  esp8266.o(i.ESP8266SendCommand)
    ESP8266_CloseTCPConnection               0x000005d5   Thumb Code    46  esp8266.o(i.ESP8266_CloseTCPConnection)
    ESP8266_EnableRXInterrupt                0x0000061d   Thumb Code     8  esp8266.o(i.ESP8266_EnableRXInterrupt)
    ESP8266_GetIPAddress                     0x00000629   Thumb Code    46  esp8266.o(i.ESP8266_GetIPAddress)
    ESP8266_GetStatus                        0x0000066d   Thumb Code    46  esp8266.o(i.ESP8266_GetStatus)
    ESP8266_GetVersionNumber                 0x000006b5   Thumb Code    46  esp8266.o(i.ESP8266_GetVersionNumber)
    ESP8266_Init                             0x000006f9   Thumb Code   162  esp8266.o(i.ESP8266_Init)
    ESP8266_InitUART                         0x000008fd   Thumb Code   230  esp8266.o(i.ESP8266_InitUART)
    ESP8266_JoinAccessPoint                  0x00000a0d   Thumb Code    62  esp8266.o(i.ESP8266_JoinAccessPoint)
    ESP8266_ListAccessPoints                 0x00000a71   Thumb Code    46  esp8266.o(i.ESP8266_ListAccessPoints)
    ESP8266_MakeTCPConnection                0x00000ab5   Thumb Code    58  esp8266.o(i.ESP8266_MakeTCPConnection)
    ESP8266_PrintChar                        0x00000b19   Thumb Code    18  esp8266.o(i.ESP8266_PrintChar)
    ESP8266_Reset                            0x00000b31   Thumb Code    84  esp8266.o(i.ESP8266_Reset)
    ESP8266_SendTCP                          0x00000ba5   Thumb Code   104  esp8266.o(i.ESP8266_SendTCP)
    ESP8266_SetDataTransmissionMode          0x00000c25   Thumb Code    58  esp8266.o(i.ESP8266_SetDataTransmissionMode)
    ESP8266_SetWifiMode                      0x00000c7d   Thumb Code    66  esp8266.o(i.ESP8266_SetWifiMode)
    GPIOPortD_Handler                        0x00000da5   Thumb Code    24  keypad.o(i.GPIOPortD_Handler)
    GPIOPortE_Handler                        0x00000dc1   Thumb Code    24  keypad.o(i.GPIOPortE_Handler)
    GPIOPortF_Handler                        0x00000ddd   Thumb Code    66  switch.o(i.GPIOPortF_Handler)
    GetDoorStatus                            0x00000e35   Thumb Code     6  switch.o(i.GetDoorStatus)
    Keypad_Handler                           0x00000e6d   Thumb Code   212  keypad.o(i.Keypad_Handler)
    Keypad_Init                              0x00000f49   Thumb Code   310  keypad.o(i.Keypad_Init)
    Output_Init                              0x000010c5   Thumb Code     8  uart.o(i.Output_Init)
    PLL_Init                                 0x000010cd   Thumb Code   118  pll.o(i.PLL_Init)
    RxFifo_Init                              0x00001189   Thumb Code    26  uart.o(i.RxFifo_Init)
    RxFifo_Put                               0x000011ad   Thumb Code    48  uart.o(i.RxFifo_Put)
    RxFifo_Size                              0x000011e9   Thumb Code    14  uart.o(i.RxFifo_Size)
    ST7735_DrawCharS                         0x00001201   Thumb Code   232  st7735.o(i.ST7735_DrawCharS)
    ST7735_DrawPixel                         0x000012f5   Thumb Code    64  st7735.o(i.ST7735_DrawPixel)
    ST7735_DrawString                        0x0000133d   Thumb Code    84  st7735.o(i.ST7735_DrawString)
    ST7735_FillRect                          0x00001391   Thumb Code   164  st7735.o(i.ST7735_FillRect)
    ST7735_FillScreen                        0x0000143d   Thumb Code    28  st7735.o(i.ST7735_FillScreen)
    ST7735_InitR                             0x00001461   Thumb Code    90  st7735.o(i.ST7735_InitR)
    ST7735_OutChar                           0x000014dd   Thumb Code   176  st7735.o(i.ST7735_OutChar)
    ST7735_OutString                         0x000015b1   Thumb Code    22  st7735.o(i.ST7735_OutString)
    ST7735_SetCursor                         0x000015c9   Thumb Code    22  st7735.o(i.ST7735_SetCursor)
    SearchCheck                              0x000015e9   Thumb Code    68  esp8266.o(i.SearchCheck)
    SearchStart                              0x0000163d   Thumb Code    30  esp8266.o(i.SearchStart)
    ServerResponseSearchCheck                0x0000166d   Thumb Code   180  esp8266.o(i.ServerResponseSearchCheck)
    ServerResponseSearchStart                0x00001741   Thumb Code    34  esp8266.o(i.ServerResponseSearchStart)
    Solenoid_Out                             0x00001781   Thumb Code     8  solenoid.o(i.Solenoid_Out)
    SpeakerDisable                           0x0000178d   Thumb Code    14  speaker.o(i.SpeakerDisable)
    SpeakerEnable                            0x000017a1   Thumb Code    14  speaker.o(i.SpeakerEnable)
    Speaker_Init                             0x000017b5   Thumb Code    82  speaker.o(i.Speaker_Init)
    Switch_Init                              0x00001be5   Thumb Code   212  switch.o(i.Switch_Init)
    System_Init                              0x00001ce5   Thumb Code    70  fsm.o(i.System_Init)
    Timer0A_Handler                          0x00001d41   Thumb Code    36  keypad.o(i.Timer0A_Handler)
    Timer1A_Handler                          0x00001dc1   Thumb Code    44  switch.o(i.Timer1A_Handler)
    Timer2A_Handler                          0x00001e49   Thumb Code    20  speaker.o(i.Timer2A_Handler)
    TxFifo_Get                               0x00001f3d   Thumb Code    46  uart.o(i.TxFifo_Get)
    TxFifo_Init                              0x00001f79   Thumb Code    26  uart.o(i.TxFifo_Init)
    TxFifo_Put                               0x00001f9d   Thumb Code    48  uart.o(i.TxFifo_Put)
    TxFifo_Size                              0x00001fd9   Thumb Code    14  uart.o(i.TxFifo_Size)
    UART0_Handler                            0x00001ff1   Thumb Code    82  uart.o(i.UART0_Handler)
    UART1_Handler                            0x00002049   Thumb Code    44  esp8266.o(i.UART1_Handler)
    UART_Init                                0x00002079   Thumb Code   174  uart.o(i.UART_Init)
    UART_OutChar                             0x00002141   Thumb Code    46  uart.o(i.UART_OutChar)
    UART_OutCharNonBlock                     0x00002175   Thumb Code    46  uart.o(i.UART_OutCharNonBlock)
    UpdateState                              0x0000222d   Thumb Code    46  fsm.o(i.UpdateState)
    __0printf$3                              0x000022f1   Thumb Code    22  printf3.o(i.__0printf$3)
    __1printf$3                              0x000022f1   Thumb Code     0  printf3.o(i.__0printf$3)
    __2printf                                0x000022f1   Thumb Code     0  printf3.o(i.__0printf$3)
    __0sprintf$3                             0x00002311   Thumb Code    34  printf3.o(i.__0sprintf$3)
    __1sprintf$3                             0x00002311   Thumb Code     0  printf3.o(i.__0sprintf$3)
    __2sprintf                               0x00002311   Thumb Code     0  printf3.o(i.__0sprintf$3)
    __scatterload_copy                       0x00002339   Thumb Code    14  handlers.o(i.__scatterload_copy)
    __scatterload_null                       0x00002347   Thumb Code     2  handlers.o(i.__scatterload_null)
    __scatterload_zeroinit                   0x00002349   Thumb Code    14  handlers.o(i.__scatterload_zeroinit)
    fputc                                    0x0000274d   Thumb Code    16  uart.o(i.fputc)
    lc                                       0x0000275d   Thumb Code    14  esp8266.o(i.lc)
    main                                     0x0000276b   Thumb Code    60  main.o(i.main)
    dBfs                                     0x00002e5e   Data         512  st7735.o(.constdata)
    Region$$Table$$Base                      0x00003060   Number         0  anon$$obj.o(Region$$Table)
    Region$$Table$$Limit                     0x00003080   Number         0  anon$$obj.o(Region$$Table)
    RXBufferIndex                            0x20000000   Data           4  esp8266.o(.data)
    LastReturnIndex                          0x20000004   Data           4  esp8266.o(.data)
    CurrentReturnIndex                       0x20000008   Data           4  esp8266.o(.data)
    ServerResponseIndex                      0x2000000c   Data           4  esp8266.o(.data)
    ESP8266_ProcessBuffer                    0x20000010   Data           1  esp8266.o(.data)
    ESP8266_EchoResponse                     0x20000011   Data           1  esp8266.o(.data)
    ESP8266_ResponseComplete                 0x20000012   Data           1  esp8266.o(.data)
    ESP8266_APEnabled                        0x20000013   Data           1  esp8266.o(.data)
    ESP8266_ClientEnabled                    0x20000014   Data           1  esp8266.o(.data)
    ESP8266_ServerEnabled                    0x20000015   Data           1  esp8266.o(.data)
    ESP8266_InputProcessingEnabled           0x20000016   Data           1  esp8266.o(.data)
    ESP8266_PageRequested                    0x20000017   Data           1  esp8266.o(.data)
    SearchLooking                            0x20000018   Data           1  esp8266.o(.data)
    SearchFound                              0x20000019   Data           1  esp8266.o(.data)
    SearchIndex                              0x2000001c   Data           4  esp8266.o(.data)
    ServerResponseSearchString               0x20000020   Data          16  esp8266.o(.data)
    ServerResponseSearchFinished             0x20000030   Data           4  esp8266.o(.data)
    ServerResponseSearchIndex                0x20000034   Data           4  esp8266.o(.data)
    ServerResponseSearchLooking              0x20000038   Data           4  esp8266.o(.data)
    ESP8266_ServerPort                       0x2000003c   Data           2  esp8266.o(.data)
    ESP8266_ServerTimeout                    0x2000003e   Data           2  esp8266.o(.data)
    RxPutI                                   0x20000040   Data           4  uart.o(.data)
    RxGetI                                   0x20000044   Data           4  uart.o(.data)
    TxPutI                                   0x20000048   Data           4  uart.o(.data)
    TxGetI                                   0x2000004c   Data           4  uart.o(.data)
    CHANGE_CODE                              0x20000050   Data         110  fsm.o(.data)
    CHECK_CODE                               0x200000be   Data          96  fsm.o(.data)
    SEND_STATUS                              0x2000011e   Data          80  fsm.o(.data)
    KeypadCounter                            0x20000170   Data           4  fsm.o(.data)
    KeycodeInput                             0x20000174   Data           4  fsm.o(.data)
    TempKeycode0                             0x20000178   Data           4  fsm.o(.data)
    TempKeycode1                             0x2000017c   Data           4  fsm.o(.data)
    TempKeycode2                             0x20000180   Data           4  fsm.o(.data)
    State                                    0x20000184   Data           4  fsm.o(.data)
    DoorStatus                               0x20000188   Data           4  fsm.o(.data)
    ChangeCode                               0x2000018c   Data           4  fsm.o(.data)
    Enable                                   0x20000190   Data           4  fsm.o(.data)
    KeycodeTime                              0x20000194   Data           4  fsm.o(.data)
    TimeoutTime                              0x20000198   Data           4  fsm.o(.data)
    KeypadTask                               0x200001a0   Data           4  keypad.o(.data)
    StX                                      0x200001a4   Data           4  st7735.o(.data)
    StY                                      0x200001a8   Data           4  st7735.o(.data)
    StTextColor                              0x200001ac   Data           2  st7735.o(.data)
    lastj                                    0x200001b4   Data           4  st7735.o(.data)
    Messageindex                             0x200001bc   Data           4  st7735.o(.data)
    Ymax                                     0x200001c0   Data           4  st7735.o(.data)
    Ymin                                     0x200001c4   Data           4  st7735.o(.data)
    X                                        0x200001c8   Data           4  st7735.o(.data)
    Yrange                                   0x200001cc   Data           4  st7735.o(.data)
    Button1Task                              0x200001d8   Data           4  switch.o(.data)
    Button2Task                              0x200001dc   Data           4  switch.o(.data)
    MagnetTask                               0x200001e0   Data           4  switch.o(.data)
    __stdout                                 0x200001e4   Data           4  stdout.o(.data)
    RXBuffer                                 0x200001e8   Data        1024  esp8266.o(.bss)
    TXBuffer                                 0x200005e8   Data        1024  esp8266.o(.bss)
    ServerResponseBuffer                     0x200009e8   Data        1024  esp8266.o(.bss)
    SearchString                             0x20000de8   Data          32  esp8266.o(.bss)
    __initial_sp                             0x20001a08   Data           0  startup.o(STACK)



==============================================================================

Memory Map of the image

  Image Entry point : 0x0000026d

  Load Region LR_1 (Base: 0x00000000, Size: 0x00003268, Max: 0xffffffff, ABSOLUTE, COMPRESSED[0x00003128])

    Execution Region ER_RO (Base: 0x00000000, Size: 0x00003080, Max: 0xffffffff, ABSOLUTE)

    Base Addr    Size         Type   Attr      Idx    E Section Name        Object

    0x00000000   0x00000284   Code   RO            3  * RESET               startup.o
    0x00000284   0x00000000   Code   RO         1054  * .ARM.Collect$$$$00000000  mc_w.l(entry.o)
    0x00000284   0x00000004   Code   RO         1328    .ARM.Collect$$$$00000001  mc_w.l(entry2.o)
    0x00000288   0x00000004   Code   RO         1331    .ARM.Collect$$$$00000004  mc_w.l(entry5.o)
    0x0000028c   0x00000000   Code   RO         1333    .ARM.Collect$$$$00000008  mc_w.l(entry7b.o)
    0x0000028c   0x00000000   Code   RO         1335    .ARM.Collect$$$$0000000A  mc_w.l(entry8b.o)
    0x0000028c   0x00000008   Code   RO         1336    .ARM.Collect$$$$0000000B  mc_w.l(entry9a.o)
    0x00000294   0x00000000   Code   RO         1338    .ARM.Collect$$$$0000000D  mc_w.l(entry10a.o)
    0x00000294   0x00000000   Code   RO         1340    .ARM.Collect$$$$0000000F  mc_w.l(entry11a.o)
    0x00000294   0x00000004   Code   RO         1329    .ARM.Collect$$$$00002712  mc_w.l(entry2.o)
    0x00000298   0x0000001c   Code   RO            4    .text               startup.o
    0x000002b4   0x0000000e   Code   RO         1061    .text               mc_w.l(strlen.o)
    0x000002c2   0x00000012   Code   RO         1063    .text               mc_w.l(strcpy.o)
    0x000002d4   0x0000002c   Code   RO         1343    .text               mc_w.l(uidiv.o)
    0x00000300   0x00000024   Code   RO         1358    .text               mc_w.l(init.o)
    0x00000324   0x0000005c   Code   RO         1376    .text               mc_w.l(__dczerorl2.o)
    0x00000380   0x00000028   Code   RO          515    i.ChangeKeycode     fsm.o
    0x000003a8   0x00000124   Code   RO          516    i.ChangeState       fsm.o
    0x000004cc   0x00000020   Code   RO          736    i.Delay1ms          st7735.o
    0x000004ec   0x00000020   Code   RO           85    i.DelayMs           esp8266.o
    0x0000050c   0x00000030   Code   RO           86    i.DelayMsSearching  esp8266.o
    0x0000053c   0x0000007c   Code   RO           87    i.ESP8266FIFOtoBuffer  esp8266.o
    0x000005b8   0x0000001a   Code   RO           89    i.ESP8266SendCommand  esp8266.o
    0x000005d2   0x00000002   PAD
    0x000005d4   0x00000048   Code   RO           90    i.ESP8266_CloseTCPConnection  esp8266.o
    0x0000061c   0x0000000c   Code   RO           94    i.ESP8266_EnableRXInterrupt  esp8266.o
    0x00000628   0x00000044   Code   RO           96    i.ESP8266_GetIPAddress  esp8266.o
    0x0000066c   0x00000048   Code   RO           97    i.ESP8266_GetStatus  esp8266.o
    0x000006b4   0x00000044   Code   RO           98    i.ESP8266_GetVersionNumber  esp8266.o
    0x000006f8   0x00000204   Code   RO           99    i.ESP8266_Init      esp8266.o
    0x000008fc   0x00000110   Code   RO          100    i.ESP8266_InitUART  esp8266.o
    0x00000a0c   0x00000064   Code   RO          101    i.ESP8266_JoinAccessPoint  esp8266.o
    0x00000a70   0x00000044   Code   RO          102    i.ESP8266_ListAccessPoints  esp8266.o
    0x00000ab4   0x00000064   Code   RO          103    i.ESP8266_MakeTCPConnection  esp8266.o
    0x00000b18   0x00000018   Code   RO          104    i.ESP8266_PrintChar  esp8266.o
    0x00000b30   0x00000074   Code   RO          106    i.ESP8266_Reset     esp8266.o
    0x00000ba4   0x00000080   Code   RO          107    i.ESP8266_SendTCP   esp8266.o
    0x00000c24   0x00000058   Code   RO          109    i.ESP8266_SetDataTransmissionMode  esp8266.o
    0x00000c7c   0x00000060   Code   RO          111    i.ESP8266_SetWifiMode  esp8266.o
    0x00000cdc   0x00000018   Code   RO          517    i.EnableSystem      fsm.o
    0x00000cf4   0x00000074   Code   RO          634    i.GPIOArm           keypad.o
    0x00000d68   0x0000003c   Code   RO         1011    i.GPIOArm           switch.o
    0x00000da4   0x0000001c   Code   RO          635    i.GPIOPortD_Handler  keypad.o
    0x00000dc0   0x0000001c   Code   RO          636    i.GPIOPortE_Handler  keypad.o
    0x00000ddc   0x00000058   Code   RO         1012    i.GPIOPortF_Handler  switch.o
    0x00000e34   0x0000000c   Code   RO         1013    i.GetDoorStatus     switch.o
    0x00000e40   0x0000002c   Code   RO          518    i.KeypadPress       fsm.o
    0x00000e6c   0x000000dc   Code   RO          637    i.Keypad_Handler    keypad.o
    0x00000f48   0x00000164   Code   RO          638    i.Keypad_Init       keypad.o
    0x000010ac   0x00000018   Code   RO          519    i.MagnetOpen        fsm.o
    0x000010c4   0x00000008   Code   RO          300    i.Output_Init       uart.o
    0x000010cc   0x0000007c   Code   RO           73    i.PLL_Init          pll.o
    0x00001148   0x00000040   Code   RO          520    i.ResetState        fsm.o
    0x00001188   0x00000024   Code   RO          302    i.RxFifo_Init       uart.o
    0x000011ac   0x0000003c   Code   RO          303    i.RxFifo_Put        uart.o
    0x000011e8   0x00000018   Code   RO          304    i.RxFifo_Size       uart.o
    0x00001200   0x000000f4   Code   RO          745    i.ST7735_DrawCharS  st7735.o
    0x000012f4   0x00000048   Code   RO          748    i.ST7735_DrawPixel  st7735.o
    0x0000133c   0x00000054   Code   RO          749    i.ST7735_DrawString  st7735.o
    0x00001390   0x000000ac   Code   RO          750    i.ST7735_FillRect   st7735.o
    0x0000143c   0x00000024   Code   RO          751    i.ST7735_FillScreen  st7735.o
    0x00001460   0x0000007c   Code   RO          753    i.ST7735_InitR      st7735.o
    0x000014dc   0x000000d4   Code   RO          756    i.ST7735_OutChar    st7735.o
    0x000015b0   0x00000016   Code   RO          757    i.ST7735_OutString  st7735.o
    0x000015c6   0x00000002   PAD
    0x000015c8   0x00000020   Code   RO          767    i.ST7735_SetCursor  st7735.o
    0x000015e8   0x00000054   Code   RO          113    i.SearchCheck       esp8266.o
    0x0000163c   0x00000030   Code   RO          114    i.SearchStart       esp8266.o
    0x0000166c   0x000000d4   Code   RO          115    i.ServerResponseSearchCheck  esp8266.o
    0x00001740   0x00000040   Code   RO          116    i.ServerResponseSearchStart  esp8266.o
    0x00001780   0x0000000c   Code   RO          684    i.Solenoid_Out      solenoid.o
    0x0000178c   0x00000014   Code   RO          701    i.SpeakerDisable    speaker.o
    0x000017a0   0x00000014   Code   RO          702    i.SpeakerEnable     speaker.o
    0x000017b4   0x00000060   Code   RO          703    i.Speaker_Init      speaker.o
    0x00001814   0x000000b4   Code   RO          521    i.StateChange1      fsm.o
    0x000018c8   0x0000005c   Code   RO          522    i.StateChange2      fsm.o
    0x00001924   0x00000060   Code   RO          523    i.StateChange3      fsm.o
    0x00001984   0x00000030   Code   RO          524    i.StateOff          fsm.o
    0x000019b4   0x000000b8   Code   RO          525    i.StateOn           fsm.o
    0x00001a6c   0x000000b0   Code   RO          526    i.StateOpen         fsm.o
    0x00001b1c   0x000000c8   Code   RO          527    i.StateWaiting      fsm.o
    0x00001be4   0x00000100   Code   RO         1014    i.Switch_Init       switch.o
    0x00001ce4   0x0000005c   Code   RO          528    i.System_Init       fsm.o
    0x00001d40   0x00000034   Code   RO          639    i.Timer0A_Handler   keypad.o
    0x00001d74   0x0000004c   Code   RO          640    i.Timer0Arm         keypad.o
    0x00001dc0   0x0000003c   Code   RO         1015    i.Timer1A_Handler   switch.o
    0x00001dfc   0x0000004c   Code   RO         1016    i.Timer1Arm         switch.o
    0x00001e48   0x0000001c   Code   RO          704    i.Timer2A_Handler   speaker.o
    0x00001e64   0x00000070   Code   RO          705    i.Timer2_Arm        speaker.o
    0x00001ed4   0x00000034   Code   RO          529    i.Timer3_Init       fsm.o
    0x00001f08   0x00000034   Code   RO          530    i.Timer4_Init       fsm.o
    0x00001f3c   0x0000003c   Code   RO          305    i.TxFifo_Get        uart.o
    0x00001f78   0x00000024   Code   RO          306    i.TxFifo_Init       uart.o
    0x00001f9c   0x0000003c   Code   RO          307    i.TxFifo_Put        uart.o
    0x00001fd8   0x00000018   Code   RO          308    i.TxFifo_Size       uart.o
    0x00001ff0   0x00000058   Code   RO          309    i.UART0_Handler     uart.o
    0x00002048   0x00000030   Code   RO          117    i.UART1_Handler     esp8266.o
    0x00002078   0x000000c8   Code   RO          315    i.UART_Init         uart.o
    0x00002140   0x00000034   Code   RO          316    i.UART_OutChar      uart.o
    0x00002174   0x00000034   Code   RO          317    i.UART_OutCharNonBlock  uart.o
    0x000021a8   0x00000084   Code   RO          531    i.UpdateKey         fsm.o
    0x0000222c   0x00000060   Code   RO          532    i.UpdateState       fsm.o
    0x0000228c   0x00000064   Code   RO          533    i.ValidateKey       fsm.o
    0x000022f0   0x00000020   Code   RO         1156    i.__0printf$3       mc_w.l(printf3.o)
    0x00002310   0x00000028   Code   RO         1158    i.__0sprintf$3      mc_w.l(printf3.o)
    0x00002338   0x0000000e   Code   RO         1370    i.__scatterload_copy  mc_w.l(handlers.o)
    0x00002346   0x00000002   Code   RO         1371    i.__scatterload_null  mc_w.l(handlers.o)
    0x00002348   0x0000000e   Code   RO         1372    i.__scatterload_zeroinit  mc_w.l(handlers.o)
    0x00002356   0x00000002   PAD
    0x00002358   0x000001b8   Code   RO         1163    i._printf_core      mc_w.l(printf3.o)
    0x00002510   0x0000000a   Code   RO         1165    i._sputc            mc_w.l(printf3.o)
    0x0000251a   0x00000056   Code   RO          771    i.commandList       st7735.o
    0x00002570   0x00000184   Code   RO          772    i.commonInit        st7735.o
    0x000026f4   0x0000002c   Code   RO          321    i.copyHardwareToSoftware  uart.o
    0x00002720   0x0000002c   Code   RO          322    i.copySoftwareToHardware  uart.o
    0x0000274c   0x00000010   Code   RO          323    i.fputc             uart.o
    0x0000275c   0x0000000e   Code   RO          118    i.lc                esp8266.o
    0x0000276a   0x0000003c   Code   RO           13    i.main              main.o
    0x000027a6   0x00000012   Code   RO          777    i.pushColor         st7735.o
    0x000027b8   0x00000074   Code   RO          778    i.setAddrWindow     st7735.o
    0x0000282c   0x00000030   Code   RO          779    i.writecommand      st7735.o
    0x0000285c   0x00000020   Code   RO          780    i.writedata         st7735.o
    0x0000287c   0x000007e2   Data   RO          782    .constdata          st7735.o
    0x0000305e   0x00000002   PAD
    0x00003060   0x00000020   Data   RO         1368    Region$$Table       anon$$obj.o


    Execution Region ER_RW (Base: 0x20000000, Size: 0x000001e8, Max: 0xffffffff, ABSOLUTE, COMPRESSED[0x000000a8])

    Base Addr    Size         Type   Attr      Idx    E Section Name        Object

    0x20000000   0x00000040   Data   RW          121    .data               esp8266.o
    0x20000040   0x00000010   Data   RW          325    .data               uart.o
    0x20000050   0x0000014c   Data   RW          534    .data               fsm.o
    0x2000019c   0x00000008   Data   RW          641    .data               keypad.o
    0x200001a4   0x0000002c   Data   RW          783    .data               st7735.o
    0x200001d0   0x00000014   Data   RW         1017    .data               switch.o
    0x200001e4   0x00000004   Data   RW         1342    .data               mc_w.l(stdout.o)


    Execution Region ER_ZI (Base: 0x200001e8, Size: 0x00001820, Max: 0xffffffff, ABSOLUTE)

    Base Addr    Size         Type   Attr      Idx    E Section Name        Object

    0x200001e8   0x00000c20   Zero   RW          119    .bss                esp8266.o
    0x20000e08   0x00000800   Zero   RW          324    .bss                uart.o
    0x20001608   0x00000400   Zero   RW            1    STACK               startup.o


==============================================================================

Image component sizes


      Code (inc. data)   RO Data    RW Data    ZI Data      Debug   Object Name

      2500        850          0         64       3104      14677   esp8266.o
      1988        732          0        332          0       9804   fsm.o
       876        114          0          8          0       3466   keypad.o
        60          0          0          0          0       5811   main.o
       124          6          0          0          0        419   pll.o
        12          4          0          0          0        391   solenoid.o
       276         54          0          0          0       2354   speaker.o
      1718        190       2018         44          0      11762   st7735.o
       672        622          0          0       1024        900   startup.o
       552        116          0         20          0       3241   switch.o
       804        132          0         16       2048       7441   uart.o

    ----------------------------------------------------------------------
      9586       2820       2052        484       6176      60266   Object Totals
         0          0         32          0          0          0   (incl. Generated)
         4          0          2          0          0          0   (incl. Padding)

    ----------------------------------------------------------------------

      Code (inc. data)   RO Data    RW Data    ZI Data      Debug   Library Member Name

        92          0          0          0          0          0   __dczerorl2.o
         0          0          0          0          0          0   entry.o
         0          0          0          0          0          0   entry10a.o
         0          0          0          0          0          0   entry11a.o
         8          4          0          0          0          0   entry2.o
         4          0          0          0          0          0   entry5.o
         0          0          0          0          0          0   entry7b.o
         0          0          0          0          0          0   entry8b.o
         8          4          0          0          0          0   entry9a.o
        30          0          0          0          0          0   handlers.o
        36          8          0          0          0         68   init.o
       522         20          0          0          0        332   printf3.o
         0          0          0          4          0          0   stdout.o
        18          0          0          0          0         68   strcpy.o
        14          0          0          0          0         68   strlen.o
        44          0          0          0          0         80   uidiv.o

    ----------------------------------------------------------------------
       778         36          0          4          0        616   Library Totals
         2          0          0          0          0          0   (incl. Padding)

    ----------------------------------------------------------------------

      Code (inc. data)   RO Data    RW Data    ZI Data      Debug   Library Name

       776         36          0          4          0        616   mc_w.l

    ----------------------------------------------------------------------
       778         36          0          4          0        616   Library Totals

    ----------------------------------------------------------------------

==============================================================================


      Code (inc. data)   RO Data    RW Data    ZI Data      Debug   

     10364       2856       2052        488       6176      55838   Grand Totals
     10364       2856       2052        168       6176      55838   ELF Image Totals (compressed)
     10364       2856       2052        168          0          0   ROM Totals

==============================================================================

    Total RO  Size (Code + RO Data)                12416 (  12.13kB)
    Total RW  Size (RW Data + ZI Data)              6664 (   6.51kB)
    Total ROM Size (Code + RO Data + RW Data)      12584 (  12.29kB)

==============================================================================

