<html>
<body>
<pre>
<h1>µVision Build Log</h1>
<h2>Project:</h2>
C:\Users\Caroline\SkyDrive\EE 445L\EE445L\ESP8266_4C123\espDemo.uvproj
Project File Date:  04/07/2017

<h2>Output:</h2>
Build target 'esp8266'
linking...
Program Size: Code=10364 RO-data=2052 RW-data=488 ZI-data=6176  
".\esp8266.axf" - 0 Error(s), 0 Warning(s).
Load "C:\\Users\\Caroline\\SkyDrive\\EE 445L\\EE445L\\ESP8266_4C123\\esp8266.axf" 
Connecting: Mode=JTAG, Speed=1000000Hz
Erase Done.
Programming Done.
Verify OK.

Erase Done.
Programming Done.
Verify OK.
