<html>
<body>
<pre>
<h1>µVision Build Log</h1>
<h2>Project:</h2>
C:\Users\Ali\Documents\EE445Llabs\Lab11\SecuritySystem.uvproj
Project File Date:  04/04/2017

<h2>Output:</h2>
Build target 'SecuritySystem'
compiling system.c...
linking...
Program Size: Code=4316 RO-data=2052 RW-data=104 ZI-data=1024  
".\SecuritySystem.axf" - 0 Error(s), 0 Warning(s).
Load "C:\\Users\\Ali\\Documents\\EE445Llabs\\Lab11\\SecuritySystem.axf" 
Connecting: Mode=JTAG, Speed=1000000Hz
Connection failed!, error code=&d
Error: Flash Download failed  -  Target DLL has been cancelled
</pre>
</body>
</html>
ist the image map.
Finished: 2 information, 0 warning and 2 error messages.
".\SecuritySystem.axf" - 2 Error(s), 0 Warning(s).
Target not created
