ARM Linker, 5.03 [Build 76] [MDK-ARM Professional]

==============================================================================

Section Cross References

    main.o(i.CommunicateWithServer) refers to timer1.o(i.Timer1_StartWatch) for Timer1_StartWatch
    main.o(i.CommunicateWithServer) refers to strlen.o(.text) for strlen
    main.o(i.CommunicateWithServer) refers to netapp.o(i.sl_NetAppDnsGetHostByName) for sl_NetAppDnsGetHostByName
    main.o(i.CommunicateWithServer) refers to socket.o(i.sl_Htons) for sl_Htons
    main.o(i.CommunicateWithServer) refers to socket.o(i.sl_Htonl) for sl_Htonl
    main.o(i.CommunicateWithServer) refers to socket.o(i.sl_Socket) for sl_Socket
    main.o(i.CommunicateWithServer) refers to socket.o(i.sl_Connect) for sl_Connect
    main.o(i.CommunicateWithServer) refers to strcpy.o(.text) for strcpy
    main.o(i.CommunicateWithServer) refers to socket.o(i.sl_Send) for sl_Send
    main.o(i.CommunicateWithServer) refers to socket.o(i.sl_Recv) for sl_Recv
    main.o(i.CommunicateWithServer) refers to socket.o(i.sl_Close) for sl_Close
    main.o(i.CommunicateWithServer) refers to led.o(i.LED_GreenOn) for LED_GreenOn
    main.o(i.CommunicateWithServer) refers to uartstdio.o(i.UARTprintf) for UARTprintf
    main.o(i.CommunicateWithServer) refers to timer1.o(i.Timer1_StopWatch) for Timer1_StopWatch
    main.o(i.CommunicateWithServer) refers to st7735.o(i.ST7735_OutUDec) for ST7735_OutUDec
    main.o(i.CommunicateWithServer) refers to st7735.o(i.ST7735_OutString) for ST7735_OutString
    main.o(i.CommunicateWithServer) refers to main.o(.data) for .data
    main.o(i.ConnectWithAccessPoint) refers to uartstdio.o(i.UARTprintf) for UARTprintf
    main.o(i.ConnectWithAccessPoint) refers to main.o(i.configureSimpleLinkToDefaultState) for configureSimpleLinkToDefaultState
    main.o(i.ConnectWithAccessPoint) refers to device.o(i.sl_Start) for sl_Start
    main.o(i.ConnectWithAccessPoint) refers to main.o(i.Crash) for Crash
    main.o(i.ConnectWithAccessPoint) refers to wlan.o(i.sl_WlanConnect) for sl_WlanConnect
    main.o(i.ConnectWithAccessPoint) refers to nonos.o(i._SlNonOsMainLoopTask) for _SlNonOsMainLoopTask
    main.o(i.ConnectWithAccessPoint) refers to main.o(.data) for .data
    main.o(i.Crash) refers to led.o(i.LED_RedToggle) for LED_RedToggle
    main.o(i.ParseBuffer) refers to main.o(i.CompareString) for CompareString
    main.o(i.ParseBuffer) refers to main.o(.data) for .data
    main.o(i.ReadVoltage) refers to adcswtrigger.o(i.ADC0_InSeq3) for ADC0_InSeq3
    main.o(i.ReadVoltage) refers to st7735.o(i.ST7735_OutChar) for ST7735_OutChar
    main.o(i.ReadVoltage) refers to st7735.o(i.ST7735_OutString) for ST7735_OutString
    main.o(i.SimpleLinkGeneralEventHandler) refers to uartstdio.o(i.UARTprintf) for UARTprintf
    main.o(i.SimpleLinkHttpServerCallback) refers to uartstdio.o(i.UARTprintf) for UARTprintf
    main.o(i.SimpleLinkNetAppEventHandler) refers to uartstdio.o(i.UARTprintf) for UARTprintf
    main.o(i.SimpleLinkNetAppEventHandler) refers to main.o(.data) for .data
    main.o(i.SimpleLinkSockEventHandler) refers to uartstdio.o(i.UARTprintf) for UARTprintf
    main.o(i.SimpleLinkSockEventHandler) refers to main.o(.constdata) for .constdata
    main.o(i.SimpleLinkWlanEventHandler) refers to uartstdio.o(i.UARTprintf) for UARTprintf
    main.o(i.SimpleLinkWlanEventHandler) refers to main.o(.data) for .data
    main.o(i.UART_Init) refers to sysctl.o(i.SysCtlPeripheralEnable) for SysCtlPeripheralEnable
    main.o(i.UART_Init) refers to gpio.o(i.GPIOPinConfigure) for GPIOPinConfigure
    main.o(i.UART_Init) refers to gpio.o(i.GPIOPinTypeUART) for GPIOPinTypeUART
    main.o(i.UART_Init) refers to uartstdio.o(i.UARTStdioConfig) for UARTStdioConfig
    main.o(i.configureSimpleLinkToDefaultState) refers to memseta.o(.text) for __aeabi_memclr4
    main.o(i.configureSimpleLinkToDefaultState) refers to device.o(i.sl_Start) for sl_Start
    main.o(i.configureSimpleLinkToDefaultState) refers to wlan.o(i.sl_WlanSetMode) for sl_WlanSetMode
    main.o(i.configureSimpleLinkToDefaultState) refers to device.o(i.sl_Stop) for sl_Stop
    main.o(i.configureSimpleLinkToDefaultState) refers to device.o(i.sl_DevGet) for sl_DevGet
    main.o(i.configureSimpleLinkToDefaultState) refers to wlan.o(i.sl_WlanPolicySet) for sl_WlanPolicySet
    main.o(i.configureSimpleLinkToDefaultState) refers to wlan.o(i.sl_WlanProfileDel) for sl_WlanProfileDel
    main.o(i.configureSimpleLinkToDefaultState) refers to wlan.o(i.sl_WlanDisconnect) for sl_WlanDisconnect
    main.o(i.configureSimpleLinkToDefaultState) refers to netcfg.o(i.sl_NetCfgSet) for sl_NetCfgSet
    main.o(i.configureSimpleLinkToDefaultState) refers to wlan.o(i.sl_WlanSet) for sl_WlanSet
    main.o(i.configureSimpleLinkToDefaultState) refers to netapp.o(i.sl_NetAppMDNSUnRegisterService) for sl_NetAppMDNSUnRegisterService
    main.o(i.configureSimpleLinkToDefaultState) refers to main.o(.data) for .data
[...]
    Removing uartstdio.o(i.UARTRxBytesAvail), (16 bytes).
    Removing uartstdio.o(i.UARTTxBytesFree), (24 bytes).
    Removing uartstdio.o(i.UARTgetc), (44 bytes).
    Removing uartstdio.o(i.UARTgets), (100 bytes).
    Removing ustdlib.o(i.ucmptime), (82 bytes).
    Removing ustdlib.o(i.ulocaltime), (168 bytes).
    Removing ustdlib.o(i.umktime), (58 bytes).
    Removing ustdlib.o(i.urand), (28 bytes).
    Removing ustdlib.o(i.usnprintf), (18 bytes).
    Removing ustdlib.o(i.usprintf), (22 bytes).
    Removing ustdlib.o(i.usrand), (12 bytes).
    Removing ustdlib.o(i.ustrcasecmp), (8 bytes).
    Removing ustdlib.o(i.ustrcmp), (8 bytes).
    Removing ustdlib.o(i.ustrlen), (16 bytes).
    Removing ustdlib.o(i.ustrncasecmp), (70 bytes).
    Removing ustdlib.o(i.ustrncmp), (46 bytes).
    Removing ustdlib.o(i.ustrncpy), (34 bytes).
    Removing ustdlib.o(i.ustrstr), (42 bytes).
    Removing ustdlib.o(i.ustrtof), (320 bytes).
    Removing ustdlib.o(i.ustrtoul), (154 bytes).
    Removing ustdlib.o(i.uvsnprintf), (592 bytes).
    Removing ustdlib.o(.constdata), (76 bytes).
    Removing ustdlib.o(.conststring), (17 bytes).
    Removing ustdlib.o(.data), (4 bytes).
    Removing st7735.o(i.Output_Clear), (6 bytes).
    Removing st7735.o(i.Output_Color), (12 bytes).
    Removing st7735.o(i.Output_Init), (18 bytes).
    Removing st7735.o(i.Output_Off), (6 bytes).
    Removing st7735.o(i.Output_On), (4 bytes).
    Removing st7735.o(i.ST7735_Color565), (20 bytes).
    Removing st7735.o(i.ST7735_DrawBitmap), (232 bytes).
    Removing st7735.o(i.ST7735_DrawChar), (200 bytes).
    Removing st7735.o(i.ST7735_DrawFastHLine), (84 bytes).
    Removing st7735.o(i.ST7735_DrawFastVLine), (84 bytes).
    Removing st7735.o(i.ST7735_InitB), (44 bytes).
    Removing st7735.o(i.ST7735_InvertDisplay), (12 bytes).
    Removing st7735.o(i.ST7735_Line), (176 bytes).
    Removing st7735.o(i.ST7735_PlotBar), (60 bytes).
    Removing st7735.o(i.ST7735_PlotClear), (60 bytes).
    Removing st7735.o(i.ST7735_PlotLine), (204 bytes).
    Removing st7735.o(i.ST7735_PlotNext), (24 bytes).
    Removing st7735.o(i.ST7735_PlotNextErase), (52 bytes).
    Removing st7735.o(i.ST7735_PlotPoint), (120 bytes).
    Removing st7735.o(i.ST7735_PlotPoints), (128 bytes).
    Removing st7735.o(i.ST7735_PlotdBfs), (52 bytes).
    Removing st7735.o(i.ST7735_SetRotation), (116 bytes).
    Removing st7735.o(i.ST7735_SetTextColor), (12 bytes).
    Removing st7735.o(i.ST7735_SwapColor), (16 bytes).
    Removing st7735.o(i.ferror), (6 bytes).
    Removing st7735.o(i.fgetc), (4 bytes).
    Removing st7735.o(i.fputc), (12 bytes).
    Removing timer1.o(i.Timer1A_Handler), (12 bytes).
    Removing timer1.o(.data), (4 bytes).
    Removing fpu.o(i.FPUDisable), (16 bytes).
    Removing fpu.o(i.FPUFlushToZeroModeSet), (20 bytes).
    Removing fpu.o(i.FPUHalfPrecisionModeSet), (20 bytes).
    Removing fpu.o(i.FPUNaNModeSet), (20 bytes).
    Removing fpu.o(i.FPURoundingModeSet), (20 bytes).
    Removing fpu.o(i.FPUStackingDisable), (16 bytes).
    Removing fpu.o(i.FPUStackingEnable), (20 bytes).
    Removing gpio.o(i.GPIOADCTriggerDisable), (14 bytes).
    Removing gpio.o(i.GPIOADCTriggerEnable), (14 bytes).
    Removing gpio.o(i.GPIODMATriggerDisable), (14 bytes).
    Removing gpio.o(i.GPIODMATriggerEnable), (14 bytes).
    Removing gpio.o(i.GPIODirModeGet), (34 bytes).
    Removing gpio.o(i.GPIOIntRegister), (88 bytes).
    Removing gpio.o(i.GPIOIntTypeGet), (68 bytes).
    Removing gpio.o(i.GPIOIntUnregister), (88 bytes).
    Removing gpio.o(i.GPIOPadConfigGet), (204 bytes).
    Removing gpio.o(i.GPIOPinRead), (6 bytes).
    Removing gpio.o(i.GPIOPinTypeADC), (28 bytes).
    Removing gpio.o(i.GPIOPinTypeCAN), (28 bytes).
    Removing gpio.o(i.GPIOPinTypeCIR), (28 bytes).
    Removing gpio.o(i.GPIOPinTypeComparator), (28 bytes).
    Removing gpio.o(i.GPIOPinTypeEPI), (28 bytes).
    Removing gpio.o(i.GPIOPinTypeEthernetLED), (28 bytes).
    Removing gpio.o(i.GPIOPinTypeEthernetMII), (28 bytes).
    Removing gpio.o(i.GPIOPinTypeGPIOOutputOD), (28 bytes).
    Removing gpio.o(i.GPIOPinTypeI2C), (28 bytes).
    Removing gpio.o(i.GPIOPinTypeI2CSCL), (28 bytes).
    Removing gpio.o(i.GPIOPinTypeKBColumn), (28 bytes).
    Removing gpio.o(i.GPIOPinTypeKBRow), (28 bytes).
    Removing gpio.o(i.GPIOPinTypeLCD), (28 bytes).
    Removing gpio.o(i.GPIOPinTypeLEDSeq), (28 bytes).
    Removing gpio.o(i.GPIOPinTypeLPC), (28 bytes).
    Removing gpio.o(i.GPIOPinTypePECIRx), (28 bytes).
    Removing gpio.o(i.GPIOPinTypePECITx), (28 bytes).
    Removing gpio.o(i.GPIOPinTypePWM), (28 bytes).
    Removing gpio.o(i.GPIOPinTypeQEI), (28 bytes).
    Removing gpio.o(i.GPIOPinTypeTimer), (28 bytes).
    Removing gpio.o(i.GPIOPinTypeUSBAnalog), (28 bytes).
    Removing gpio.o(i.GPIOPinTypeUSBDigital), (28 bytes).
    Removing gpio.o(i.GPIOPinTypeWakeHigh), (30 bytes).
    Removing gpio.o(i.GPIOPinTypeWakeLow), (30 bytes).
    Removing gpio.o(i.GPIOPinWakeStatus), (6 bytes).
    Removing interrupt.o(i.IntDisable), (100 bytes).
    Removing interrupt.o(i.IntIsEnabled), (96 bytes).
    Removing interrupt.o(i.IntMasterDisable), (14 bytes).
    Removing interrupt.o(i.IntPendClear), (68 bytes).
    Removing interrupt.o(i.IntPendSet), (84 bytes).
    Removing interrupt.o(i.IntPriorityGet), (28 bytes).
    Removing interrupt.o(i.IntPriorityGroupingGet), (36 bytes).
    Removing interrupt.o(i.IntPriorityGroupingSet), (28 bytes).
    Removing interrupt.o(i.IntPriorityMaskGet), (4 bytes).
    Removing interrupt.o(i.IntPriorityMaskSet), (4 bytes).
    Removing interrupt.o(i.IntPrioritySet), (40 bytes).
    Removing interrupt.o(i.IntRegister), (52 bytes).
    Removing interrupt.o(i.IntTrigger), (12 bytes).
    Removing interrupt.o(i.IntUnregister), (20 bytes).
    Removing interrupt.o(i._IntDefaultHandler), (2 bytes).
    Removing interrupt.o(vtable), (620 bytes).
    Removing ssi.o(i.SSIAdvDataPutFrameEnd), (20 bytes).
    Removing ssi.o(i.SSIAdvDataPutFrameEndNonBlocking), (26 bytes).
    Removing ssi.o(i.SSIAdvFrameHoldDisable), (10 bytes).
    Removing ssi.o(i.SSIAdvFrameHoldEnable), (10 bytes).
    Removing ssi.o(i.SSIAdvModeSet), (12 bytes).
    Removing ssi.o(i.SSIBusy), (8 bytes).
    Removing ssi.o(i.SSIClockSourceGet), (6 bytes).
    Removing ssi.o(i.SSIClockSourceSet), (6 bytes).
    Removing ssi.o(i.SSIDMADisable), (10 bytes).
    Removing ssi.o(i.SSIDMAEnable), (8 bytes).
    Removing ssi.o(i.SSIDataGet), (14 bytes).
    Removing ssi.o(i.SSIDataPut), (12 bytes).
    Removing ssi.o(i.SSIDisable), (10 bytes).
    Removing ssi.o(i.SSIIntClear), (4 bytes).
    Removing ssi.o(i.SSIIntDisable), (10 bytes).
    Removing ssi.o(i.SSIIntEnable), (8 bytes).
    Removing ssi.o(i.SSIIntRegister), (88 bytes).
    Removing ssi.o(i.SSIIntStatus), (10 bytes).
    Removing ssi.o(i.SSIIntUnregister), (88 bytes).
    Removing ssi.o(.constdata), (64 bytes).
    Removing sysctl.o(i.SysCtlAltClkConfig), (12 bytes).
    Removing sysctl.o(i.SysCtlClockFreqSet), (712 bytes).
    Removing sysctl.o(i.SysCtlClockOutConfig), (16 bytes).
    Removing sysctl.o(i.SysCtlDeepSleep), (32 bytes).
    Removing sysctl.o(i.SysCtlDeepSleepClockConfigSet), (112 bytes).
    Removing sysctl.o(i.SysCtlDeepSleepClockSet), (12 bytes).
    Removing sysctl.o(i.SysCtlDeepSleepPowerSet), (12 bytes).
    Removing sysctl.o(i.SysCtlFlashSectorSizeGet), (56 bytes).
    Removing sysctl.o(i.SysCtlFlashSizeGet), (56 bytes).
    Removing sysctl.o(i.SysCtlGPIOAHBDisable), (28 bytes).
    Removing sysctl.o(i.SysCtlGPIOAHBEnable), (24 bytes).
    Removing sysctl.o(i.SysCtlIntClear), (12 bytes).
    Removing sysctl.o(i.SysCtlIntDisable), (16 bytes).
    Removing sysctl.o(i.SysCtlIntEnable), (16 bytes).
    Removing sysctl.o(i.SysCtlIntRegister), (20 bytes).
    Removing sysctl.o(i.SysCtlIntStatus), (16 bytes).
    Removing sysctl.o(i.SysCtlIntUnregister), (18 bytes).
    Removing sysctl.o(i.SysCtlLDODeepSleepGet), (12 bytes).
    Removing sysctl.o(i.SysCtlLDODeepSleepSet), (12 bytes).
    Removing sysctl.o(i.SysCtlLDOSleepGet), (12 bytes).
    Removing sysctl.o(i.SysCtlLDOSleepSet), (12 bytes).
    Removing sysctl.o(i.SysCtlMOSCConfigSet), (12 bytes).
    Removing sysctl.o(i.SysCtlNMIClear), (16 bytes).
    Removing sysctl.o(i.SysCtlNMIStatus), (12 bytes).
    Removing sysctl.o(i.SysCtlPIOSCCalibrate), (76 bytes).
    Removing sysctl.o(i.SysCtlPWMClockGet), (24 bytes).
    Removing sysctl.o(i.SysCtlPWMClockSet), (20 bytes).
    Removing sysctl.o(i.SysCtlPeripheralClockGating), (68 bytes).
    Removing sysctl.o(i.SysCtlPeripheralDeepSleepDisable), (40 bytes).
    Removing sysctl.o(i.SysCtlPeripheralDeepSleepEnable), (40 bytes).
    Removing sysctl.o(i.SysCtlPeripheralDisable), (40 bytes).
    Removing sysctl.o(i.SysCtlPeripheralPowerOff), (40 bytes).
    Removing sysctl.o(i.SysCtlPeripheralPowerOn), (40 bytes).
    Removing sysctl.o(i.SysCtlPeripheralPresent), (44 bytes).
    Removing sysctl.o(i.SysCtlPeripheralReady), (44 bytes).
    Removing sysctl.o(i.SysCtlPeripheralReset), (60 bytes).
    Removing sysctl.o(i.SysCtlPeripheralSleepDisable), (40 bytes).
    Removing sysctl.o(i.SysCtlPeripheralSleepEnable), (40 bytes).
    Removing sysctl.o(i.SysCtlReset), (16 bytes).
    Removing sysctl.o(i.SysCtlResetBehaviorGet), (12 bytes).
    Removing sysctl.o(i.SysCtlResetBehaviorSet), (12 bytes).
    Removing sysctl.o(i.SysCtlResetCauseClear), (16 bytes).
    Removing sysctl.o(i.SysCtlResetCauseGet), (12 bytes).
    Removing sysctl.o(i.SysCtlSRAMSizeGet), (16 bytes).
    Removing sysctl.o(i.SysCtlSleep), (4 bytes).
    Removing sysctl.o(i.SysCtlSleepPowerSet), (12 bytes).
    Removing sysctl.o(i.SysCtlUSBPLLDisable), (16 bytes).
    Removing sysctl.o(i.SysCtlUSBPLLEnable), (16 bytes).
    Removing sysctl.o(i.SysCtlVoltageEventClear), (16 bytes).
    Removing sysctl.o(i.SysCtlVoltageEventConfig), (12 bytes).
    Removing sysctl.o(i.SysCtlVoltageEventStatus), (12 bytes).
    Removing uart.o(i.UART9BitAddrSend), (38 bytes).
    Removing uart.o(i.UART9BitAddrSet), (10 bytes).
    Removing uart.o(i.UART9BitDisable), (14 bytes).
    Removing uart.o(i.UART9BitEnable), (14 bytes).
    Removing uart.o(i.UARTBreakCtl), (18 bytes).
    Removing uart.o(i.UARTBusy), (8 bytes).
    Removing uart.o(i.UARTCharGet), (12 bytes).
    Removing uart.o(i.UARTCharGetNonBlocking), (16 bytes).
    Removing uart.o(i.UARTCharPut), (12 bytes).
    Removing uart.o(i.UARTCharPutNonBlocking), (16 bytes).
    Removing uart.o(i.UARTCharsAvail), (10 bytes).
    Removing uart.o(i.UARTClockSourceGet), (6 bytes).
    Removing uart.o(i.UARTClockSourceSet), (6 bytes).
    Removing uart.o(i.UARTConfigGetExpClk), (46 bytes).
    Removing uart.o(i.UARTConfigSetExpClk), (110 bytes).
    Removing uart.o(i.UARTDMADisable), (10 bytes).
    Removing uart.o(i.UARTDMAEnable), (8 bytes).
    Removing uart.o(i.UARTDisable), (30 bytes).
    Removing uart.o(i.UARTDisableSIR), (10 bytes).
    Removing uart.o(i.UARTEnable), (20 bytes).
    Removing uart.o(i.UARTEnableSIR), (18 bytes).
    Removing uart.o(i.UARTFIFODisable), (10 bytes).
    Removing uart.o(i.UARTFIFOEnable), (10 bytes).
    Removing uart.o(i.UARTFIFOLevelGet), (16 bytes).
    Removing uart.o(i.UARTFIFOLevelSet), (6 bytes).
    Removing uart.o(i.UARTFlowControlGet), (8 bytes).
    Removing uart.o(i.UARTFlowControlSet), (12 bytes).
    Removing uart.o(i.UARTIntClear), (4 bytes).
    Removing uart.o(i.UARTIntDisable), (10 bytes).
    Removing uart.o(i.UARTIntEnable), (8 bytes).
    Removing uart.o(i.UARTIntRegister), (88 bytes).
    Removing uart.o(i.UARTIntStatus), (10 bytes).
    Removing uart.o(i.UARTIntUnregister), (88 bytes).
    Removing uart.o(i.UARTModemControlClear), (14 bytes).
    Removing uart.o(i.UARTModemControlGet), (8 bytes).
    Removing uart.o(i.UARTModemControlSet), (12 bytes).
    Removing uart.o(i.UARTModemStatusGet), (10 bytes).
    Removing uart.o(i.UARTParityModeGet), (8 bytes).
    Removing uart.o(i.UARTParityModeSet), (12 bytes).
    Removing uart.o(i.UARTRxErrorClear), (6 bytes).
    Removing uart.o(i.UARTRxErrorGet), (8 bytes).
    Removing uart.o(i.UARTSmartCardDisable), (10 bytes).
    Removing uart.o(i.UARTSmartCardEnable), (22 bytes).
    Removing uart.o(i.UARTSpaceAvail), (10 bytes).
    Removing uart.o(i.UARTTxIntModeGet), (8 bytes).
    Removing uart.o(i.UARTTxIntModeSet), (12 bytes).
    Removing uart.o(.constdata), (128 bytes).

315 unused section(s) (total 16892 bytes) removed from the image.

==============================================================================

Image Symbol Table

    Local Symbols

    Symbol Name                              Value     Ov Type        Size  Object(Section)

    RESET                                    0x00000000   Section      648  startup_rvmdk.o(RESET)
    ../clib/microlib/init/entry.s            0x00000000   Number         0  entry2.o ABSOLUTE
    ../clib/microlib/init/entry.s            0x00000000   Number         0  entry9b.o ABSOLUTE
    ../clib/microlib/init/entry.s            0x00000000   Number         0  entry9a.o ABSOLUTE
    ../clib/microlib/init/entry.s            0x00000000   Number         0  entry10a.o ABSOLUTE
    ../clib/microlib/init/entry.s            0x00000000   Number         0  entry7b.o ABSOLUTE
    ../clib/microlib/init/entry.s            0x00000000   Number         0  entry10b.o ABSOLUTE
    ../clib/microlib/init/entry.s            0x00000000   Number         0  entry11a.o ABSOLUTE
    ../clib/microlib/init/entry.s            0x00000000   Number         0  entry11b.o ABSOLUTE
    ../clib/microlib/init/entry.s            0x00000000   Number         0  entry.o ABSOLUTE
    ../clib/microlib/init/entry.s            0x00000000   Number         0  entry7a.o ABSOLUTE
    ../clib/microlib/init/entry.s            0x00000000   Number         0  entry5.o ABSOLUTE
    ../clib/microlib/init/entry.s            0x00000000   Number         0  entry8b.o ABSOLUTE
    ../clib/microlib/init/entry.s            0x00000000   Number         0  entry8a.o ABSOLUTE
    ../clib/microlib/malloc/malloc.c         0x00000000   Number         0  mallocra.o ABSOLUTE
    ../clib/microlib/malloc/malloc.c         0x00000000   Number         0  malloca.o ABSOLUTE
    ../clib/microlib/malloc/malloc.c         0x00000000   Number         0  mallocr.o ABSOLUTE
    ../clib/microlib/malloc/malloc.c         0x00000000   Number         0  malloc.o ABSOLUTE
    ../clib/microlib/malloc/mvars.c          0x00000000   Number         0  mvars.o ABSOLUTE
    ../clib/microlib/string/memcpy.c         0x00000000   Number         0  memcpya.o ABSOLUTE
    ../clib/microlib/string/memcpy.c         0x00000000   Number         0  memcpyb.o ABSOLUTE
    ../clib/microlib/string/memset.c         0x00000000   Number         0  memseta.o ABSOLUTE
    ../clib/microlib/string/strcat.c         0x00000000   Number         0  strcat.o ABSOLUTE
    ../clib/microlib/string/strcpy.c         0x00000000   Number         0  strcpy.o ABSOLUTE
    ../clib/microlib/string/strlen.c         0x00000000   Number         0  strlen.o ABSOLUTE
    ..\cc3100\platform\ek-tm4c123gxl\board.c 0x00000000   Number         0  board.o ABSOLUTE
    ..\cc3100\platform\ek-tm4c123gxl\spi.c   0x00000000   Number         0  spi.o ABSOLUTE
    ..\cc3100\platform\ek-tm4c123gxl\uart.c  0x00000000   Number         0  uart.o ABSOLUTE
    ..\cc3100\simplelink\source\device.c     0x00000000   Number         0  device.o ABSOLUTE
    ..\cc3100\simplelink\source\driver.c     0x00000000   Number         0  driver.o ABSOLUTE
    ..\cc3100\simplelink\source\flowcont.c   0x00000000   Number         0  flowcont.o ABSOLUTE
    ..\cc3100\simplelink\source\fs.c         0x00000000   Number         0  fs.o ABSOLUTE
    ..\cc3100\simplelink\source\netapp.c     0x00000000   Number         0  netapp.o ABSOLUTE
    ..\cc3100\simplelink\source\netcfg.c     0x00000000   Number         0  netcfg.o ABSOLUTE
    ..\cc3100\simplelink\source\nonos.c      0x00000000   Number         0  nonos.o ABSOLUTE
    ..\cc3100\simplelink\source\socket.c     0x00000000   Number         0  socket.o ABSOLUTE
    ..\cc3100\simplelink\source\spawn.c      0x00000000   Number         0  spawn.o ABSOLUTE
    ..\cc3100\simplelink\source\wlan.c       0x00000000   Number         0  wlan.o ABSOLUTE
    ..\utils\uartstdio.c                     0x00000000   Number         0  uartstdio.o ABSOLUTE
    ..\utils\ustdlib.c                       0x00000000   Number         0  ustdlib.o ABSOLUTE
    ADCSWTrigger.c                           0x00000000   Number         0  adcswtrigger.o ABSOLUTE
    LED.c                                    0x00000000   Number         0  led.o ABSOLUTE
    Nokia5110.c                              0x00000000   Number         0  nokia5110.o ABSOLUTE
    ST7735.c                                 0x00000000   Number         0  st7735.o ABSOLUTE
    Timer1.c                                 0x00000000   Number         0  timer1.o ABSOLUTE
    cpu.c                                    0x00000000   Number         0  cpu.o ABSOLUTE
    cpu.c                                    0x00000000   Number         0  cpu.o ABSOLUTE
    dc.s                                     0x00000000   Number         0  dc.o ABSOLUTE
    fpu.c                                    0x00000000   Number         0  fpu.o ABSOLUTE
    gpio.c                                   0x00000000   Number         0  gpio.o ABSOLUTE
    handlers.s                               0x00000000   Number         0  handlers.o ABSOLUTE
    init.s                                   0x00000000   Number         0  init.o ABSOLUTE
    interrupt.c                              0x00000000   Number         0  interrupt.o ABSOLUTE
    main.c                                   0x00000000   Number         0  main.o ABSOLUTE
    ssi.c                                    0x00000000   Number         0  ssi.o ABSOLUTE
    startup_rvmdk.S                          0x00000000   Number         0  startup_rvmdk.o ABSOLUTE
    sysctl.c                                 0x00000000   Number         0  sysctl.o ABSOLUTE
    sysctl.c                                 0x00000000   Number         0  sysctl.o ABSOLUTE
    uart.c                                   0x00000000   Number         0  uart.o ABSOLUTE
    $v0                                      0x0000026c   Number         0  startup_rvmdk.o(RESET)
    NmiSR                                    0x00000281   Thumb Code     0  startup_rvmdk.o(RESET)
    FaultISR                                 0x00000283   Thumb Code     0  startup_rvmdk.o(RESET)
    IntDefaultHandler                        0x00000285   Thumb Code     0  startup_rvmdk.o(RESET)
    .ARM.Collect$$$$00000000                 0x00000288   Section        0  entry.o(.ARM.Collect$$$$00000000)
    .ARM.Collect$$$$00000001                 0x00000288   Section        4  entry2.o(.ARM.Collect$$$$00000001)
    .ARM.Collect$$$$00000004                 0x0000028c   Section        4  entry5.o(.ARM.Collect$$$$00000004)
    .ARM.Collect$$$$00000008                 0x00000290   Section        0  entry7b.o(.ARM.Collect$$$$00000008)
    .ARM.Collect$$$$0000000A                 0x00000290   Section        0  entry8b.o(.ARM.Collect$$$$0000000A)
    .ARM.Collect$$$$0000000B                 0x00000290   Section        8  entry9a.o(.ARM.Collect$$$$0000000B)
    .ARM.Collect$$$$0000000D                 0x00000298   Section        0  entry10a.o(.ARM.Collect$$$$0000000D)
    .ARM.Collect$$$$0000000F                 0x00000298   Section        0  entry11a.o(.ARM.Collect$$$$0000000F)
    .ARM.Collect$$$$00002712                 0x00000298   Section        4  entry2.o(.ARM.Collect$$$$00002712)
    __lit__00000000                          0x00000298   Data           4  entry2.o(.ARM.Collect$$$$00002712)
    .emb_text                                0x0000029c   Section        6  sysctl.o(.emb_text)
    $v0                                      0x0000029c   Number         0  sysctl.o(.emb_text)
    .emb_text                                0x000002a4   Section       38  cpu.o(.emb_text)
    $v0                                      0x000002a4   Number         0  cpu.o(.emb_text)
    .text                                    0x000002ca   Section        0  memcpya.o(.text)
    .text                                    0x000002ee   Section        0  memseta.o(.text)
    .text                                    0x00000312   Section        0  strcat.o(.text)
    .text                                    0x0000032a   Section        0  strlen.o(.text)
    .text                                    0x00000338   Section        0  strcpy.o(.text)
    .text                                    0x0000034c   Section       36  init.o(.text)
    i.ADC0_InSeq3                            0x00000370   Section        0  adcswtrigger.o(i.ADC0_InSeq3)
    i.ADC0_InitSWTriggerSeq3_Ch9             0x0000038c   Section        0  adcswtrigger.o(i.ADC0_InitSWTriggerSeq3_Ch9)
    i.Board_Input                            0x00000448   Section        0  led.o(i.Board_Input)
    i.CC3100_InterruptDisable                0x0000045c   Section        0  board.o(i.CC3100_InterruptDisable)
    i.CC3100_InterruptEnable                 0x00000468   Section        0  board.o(i.CC3100_InterruptEnable)
    i.CC3100_disable                         0x00000474   Section        0  board.o(i.CC3100_disable)
    i.CC3100_enable                          0x00000484   Section        0  board.o(i.CC3100_enable)
    i.CommunicateWithServer                  0x00000494   Section        0  main.o(i.CommunicateWithServer)
    i.CompareString                          0x00000580   Section        0  main.o(i.CompareString)
    i.ConnectWithAccessPoint                 0x0000059c   Section        0  main.o(i.ConnectWithAccessPoint)
    i.CopyPingResultsToReport                0x00000644   Section        0  netapp.o(i.CopyPingResultsToReport)
    i.Crash                                  0x0000065e   Section        0  main.o(i.Crash)
    i.Delay1ms                               0x00000670   Section        0  st7735.o(i.Delay1ms)
    i.FPUEnable                              0x0000068c   Section        0  fpu.o(i.FPUEnable)
    i.FPULazyStackingEnable                  0x0000069c   Section        0  fpu.o(i.FPULazyStackingEnable)
    i.GPIOB_intHandler                       0x000006ac   Section        0  board.o(i.GPIOB_intHandler)
    i.GPIODirModeSet                         0x000006e0   Section        0  gpio.o(i.GPIODirModeSet)
    i.GPIOIntClear                           0x00000708   Section        0  gpio.o(i.GPIOIntClear)
    i.GPIOIntDisable                         0x0000070e   Section        0  gpio.o(i.GPIOIntDisable)
    i.GPIOIntEnable                          0x0000071c   Section        0  gpio.o(i.GPIOIntEnable)
    i.GPIOIntStatus                          0x0000072a   Section        0  gpio.o(i.GPIOIntStatus)
    i.GPIOIntTypeSet                         0x00000738   Section        0  gpio.o(i.GPIOIntTypeSet)
    i.GPIOPadConfigSet                       0x00000788   Section        0  gpio.o(i.GPIOPadConfigSet)
    i.GPIOPinConfigure                       0x000008c4   Section        0  gpio.o(i.GPIOPinConfigure)
    i.GPIOPinTypeGPIOInput                   0x0000090c   Section        0  gpio.o(i.GPIOPinTypeGPIOInput)
    i.GPIOPinTypeGPIOOutput                  0x00000928   Section        0  gpio.o(i.GPIOPinTypeGPIOOutput)
    i.GPIOPinTypeSSI                         0x00000944   Section        0  gpio.o(i.GPIOPinTypeSSI)
    i.GPIOPinTypeUART                        0x00000960   Section        0  gpio.o(i.GPIOPinTypeUART)
    i.GPIOPinWrite                           0x0000097c   Section        0  gpio.o(i.GPIOPinWrite)
    i.GetStartResponseConvert                0x00000982   Section        0  device.o(i.GetStartResponseConvert)
    i.IntEnable                              0x000009c8   Section        0  interrupt.o(i.IntEnable)
    i.IntMasterEnable                        0x00000a2c   Section        0  interrupt.o(i.IntMasterEnable)
    i.IsBufferEmpty                          0x00000a3a   Section        0  uartstdio.o(i.IsBufferEmpty)
    IsBufferEmpty                            0x00000a3b   Thumb Code    16  uartstdio.o(i.IsBufferEmpty)
    i.IsBufferFull                           0x00000a4a   Section        0  uartstdio.o(i.IsBufferFull)
    IsBufferFull                             0x00000a4b   Thumb Code    26  uartstdio.o(i.IsBufferFull)
    i.LED_GreenOff                           0x00000a64   Section        0  led.o(i.LED_GreenOff)
    i.LED_GreenOn                            0x00000a70   Section        0  led.o(i.LED_GreenOn)
    i.LED_Init                               0x00000a7c   Section        0  led.o(i.LED_Init)
    i.LED_RedToggle                          0x00000ae0   Section        0  led.o(i.LED_RedToggle)
    i.ParseBuffer                            0x00000af0   Section        0  main.o(i.ParseBuffer)
    i.ReadVoltage                            0x00000b4c   Section        0  main.o(i.ReadVoltage)
    i.SSIConfigSetExpClk                     0x00000bc0   Section        0  ssi.o(i.SSIConfigSetExpClk)
    i.SSIDataGetNonBlocking                  0x00000c0a   Section        0  ssi.o(i.SSIDataGetNonBlocking)
    i.SSIDataPutNonBlocking                  0x00000c1e   Section        0  ssi.o(i.SSIDataPutNonBlocking)
    i.SSIEnable                              0x00000c2e   Section        0  ssi.o(i.SSIEnable)
    i.ST7735_DrawCharS                       0x00000c38   Section        0  st7735.o(i.ST7735_DrawCharS)
    i.ST7735_DrawPixel                       0x00000cf4   Section        0  st7735.o(i.ST7735_DrawPixel)
    i.ST7735_DrawString                      0x00000d30   Section        0  st7735.o(i.ST7735_DrawString)
    i.ST7735_FillRect                        0x00000d84   Section        0  st7735.o(i.ST7735_FillRect)
    i.ST7735_FillScreen                      0x00000dfc   Section        0  st7735.o(i.ST7735_FillScreen)
    i.ST7735_InitR                           0x00000e18   Section        0  st7735.o(i.ST7735_InitR)
    i.ST7735_OutChar                         0x00000e80   Section        0  st7735.o(i.ST7735_OutChar)
    i.ST7735_OutString                       0x00000f24   Section        0  st7735.o(i.ST7735_OutString)
    i.ST7735_OutUDec                         0x00000f38   Section        0  st7735.o(i.ST7735_OutUDec)
    i.ST7735_SetCursor                       0x00000f90   Section        0  st7735.o(i.ST7735_SetCursor)
    i.SimpleLinkHttpServerCallback           0x00000fa4   Section        0  main.o(i.SimpleLinkHttpServerCallback)
    i.SimpleLinkNetAppEventHandler           0x00000fd0   Section        0  main.o(i.SimpleLinkNetAppEventHandler)
    i.SimpleLinkWlanEventHandler             0x00001010   Section        0  main.o(i.SimpleLinkWlanEventHandler)
    i.SysCtlClockGet                         0x000010e0   Section        0  sysctl.o(i.SysCtlClockGet)
    i.SysCtlClockSet                         0x00001244   Section        0  sysctl.o(i.SysCtlClockSet)
    i.SysCtlPeripheralEnable                 0x00001364   Section        0  sysctl.o(i.SysCtlPeripheralEnable)
    i.Timer1_Init                            0x0000138c   Section        0  timer1.o(i.Timer1_Init)
    i.Timer1_StartWatch                      0x000013d8   Section        0  timer1.o(i.Timer1_StartWatch)
    i.Timer1_StopWatch                       0x000013ec   Section        0  timer1.o(i.Timer1_StopWatch)
    i.UARTFlushRx                            0x00001400   Section        0  uartstdio.o(i.UARTFlushRx)
    i.UARTFlushTx                            0x00001428   Section        0  uartstdio.o(i.UARTFlushTx)
    i.UARTPrimeTransmit                      0x00001460   Section        0  uartstdio.o(i.UARTPrimeTransmit)
    UARTPrimeTransmit                        0x00001461   Thumb Code   108  uartstdio.o(i.UARTPrimeTransmit)
    i.UARTStdioConfig                        0x000014d8   Section        0  uartstdio.o(i.UARTStdioConfig)
    i.UARTStdioIntHandler                    0x00001570   Section        0  uartstdio.o(i.UARTStdioIntHandler)
    i.UART_Init                              0x00001678   Section        0  main.o(i.UART_Init)
    i.UARTprintf                             0x000016bc   Section        0  uartstdio.o(i.UARTprintf)
    i.UARTvprintf                            0x000016d0   Section        0  uartstdio.o(i.UARTvprintf)
    i.UARTwrite                              0x00001884   Section        0  uartstdio.o(i.UARTwrite)
    i._SlAsyncEventGenericHandler            0x00001914   Section        0  driver.o(i._SlAsyncEventGenericHandler)
    i._SlDrvBasicCmd                         0x00001bf4   Section        0  driver.o(i._SlDrvBasicCmd)
    i._SlDrvClassifyRxMsg                    0x00001c1c   Section        0  driver.o(i._SlDrvClassifyRxMsg)
    i._SlDrvCmdOp                            0x00001ca4   Section        0  driver.o(i._SlDrvCmdOp)
    i._SlDrvCmdSend                          0x00001cf8   Section        0  driver.o(i._SlDrvCmdSend)
    i._SlDrvDataReadOp                       0x00001d14   Section        0  driver.o(i._SlDrvDataReadOp)
    i._SlDrvDataWriteOp                      0x00001e64   Section        0  driver.o(i._SlDrvDataWriteOp)
    i._SlDrvDeviceEventHandler               0x00001f78   Section        0  device.o(i._SlDrvDeviceEventHandler)
    i._SlDrvDriverCBDeinit                   0x00001f94   Section        0  driver.o(i._SlDrvDriverCBDeinit)
    i._SlDrvDriverCBInit                     0x00001ff4   Section        0  driver.o(i._SlDrvDriverCBInit)
    i._SlDrvFlowContDeinit                   0x00002084   Section        0  flowcont.o(i._SlDrvFlowContDeinit)
    i._SlDrvFlowContInit                     0x000020b0   Section        0  flowcont.o(i._SlDrvFlowContInit)
    i._SlDrvMsgRead                          0x000020e0   Section        0  driver.o(i._SlDrvMsgRead)
    i._SlDrvMsgReadCmdCtx                    0x0000242c   Section        0  driver.o(i._SlDrvMsgReadCmdCtx)
    i._SlDrvMsgReadSpawnCtx                  0x000024d0   Section        0  driver.o(i._SlDrvMsgReadSpawnCtx)
    i._SlDrvMsgWrite                         0x00002558   Section        0  driver.o(i._SlDrvMsgWrite)
    i._SlDrvNetAppEventHandler               0x00002648   Section        0  netapp.o(i._SlDrvNetAppEventHandler)
    i._SlDrvObjDeInit                        0x00002710   Section        0  driver.o(i._SlDrvObjDeInit)
    i._SlDrvObjInit                          0x00002728   Section        0  driver.o(i._SlDrvObjInit)
    i._SlDrvReleasePoolObj                   0x00002764   Section        0  driver.o(i._SlDrvReleasePoolObj)
    i._SlDrvRxHdrRead                        0x00002848   Section        0  driver.o(i._SlDrvRxHdrRead)
    i._SlDrvRxIrqHandler                     0x00002974   Section        0  driver.o(i._SlDrvRxIrqHandler)
    i._SlDrvShiftDWord                       0x000029b0   Section        0  driver.o(i._SlDrvShiftDWord)
    i._SlDrvWaitForPoolObj                   0x000029c8   Section        0  driver.o(i._SlDrvWaitForPoolObj)
    i._SlFindAndSetActiveObj                 0x00002acc   Section        0  driver.o(i._SlFindAndSetActiveObj)
    i._SlNonOsMainLoopTask                   0x00002b60   Section        0  nonos.o(i._SlNonOsMainLoopTask)
    i._SlNonOsSemGet                         0x00002ba0   Section        0  nonos.o(i._SlNonOsSemGet)
    i._SlNonOsSemSet                         0x00002bd2   Section        0  nonos.o(i._SlNonOsSemSet)
    i._SlNonOsSpawn                          0x00002bd8   Section        0  nonos.o(i._SlNonOsSpawn)
    i._SlRemoveFromList                      0x00002bfc   Section        0  driver.o(i._SlRemoveFromList)
    i.__scatterload_copy                     0x00002c54   Section       14  handlers.o(i.__scatterload_copy)
    i.__scatterload_null                     0x00002c62   Section        2  handlers.o(i.__scatterload_null)
    i.__scatterload_zeroinit                 0x00002c64   Section       14  handlers.o(i.__scatterload_zeroinit)
    i._sl_BuildAddress                       0x00002c72   Section        0  socket.o(i._sl_BuildAddress)
    i._sl_HandleAsync_Accept                 0x00002c98   Section        0  socket.o(i._sl_HandleAsync_Accept)
    i._sl_HandleAsync_Connect                0x00002d0c   Section        0  socket.o(i._sl_HandleAsync_Connect)
    i._sl_HandleAsync_DnsGetHostByName       0x00002d88   Section        0  netapp.o(i._sl_HandleAsync_DnsGetHostByName)
    i._sl_HandleAsync_DnsGetHostByService    0x00002dfc   Section        0  netapp.o(i._sl_HandleAsync_DnsGetHostByService)
    i._sl_HandleAsync_InitComplete           0x00002e68   Section        0  device.o(i._sl_HandleAsync_InitComplete)
    i._sl_HandleAsync_PingResponse           0x00002eec   Section        0  netapp.o(i._sl_HandleAsync_PingResponse)
    i._sl_HandleAsync_Select                 0x00002f6c   Section        0  socket.o(i._sl_HandleAsync_Select)
    i._sl_HandleAsync_Stop                   0x00002fd0   Section        0  device.o(i._sl_HandleAsync_Stop)
    i._sl_TruncatePayloadByProtocol          0x00003030   Section        0  socket.o(i._sl_TruncatePayloadByProtocol)
    i.commandList                            0x00003084   Section        0  st7735.o(i.commandList)
    commandList                              0x00003085   Thumb Code    82  st7735.o(i.commandList)
    i.commonInit                             0x000030d8   Section        0  st7735.o(i.commonInit)
    commonInit                               0x000030d9   Thumb Code   272  st7735.o(i.commonInit)
    i.configureSimpleLinkToDefaultState      0x00003210   Section        0  main.o(i.configureSimpleLinkToDefaultState)
    configureSimpleLinkToDefaultState        0x00003211   Thumb Code   252  main.o(i.configureSimpleLinkToDefaultState)
    i.fillmessage                            0x00003320   Section        0  st7735.o(i.fillmessage)
    i.free                                   0x00003354   Section        0  malloc.o(i.free)
    i.initClk                                0x000033a4   Section        0  board.o(i.initClk)
    i.main                                   0x000033bc   Section        0  main.o(i.main)
    i.malloc                                 0x0000352c   Section        0  malloc.o(i.malloc)
    i.pushColor                              0x00003598   Section        0  st7735.o(i.pushColor)
    pushColor                                0x00003599   Thumb Code    20  st7735.o(i.pushColor)
    i.registerInterruptHandler               0x000035ac   Section        0  board.o(i.registerInterruptHandler)
    i.setAddrWindow                          0x000035b8   Section        0  st7735.o(i.setAddrWindow)
    setAddrWindow                            0x000035b9   Thumb Code   102  st7735.o(i.setAddrWindow)
    i.sl_Close                               0x00003624   Section        0  socket.o(i.sl_Close)
    i.sl_Connect                             0x00003644   Section        0  socket.o(i.sl_Connect)
    i.sl_DevGet                              0x00003730   Section        0  device.o(i.sl_DevGet)
    i.sl_Htonl                               0x000037a0   Section        0  socket.o(i.sl_Htonl)
    i.sl_Htons                               0x000037c8   Section        0  socket.o(i.sl_Htons)
    i.sl_NetAppDnsGetHostByName              0x000037f8   Section        0  netapp.o(i.sl_NetAppDnsGetHostByName)
    i.sl_NetAppMDNSRegisterUnregisterService 0x000038d0   Section        0  netapp.o(i.sl_NetAppMDNSRegisterUnregisterService)
    i.sl_NetAppMDNSUnRegisterService         0x0000394c   Section        0  netapp.o(i.sl_NetAppMDNSUnRegisterService)
    i.sl_NetAppSendTokenValue                0x00003960   Section        0  netapp.o(i.sl_NetAppSendTokenValue)
    i.sl_NetCfgSet                           0x000039b0   Section        0  netcfg.o(i.sl_NetCfgSet)
    i.sl_Recv                                0x000039f0   Section        0  socket.o(i.sl_Recv)
    i.sl_Send                                0x00003a30   Section        0  socket.o(i.sl_Send)
    i.sl_Socket                              0x00003adc   Section        0  socket.o(i.sl_Socket)
    i.sl_Start                               0x00003b0c   Section        0  device.o(i.sl_Start)
    i.sl_Stop                                0x00003bc4   Section        0  device.o(i.sl_Stop)
    i.sl_WlanConnect                         0x00003c8c   Section        0  wlan.o(i.sl_WlanConnect)
    i.sl_WlanDisconnect                      0x00003e30   Section        0  wlan.o(i.sl_WlanDisconnect)
    i.sl_WlanPolicySet                       0x00003e38   Section        0  wlan.o(i.sl_WlanPolicySet)
    i.sl_WlanProfileDel                      0x00003e70   Section        0  wlan.o(i.sl_WlanProfileDel)
    i.sl_WlanSet                             0x00003e90   Section        0  wlan.o(i.sl_WlanSet)
    i.sl_WlanSetMode                         0x00003ed0   Section        0  wlan.o(i.sl_WlanSetMode)
    i.spi_Close                              0x00003ef0   Section        0  spi.o(i.spi_Close)
    i.spi_Open                               0x00003efc   Section        0  spi.o(i.spi_Open)
    i.spi_Read                               0x00003fec   Section        0  spi.o(i.spi_Read)
    i.spi_Write                              0x00004044   Section        0  spi.o(i.spi_Write)
    i.writecommand                           0x00004098   Section        0  st7735.o(i.writecommand)
    writecommand                             0x00004099   Thumb Code    28  st7735.o(i.writecommand)
    i.writedata                              0x000040b8   Section        0  st7735.o(i.writedata)
    writedata                                0x000040b9   Thumb Code    22  st7735.o(i.writedata)
    .constdata                               0x000040d4   Section      333  main.o(.constdata)
    .constdata                               0x00004222   Section       20  device.o(.constdata)
    .constdata                               0x00004238   Section       72  driver.o(.constdata)
    .constdata                               0x00004280   Section       40  netapp.o(.constdata)
    .constdata                               0x000042a8   Section        8  netcfg.o(.constdata)
    .constdata                               0x000042b0   Section       48  socket.o(.constdata)
    .constdata                               0x000042e0   Section       52  wlan.o(.constdata)
    .constdata                               0x00004314   Section       40  uartstdio.o(.constdata)
    g_pcHex                                  0x00004314   Data           4  uartstdio.o(.constdata)
    g_ui32UARTBase                           0x00004318   Data          12  uartstdio.o(.constdata)
    g_ui32UARTInt                            0x00004324   Data          12  uartstdio.o(.constdata)
    g_ui32UARTPeriph                         0x00004330   Data          12  uartstdio.o(.constdata)
    .constdata                               0x0000433c   Section     2018  st7735.o(.constdata)
    Font                                     0x0000433c   Data        1275  st7735.o(.constdata)
    Bcmd                                     0x00004837   Data         103  st7735.o(.constdata)
    Rcmd1                                    0x0000489e   Data          59  st7735.o(.constdata)
    Rcmd2green                               0x000048d9   Data          13  st7735.o(.constdata)
    Rcmd2red                                 0x000048e6   Data          13  st7735.o(.constdata)
    Rcmd3                                    0x000048f3   Data          43  st7735.o(.constdata)
    .constdata                               0x00004b20   Section      528  gpio.o(.constdata)
    g_ppui32GPIOIntMapBlizzard               0x00004b20   Data         192  gpio.o(.constdata)
    g_ppui32GPIOIntMapSnowflake              0x00004be0   Data         192  gpio.o(.constdata)
    g_pui32GPIOBaseAddrs                     0x00004ca0   Data         144  gpio.o(.constdata)
    .constdata                               0x00004d30   Section      268  interrupt.o(.constdata)
    g_pui32Priority                          0x00004d30   Data          32  interrupt.o(.constdata)
    g_pui32Regs                              0x00004d50   Data         156  interrupt.o(.constdata)
    g_pui32EnRegs                            0x00004dec   Data          20  interrupt.o(.constdata)
    g_pui32Dii16Regs                         0x00004e00   Data          20  interrupt.o(.constdata)
    g_pui32PendRegs                          0x00004e14   Data          20  interrupt.o(.constdata)
    g_pui32UnpendRegs                        0x00004e28   Data          20  interrupt.o(.constdata)
    .constdata                               0x00004e3c   Section      452  sysctl.o(.constdata)
    g_pui32VCOFrequencies                    0x00004e3c   Data           8  sysctl.o(.constdata)
    g_pui32Xtals                             0x00004e44   Data         108  sysctl.o(.constdata)
    g_pppui32XTALtoVCO                       0x00004eb0   Data         288  sysctl.o(.constdata)
    g_sXTALtoMEMTIM                          0x00004fd0   Data          48  sysctl.o(.constdata)
    .conststring                             0x00005000   Section       17  uartstdio.o(.conststring)
    .data                                    0x20000000   Section       31  main.o(.data)
    .data                                    0x20000020   Section        8  board.o(.data)
    .data                                    0x20000028   Section        4  driver.o(.data)
    .data                                    0x2000002c   Section        4  driver.o(.data)
    .data                                    0x20000030   Section       28  uartstdio.o(.data)
    bLastWasCR                               0x20000030   Data           1  uartstdio.o(.data)
    g_bDisableEcho                           0x20000031   Data           1  uartstdio.o(.data)
    g_ui32UARTTxWriteIndex                   0x20000034   Data           4  uartstdio.o(.data)
    g_ui32UARTTxReadIndex                    0x20000038   Data           4  uartstdio.o(.data)
    g_ui32UARTRxWriteIndex                   0x2000003c   Data           4  uartstdio.o(.data)
    g_ui32UARTRxReadIndex                    0x20000040   Data           4  uartstdio.o(.data)
    g_ui32Base                               0x20000044   Data           4  uartstdio.o(.data)
    g_ui32PortNum                            0x20000048   Data           4  uartstdio.o(.data)
    .data                                    0x2000004c   Section       44  st7735.o(.data)
    ColStart                                 0x2000004c   Data           1  st7735.o(.data)
    RowStart                                 0x2000004d   Data           1  st7735.o(.data)
    Rotation                                 0x2000004e   Data           1  st7735.o(.data)
    TabColor                                 0x2000004f   Data           1  st7735.o(.data)
    _width                                   0x20000052   Data           2  st7735.o(.data)
    _height                                  0x20000054   Data           2  st7735.o(.data)
    .data                                    0x20000078   Section        4  timer1.o(.data)
    .data                                    0x2000007c   Section        4  mvars.o(.data)
    .data                                    0x20000080   Section        4  mvars.o(.data)
    .bss                                     0x20000084   Section     1576  main.o(.bss)
    .bss                                     0x200006ac   Section      356  driver.o(.bss)
    .bss                                     0x20000810   Section       40  nonos.o(.bss)
    .bss                                     0x20000838   Section     1152  uartstdio.o(.bss)
    g_pcUARTTxBuffer                         0x20000838   Data        1024  uartstdio.o(.bss)
    g_pcUARTRxBuffer                         0x20000c38   Data         128  uartstdio.o(.bss)
    .bss                                     0x20000cb8   Section       12  st7735.o(.bss)
    HEAP                                     0x20000cc8   Section        0  startup_rvmdk.o(HEAP)
    STACK                                    0x20000cc8   Section    16384  startup_rvmdk.o(STACK)
    StackMem                                 0x20000cc8   Data           0  startup_rvmdk.o(STACK)

    Global Symbols

    Symbol Name                              Value     Ov Type        Size  Object(Section)

    BuildAttributes$$THM_ISAv4$E$P$D$K$B$S$7EM$VFPi3$EXTD16$VFPS$VFMA$PE$A:L22UL41UL21$X:L11$S22US41US21$IEEE1$IW$USESV6$~STKCKD$USESV7$~SHL$OTIME$EBA8$MICROLIB$REQ8$PRES8$EABIv2 0x00000000   Number         0  anon$$obj.o ABSOLUTE
    __ARM_use_no_argv                        0x00000000   Number         0  main.o ABSOLUTE
    __Vectors                                0x00000000   Data           0  startup_rvmdk.o(RESET)
    __cpp_initialize__aeabi_                  - Undefined Weak Reference
    __cxa_finalize                            - Undefined Weak Reference
    __decompress                              - Undefined Weak Reference
    _clock_init                               - Undefined Weak Reference
    _microlib_exit                            - Undefined Weak Reference
    Reset_Handler                            0x0000026d   Thumb Code     0  startup_rvmdk.o(RESET)
    __main                                   0x00000289   Thumb Code     0  entry.o(.ARM.Collect$$$$00000000)
    _main_stk                                0x00000289   Thumb Code     0  entry2.o(.ARM.Collect$$$$00000001)
    _main_scatterload                        0x0000028d   Thumb Code     0  entry5.o(.ARM.Collect$$$$00000004)
    __main_after_scatterload                 0x00000291   Thumb Code     0  entry5.o(.ARM.Collect$$$$00000004)
    _main_clock                              0x00000291   Thumb Code     0  entry7b.o(.ARM.Collect$$$$00000008)
    _main_cpp_init                           0x00000291   Thumb Code     0  entry8b.o(.ARM.Collect$$$$0000000A)
    _main_init                               0x00000291   Thumb Code     0  entry9a.o(.ARM.Collect$$$$0000000B)
    __rt_final_cpp                           0x00000299   Thumb Code     0  entry10a.o(.ARM.Collect$$$$0000000D)
    __rt_final_exit                          0x00000299   Thumb Code     0  entry11a.o(.ARM.Collect$$$$0000000F)
    SysCtlDelay                              0x0000029d   Thumb Code     6  sysctl.o(.emb_text)
    CPUcpsid                                 0x000002a5   Thumb Code     8  cpu.o(.emb_text)
    CPUprimask                               0x000002ad   Thumb Code     6  cpu.o(.emb_text)
    CPUcpsie                                 0x000002b3   Thumb Code     8  cpu.o(.emb_text)
    CPUwfi                                   0x000002bb   Thumb Code     4  cpu.o(.emb_text)
    CPUbasepriSet                            0x000002bf   Thumb Code     6  cpu.o(.emb_text)
    CPUbasepriGet                            0x000002c5   Thumb Code     6  cpu.o(.emb_text)
    __aeabi_memcpy                           0x000002cb   Thumb Code    36  memcpya.o(.text)
    __aeabi_memcpy4                          0x000002cb   Thumb Code     0  memcpya.o(.text)
    __aeabi_memcpy8                          0x000002cb   Thumb Code     0  memcpya.o(.text)
    __aeabi_memset                           0x000002ef   Thumb Code    14  memseta.o(.text)
    __aeabi_memset4                          0x000002ef   Thumb Code     0  memseta.o(.text)
    __aeabi_memset8                          0x000002ef   Thumb Code     0  memseta.o(.text)
    __aeabi_memclr                           0x000002fd   Thumb Code     4  memseta.o(.text)
    __aeabi_memclr4                          0x000002fd   Thumb Code     0  memseta.o(.text)
    __aeabi_memclr8                          0x000002fd   Thumb Code     0  memseta.o(.text)
    _memset$wrapper                          0x00000301   Thumb Code    18  memseta.o(.text)
    strcat                                   0x00000313   Thumb Code    24  strcat.o(.text)
    strlen                                   0x0000032b   Thumb Code    14  strlen.o(.text)
    strcpy                                   0x00000339   Thumb Code    18  strcpy.o(.text)
    __scatterload                            0x0000034d   Thumb Code    28  init.o(.text)
    __scatterload_rt2                        0x0000034d   Thumb Code     0  init.o(.text)
    ADC0_InSeq3                              0x00000371   Thumb Code    24  adcswtrigger.o(i.ADC0_InSeq3)
    ADC0_InitSWTriggerSeq3_Ch9               0x0000038d   Thumb Code   162  adcswtrigger.o(i.ADC0_InitSWTriggerSeq3_Ch9)
    Board_Input                              0x00000449   Thumb Code    16  led.o(i.Board_Input)
    CC3100_InterruptDisable                  0x0000045d   Thumb Code     8  board.o(i.CC3100_InterruptDisable)
    CC3100_InterruptEnable                   0x00000469   Thumb Code     8  board.o(i.CC3100_InterruptEnable)
    CC3100_disable                           0x00000475   Thumb Code    10  board.o(i.CC3100_disable)
    CC3100_enable                            0x00000485   Thumb Code    10  board.o(i.CC3100_enable)
    CommunicateWithServer                    0x00000495   Thumb Code   216  main.o(i.CommunicateWithServer)
    CompareString                            0x00000581   Thumb Code    28  main.o(i.CompareString)
    ConnectWithAccessPoint                   0x0000059d   Thumb Code   100  main.o(i.ConnectWithAccessPoint)
    CopyPingResultsToReport                  0x00000645   Thumb Code    26  netapp.o(i.CopyPingResultsToReport)
    Crash                                    0x0000065f   Thumb Code    18  main.o(i.Crash)
    Delay1ms                                 0x00000671   Thumb Code    26  st7735.o(i.Delay1ms)
    FPUEnable                                0x0000068d   Thumb Code    12  fpu.o(i.FPUEnable)
    FPULazyStackingEnable                    0x0000069d   Thumb Code    12  fpu.o(i.FPULazyStackingEnable)
    GPIOB_intHandler                         0x000006ad   Thumb Code    44  board.o(i.GPIOB_intHandler)
    GPIODirModeSet                           0x000006e1   Thumb Code    40  gpio.o(i.GPIODirModeSet)
    GPIOIntClear                             0x00000709   Thumb Code     6  gpio.o(i.GPIOIntClear)
    GPIOIntDisable                           0x0000070f   Thumb Code    14  gpio.o(i.GPIOIntDisable)
    GPIOIntEnable                            0x0000071d   Thumb Code    14  gpio.o(i.GPIOIntEnable)
    GPIOIntStatus                            0x0000072b   Thumb Code    14  gpio.o(i.GPIOIntStatus)
    GPIOIntTypeSet                           0x00000739   Thumb Code    80  gpio.o(i.GPIOIntTypeSet)
    GPIOPadConfigSet                         0x00000789   Thumb Code   314  gpio.o(i.GPIOPadConfigSet)
    GPIOPinConfigure                         0x000008c5   Thumb Code    64  gpio.o(i.GPIOPinConfigure)
    GPIOPinTypeGPIOInput                     0x0000090d   Thumb Code    28  gpio.o(i.GPIOPinTypeGPIOInput)
    GPIOPinTypeGPIOOutput                    0x00000929   Thumb Code    28  gpio.o(i.GPIOPinTypeGPIOOutput)
    GPIOPinTypeSSI                           0x00000945   Thumb Code    28  gpio.o(i.GPIOPinTypeSSI)
    GPIOPinTypeUART                          0x00000961   Thumb Code    28  gpio.o(i.GPIOPinTypeUART)
    GPIOPinWrite                             0x0000097d   Thumb Code     6  gpio.o(i.GPIOPinWrite)
    GetStartResponseConvert                  0x00000983   Thumb Code    68  device.o(i.GetStartResponseConvert)
    IntEnable                                0x000009c9   Thumb Code    92  interrupt.o(i.IntEnable)
    IntMasterEnable                          0x00000a2d   Thumb Code    14  interrupt.o(i.IntMasterEnable)
    LED_GreenOff                             0x00000a65   Thumb Code     8  led.o(i.LED_GreenOff)
    LED_GreenOn                              0x00000a71   Thumb Code     8  led.o(i.LED_GreenOn)
    LED_Init                                 0x00000a7d   Thumb Code    78  led.o(i.LED_Init)
    LED_RedToggle                            0x00000ae1   Thumb Code    12  led.o(i.LED_RedToggle)
    ParseBuffer                              0x00000af1   Thumb Code    74  main.o(i.ParseBuffer)
    ReadVoltage                              0x00000b4d   Thumb Code   116  main.o(i.ReadVoltage)
    SSIConfigSetExpClk                       0x00000bc1   Thumb Code    74  ssi.o(i.SSIConfigSetExpClk)
    SSIDataGetNonBlocking                    0x00000c0b   Thumb Code    20  ssi.o(i.SSIDataGetNonBlocking)
    SSIDataPutNonBlocking                    0x00000c1f   Thumb Code    16  ssi.o(i.SSIDataPutNonBlocking)
    SSIEnable                                0x00000c2f   Thumb Code    10  ssi.o(i.SSIEnable)
    ST7735_DrawCharS                         0x00000c39   Thumb Code   178  st7735.o(i.ST7735_DrawCharS)
    ST7735_DrawPixel                         0x00000cf5   Thumb Code    54  st7735.o(i.ST7735_DrawPixel)
    ST7735_DrawString                        0x00000d31   Thumb Code    82  st7735.o(i.ST7735_DrawString)
    ST7735_FillRect                          0x00000d85   Thumb Code   116  st7735.o(i.ST7735_FillRect)
    ST7735_FillScreen                        0x00000dfd   Thumb Code    24  st7735.o(i.ST7735_FillScreen)
    ST7735_InitR                             0x00000e19   Thumb Code    94  st7735.o(i.ST7735_InitR)
    ST7735_OutChar                           0x00000e81   Thumb Code   134  st7735.o(i.ST7735_OutChar)
    ST7735_OutString                         0x00000f25   Thumb Code    20  st7735.o(i.ST7735_OutString)
    ST7735_OutUDec                           0x00000f39   Thumb Code    80  st7735.o(i.ST7735_OutUDec)
    ST7735_SetCursor                         0x00000f91   Thumb Code    16  st7735.o(i.ST7735_SetCursor)
    SimpleLinkHttpServerCallback             0x00000fa5   Thumb Code     6  main.o(i.SimpleLinkHttpServerCallback)
    SimpleLinkNetAppEventHandler             0x00000fd1   Thumb Code    24  main.o(i.SimpleLinkNetAppEventHandler)
    SimpleLinkWlanEventHandler               0x00001011   Thumb Code    50  main.o(i.SimpleLinkWlanEventHandler)
    SysCtlClockGet                           0x000010e1   Thumb Code   314  sysctl.o(i.SysCtlClockGet)
    SysCtlClockSet                           0x00001245   Thumb Code   270  sysctl.o(i.SysCtlClockSet)
    SysCtlPeripheralEnable                   0x00001365   Thumb Code    36  sysctl.o(i.SysCtlPeripheralEnable)
    Timer1_Init                              0x0000138d   Thumb Code    62  timer1.o(i.Timer1_Init)
    Timer1_StartWatch                        0x000013d9   Thumb Code    10  timer1.o(i.Timer1_StartWatch)
    Timer1_StopWatch                         0x000013ed   Thumb Code    12  timer1.o(i.Timer1_StopWatch)
    UARTFlushRx                              0x00001401   Thumb Code    36  uartstdio.o(i.UARTFlushRx)
    UARTFlushTx                              0x00001429   Thumb Code    52  uartstdio.o(i.UARTFlushTx)
    UARTStdioConfig                          0x000014d9   Thumb Code   142  uartstdio.o(i.UARTStdioConfig)
    UARTStdioIntHandler                      0x00001571   Thumb Code   248  uartstdio.o(i.UARTStdioIntHandler)
    UART_Init                                0x00001679   Thumb Code    54  main.o(i.UART_Init)
    UARTprintf                               0x000016bd   Thumb Code    18  uartstdio.o(i.UARTprintf)
    UARTvprintf                              0x000016d1   Thumb Code   420  uartstdio.o(i.UARTvprintf)
    UARTwrite                                0x00001885   Thumb Code   134  uartstdio.o(i.UARTwrite)
    _SlAsyncEventGenericHandler              0x00001915   Thumb Code   732  driver.o(i._SlAsyncEventGenericHandler)
    _SlDrvBasicCmd                           0x00001bf5   Thumb Code    40  driver.o(i._SlDrvBasicCmd)
    _SlDrvClassifyRxMsg                      0x00001c1d   Thumb Code   114  driver.o(i._SlDrvClassifyRxMsg)
    _SlDrvCmdOp                              0x00001ca5   Thumb Code    80  driver.o(i._SlDrvCmdOp)
    _SlDrvCmdSend                            0x00001cf9   Thumb Code    24  driver.o(i._SlDrvCmdSend)
    _SlDrvDataReadOp                         0x00001d15   Thumb Code   326  driver.o(i._SlDrvDataReadOp)
    _SlDrvDataWriteOp                        0x00001e65   Thumb Code   272  driver.o(i._SlDrvDataWriteOp)
    _SlDrvDeviceEventHandler                 0x00001f79   Thumb Code    26  device.o(i._SlDrvDeviceEventHandler)
    _SlDrvDriverCBDeinit                     0x00001f95   Thumb Code    92  driver.o(i._SlDrvDriverCBDeinit)
    _SlDrvDriverCBInit                       0x00001ff5   Thumb Code   134  driver.o(i._SlDrvDriverCBInit)
    _SlDrvFlowContDeinit                     0x00002085   Thumb Code    40  flowcont.o(i._SlDrvFlowContDeinit)
    _SlDrvFlowContInit                       0x000020b1   Thumb Code    42  flowcont.o(i._SlDrvFlowContInit)
    _SlDrvMsgRead                            0x000020e1   Thumb Code   834  driver.o(i._SlDrvMsgRead)
    _SlDrvMsgReadCmdCtx                      0x0000242d   Thumb Code   156  driver.o(i._SlDrvMsgReadCmdCtx)
    _SlDrvMsgReadSpawnCtx                    0x000024d1   Thumb Code   132  driver.o(i._SlDrvMsgReadSpawnCtx)
    _SlDrvMsgWrite                           0x00002559   Thumb Code   232  driver.o(i._SlDrvMsgWrite)
    _SlDrvNetAppEventHandler                 0x00002649   Thumb Code   198  netapp.o(i._SlDrvNetAppEventHandler)
    _SlDrvObjDeInit                          0x00002711   Thumb Code    18  driver.o(i._SlDrvObjDeInit)
    _SlDrvObjInit                            0x00002729   Thumb Code    54  driver.o(i._SlDrvObjInit)
    _SlDrvReleasePoolObj                     0x00002765   Thumb Code   222  driver.o(i._SlDrvReleasePoolObj)
    _SlDrvRxHdrRead                          0x00002849   Thumb Code   282  driver.o(i._SlDrvRxHdrRead)
    _SlDrvRxIrqHandler                       0x00002975   Thumb Code    52  driver.o(i._SlDrvRxIrqHandler)
    _SlDrvShiftDWord                         0x000029b1   Thumb Code    22  driver.o(i._SlDrvShiftDWord)
    _SlDrvWaitForPoolObj                     0x000029c9   Thumb Code   254  driver.o(i._SlDrvWaitForPoolObj)
    _SlFindAndSetActiveObj                   0x00002acd   Thumb Code   138  driver.o(i._SlFindAndSetActiveObj)
    _SlNonOsMainLoopTask                     0x00002b61   Thumb Code    54  nonos.o(i._SlNonOsMainLoopTask)
    _SlNonOsSemGet                           0x00002ba1   Thumb Code    50  nonos.o(i._SlNonOsSemGet)
    _SlNonOsSemSet                           0x00002bd3   Thumb Code     6  nonos.o(i._SlNonOsSemSet)
    _SlNonOsSpawn                            0x00002bd9   Thumb Code    30  nonos.o(i._SlNonOsSpawn)
    _SlRemoveFromList                        0x00002bfd   Thumb Code    84  driver.o(i._SlRemoveFromList)
    __scatterload_copy                       0x00002c55   Thumb Code    14  handlers.o(i.__scatterload_copy)
    __scatterload_null                       0x00002c63   Thumb Code     2  handlers.o(i.__scatterload_null)
    __scatterload_zeroinit                   0x00002c65   Thumb Code    14  handlers.o(i.__scatterload_zeroinit)
    _sl_BuildAddress                         0x00002c73   Thumb Code    38  socket.o(i._sl_BuildAddress)
    _sl_HandleAsync_Accept                   0x00002c99   Thumb Code   110  socket.o(i._sl_HandleAsync_Accept)
    _sl_HandleAsync_Connect                  0x00002d0d   Thumb Code   120  socket.o(i._sl_HandleAsync_Connect)
    _sl_HandleAsync_DnsGetHostByName         0x00002d89   Thumb Code   110  netapp.o(i._sl_HandleAsync_DnsGetHostByName)
    _sl_HandleAsync_DnsGetHostByService      0x00002dfd   Thumb Code   102  netapp.o(i._sl_HandleAsync_DnsGetHostByService)
    _sl_HandleAsync_InitComplete             0x00002e69   Thumb Code   126  device.o(i._sl_HandleAsync_InitComplete)
    _sl_HandleAsync_PingResponse             0x00002eed   Thumb Code   120  netapp.o(i._sl_HandleAsync_PingResponse)
    _sl_HandleAsync_Select                   0x00002f6d   Thumb Code    94  socket.o(i._sl_HandleAsync_Select)
    _sl_HandleAsync_Stop                     0x00002fd1   Thumb Code    90  device.o(i._sl_HandleAsync_Stop)
    _sl_TruncatePayloadByProtocol            0x00003031   Thumb Code    84  socket.o(i._sl_TruncatePayloadByProtocol)
    fillmessage                              0x00003321   Thumb Code    44  st7735.o(i.fillmessage)
    free                                     0x00003355   Thumb Code    76  malloc.o(i.free)
    initClk                                  0x000033a5   Thumb Code    20  board.o(i.initClk)
    main                                     0x000033bd   Thumb Code   186  main.o(i.main)
    malloc                                   0x0000352d   Thumb Code    92  malloc.o(i.malloc)
    registerInterruptHandler                 0x000035ad   Thumb Code     8  board.o(i.registerInterruptHandler)
    sl_Close                                 0x00003625   Thumb Code    26  socket.o(i.sl_Close)
    sl_Connect                               0x00003645   Thumb Code   224  socket.o(i.sl_Connect)
    sl_DevGet                                0x00003731   Thumb Code   104  device.o(i.sl_DevGet)
    sl_Htonl                                 0x000037a1   Thumb Code    40  socket.o(i.sl_Htonl)
    sl_Htons                                 0x000037c9   Thumb Code    48  socket.o(i.sl_Htons)
    sl_NetAppDnsGetHostByName                0x000037f9   Thumb Code   202  netapp.o(i.sl_NetAppDnsGetHostByName)
    sl_NetAppMDNSRegisterUnregisterService   0x000038d1   Thumb Code   118  netapp.o(i.sl_NetAppMDNSRegisterUnregisterService)
    sl_NetAppMDNSUnRegisterService           0x0000394d   Thumb Code    18  netapp.o(i.sl_NetAppMDNSUnRegisterService)
    sl_NetAppSendTokenValue                  0x00003961   Thumb Code    74  netapp.o(i.sl_NetAppSendTokenValue)
    sl_NetCfgSet                             0x000039b1   Thumb Code    58  netcfg.o(i.sl_NetCfgSet)
    sl_Recv                                  0x000039f1   Thumb Code    58  socket.o(i.sl_Recv)
    sl_Send                                  0x00003a31   Thumb Code   162  socket.o(i.sl_Send)
    sl_Socket                                0x00003add   Thumb Code    42  socket.o(i.sl_Socket)
    sl_Start                                 0x00003b0d   Thumb Code   170  device.o(i.sl_Start)
    sl_Stop                                  0x00003bc5   Thumb Code   186  device.o(i.sl_Stop)
    sl_WlanConnect                           0x00003c8d   Thumb Code   414  wlan.o(i.sl_WlanConnect)
    sl_WlanDisconnect                        0x00003e31   Thumb Code     8  wlan.o(i.sl_WlanDisconnect)
    sl_WlanPolicySet                         0x00003e39   Thumb Code    52  wlan.o(i.sl_WlanPolicySet)
    sl_WlanProfileDel                        0x00003e71   Thumb Code    26  wlan.o(i.sl_WlanProfileDel)
    sl_WlanSet                               0x00003e91   Thumb Code    60  wlan.o(i.sl_WlanSet)
    sl_WlanSetMode                           0x00003ed1   Thumb Code    26  wlan.o(i.sl_WlanSetMode)
    spi_Close                                0x00003ef1   Thumb Code    10  spi.o(i.spi_Close)
    spi_Open                                 0x00003efd   Thumb Code   198  spi.o(i.spi_Open)
    spi_Read                                 0x00003fed   Thumb Code    78  spi.o(i.spi_Read)
    spi_Write                                0x00004045   Thumb Code    76  spi.o(i.spi_Write)
    _SlStopCmdCtrl                           0x00004222   Data           4  device.o(.constdata)
    _SlEventMaskSetCmdCtrl                   0x00004226   Data           4  device.o(.constdata)
    _SlEventMaskGetCmdCtrl                   0x0000422a   Data           4  device.o(.constdata)
    _SlDeviceGetCmdCtrl                      0x0000422e   Data           4  device.o(.constdata)
    _SlDeviceSetCmdCtrl                      0x00004232   Data           4  device.o(.constdata)
    g_H2NSyncPattern                         0x00004238   Data           8  driver.o(.constdata)
    g_H2NCnysPattern                         0x00004240   Data           8  driver.o(.constdata)
    _SlActionLookupTable                     0x00004248   Data          56  driver.o(.constdata)
    _SlNetAppStartCtrl                       0x00004280   Data           4  netapp.o(.constdata)
    _SlNetAppStopCtrl                        0x00004284   Data           4  netapp.o(.constdata)
    _SlGetServiceListeCtrl                   0x00004288   Data           4  netapp.o(.constdata)
    _SlRegisterServiceCtrl                   0x0000428c   Data           4  netapp.o(.constdata)
    _SlGetHostByServiceCtrl                  0x00004290   Data           4  netapp.o(.constdata)
    _SlGetHostByNameCtrl                     0x00004294   Data           4  netapp.o(.constdata)
    _SlNetAppSetCmdCtrl                      0x00004298   Data           4  netapp.o(.constdata)
    _SlNetAppSendTokenValueCmdCtrl           0x0000429c   Data           4  netapp.o(.constdata)
    _SlNetAppGetCmdCtrl                      0x000042a0   Data           4  netapp.o(.constdata)
    _SlNetCfgSetCmdCtrl                      0x000042a8   Data           4  netcfg.o(.constdata)
    _SlNetCfgGetCmdCtrl                      0x000042ac   Data           4  netcfg.o(.constdata)
    _SlSockSocketCmdCtrl                     0x000042b0   Data           4  socket.o(.constdata)
    _SlSockCloseCmdCtrl                      0x000042b4   Data           4  socket.o(.constdata)
    _SlRecvfomCmdCtrl                        0x000042b8   Data           4  socket.o(.constdata)
    _SlSendCmdCtrl                           0x000042bc   Data           4  socket.o(.constdata)
    _SlListenCmdCtrl                         0x000042c0   Data           4  socket.o(.constdata)
    _SlAcceptCmdCtrl                         0x000042c4   Data           4  socket.o(.constdata)
    _SlRecvCmdCtrl                           0x000042c8   Data           4  socket.o(.constdata)
    _SlSetSockOptCmdCtrl                     0x000042cc   Data           4  socket.o(.constdata)
    _SlGetSockOptCmdCtrl                     0x000042d0   Data           4  socket.o(.constdata)
    _SlSelectCmdCtrl                         0x000042d4   Data           4  socket.o(.constdata)
    _SlPolicySetCmdCtrl                      0x000042e0   Data           4  wlan.o(.constdata)
    _SlPolicyGetCmdCtrl                      0x000042e4   Data           4  wlan.o(.constdata)
    _SlProfileGetCmdCtrl                     0x000042e8   Data           4  wlan.o(.constdata)
    _SlProfileDelCmdCtrl                     0x000042ec   Data           4  wlan.o(.constdata)
    _SlWlanGetNetworkListCtrl                0x000042f0   Data           4  wlan.o(.constdata)
    _SlRxFilterAddtCmdCtrl                   0x000042f4   Data           4  wlan.o(.constdata)
    _SlRxFilterSetCmdCtrl                    0x000042f8   Data           4  wlan.o(.constdata)
    _SlRxFilterGetCmdCtrl                    0x000042fc   Data           4  wlan.o(.constdata)
    _SlSmartConfigStartCmdCtrl               0x00004300   Data           4  wlan.o(.constdata)
    _SlWlanSetModeCmdCtrl                    0x00004304   Data           4  wlan.o(.constdata)
    _SlWlanCfgSetCmdCtrl                     0x00004308   Data           4  wlan.o(.constdata)
    _SlWlanCfgGetCmdCtrl                     0x0000430c   Data           4  wlan.o(.constdata)
    dBfs                                     0x0000491e   Data         512  st7735.o(.constdata)
    Region$$Table$$Base                      0x00005014   Number         0  anon$$obj.o(Region$$Table)
    Region$$Table$$Limit                     0x00005034   Number         0  anon$$obj.o(Region$$Table)
    LostPackets                              0x20000000   Data           4  main.o(.data)
    g_Status                                 0x20000004   Data           4  main.o(.data)
    DestinationIP                            0x20000008   Data           4  main.o(.data)
    SockID                                   0x2000000c   Data           4  main.o(.data)
    Temp                                     0x20000010   Data          15  main.o(.data)
    IntIsMasked                              0x20000020   Data           1  board.o(.data)
    pIrqEventHandler                         0x20000024   Data           4  board.o(.data)
    g_pCB                                    0x20000028   Data           4  driver.o(.data)
    pPingCallBackFunc                        0x2000002c   Data           4  driver.o(.data)
    StTextColor                              0x20000050   Data           2  st7735.o(.data)
    StX                                      0x20000058   Data           4  st7735.o(.data)
    StY                                      0x2000005c   Data           4  st7735.o(.data)
    lastj                                    0x20000060   Data           4  st7735.o(.data)
    Messageindex                             0x20000064   Data           4  st7735.o(.data)
    Ymax                                     0x20000068   Data           4  st7735.o(.data)
    Ymin                                     0x2000006c   Data           4  st7735.o(.data)
    X                                        0x20000070   Data           4  st7735.o(.data)
    Yrange                                   0x20000074   Data           4  st7735.o(.data)
    Timer1StartTime                          0x20000078   Data           4  timer1.o(.data)
    __microlib_freelist                      0x2000007c   Data           4  mvars.o(.data)
    __microlib_freelist_initialised          0x20000080   Data           4  mvars.o(.data)
    Recvbuff                                 0x20000084   Data        1024  main.o(.bss)
    SendBuff                                 0x20000484   Data         512  main.o(.bss)
    HostName                                 0x20000684   Data          40  main.o(.bss)
    g_StatMem                                0x200006ac   Data         356  driver.o(.bss)
    g__SlNonOsCB                             0x20000810   Data          40  nonos.o(.bss)
    Message                                  0x20000cb8   Data          12  st7735.o(.bss)
    __heap_base                              0x20000cc8   Data           0  startup_rvmdk.o(HEAP)
    __heap_limit                             0x20000cc8   Data           0  startup_rvmdk.o(HEAP)
    __initial_sp                             0x20004cc8   Data           0  startup_rvmdk.o(STACK)



==============================================================================

Memory Map of the image

  Image Entry point : 0x0000026d

  Load Region LR_IROM (Base: 0x00000000, Size: 0x000050b8, Max: 0x00040000, ABSOLUTE)

    Execution Region ER_IROM (Base: 0x00000000, Size: 0x00005034, Max: 0x00040000, ABSOLUTE)

    Base Addr    Size         Type   Attr      Idx    E Section Name        Object

    0x00000000   0x00000288   Code   RO         1166  * RESET               startup_rvmdk.o
    0x00000288   0x00000000   Code   RO         3154  * .ARM.Collect$$$$00000000  mc_w.l(entry.o)
    0x00000288   0x00000004   Code   RO         3197    .ARM.Collect$$$$00000001  mc_w.l(entry2.o)
    0x0000028c   0x00000004   Code   RO         3200    .ARM.Collect$$$$00000004  mc_w.l(entry5.o)
    0x00000290   0x00000000   Code   RO         3202    .ARM.Collect$$$$00000008  mc_w.l(entry7b.o)
    0x00000290   0x00000000   Code   RO         3204    .ARM.Collect$$$$0000000A  mc_w.l(entry8b.o)
    0x00000290   0x00000008   Code   RO         3205    .ARM.Collect$$$$0000000B  mc_w.l(entry9a.o)
    0x00000298   0x00000000   Code   RO         3207    .ARM.Collect$$$$0000000D  mc_w.l(entry10a.o)
    0x00000298   0x00000000   Code   RO         3209    .ARM.Collect$$$$0000000F  mc_w.l(entry11a.o)
    0x00000298   0x00000004   Code   RO         3198    .ARM.Collect$$$$00002712  mc_w.l(entry2.o)
    0x0000029c   0x00000006   Code   RO         2513    .emb_text           driverlib.lib(sysctl.o)
    0x000002a2   0x00000002   PAD
    0x000002a4   0x00000026   Code   RO         3144    .emb_text           driverlib.lib(cpu.o)
    0x000002ca   0x00000024   Code   RO         3157    .text               mc_w.l(memcpya.o)
    0x000002ee   0x00000024   Code   RO         3159    .text               mc_w.l(memseta.o)
    0x00000312   0x00000018   Code   RO         3161    .text               mc_w.l(strcat.o)
    0x0000032a   0x0000000e   Code   RO         3163    .text               mc_w.l(strlen.o)
    0x00000338   0x00000012   Code   RO         3165    .text               mc_w.l(strcpy.o)
    0x0000034a   0x00000002   PAD
    0x0000034c   0x00000024   Code   RO         3213    .text               mc_w.l(init.o)
    0x00000370   0x0000001c   Code   RO         1537    i.ADC0_InSeq3       adcswtrigger.o
    0x0000038c   0x000000bc   Code   RO         1538    i.ADC0_InitSWTriggerSeq3_Ch9  adcswtrigger.o
    0x00000448   0x00000014   Code   RO          384    i.Board_Input       led.o
    0x0000045c   0x0000000c   Code   RO          195    i.CC3100_InterruptDisable  board.o
    0x00000468   0x0000000c   Code   RO          196    i.CC3100_InterruptEnable  board.o
    0x00000474   0x00000010   Code   RO          197    i.CC3100_disable    board.o
    0x00000484   0x00000010   Code   RO          198    i.CC3100_enable     board.o
    0x00000494   0x000000ec   Code   RO            1    i.CommunicateWithServer  main.o
    0x00000580   0x0000001c   Code   RO            2    i.CompareString     main.o
    0x0000059c   0x000000a8   Code   RO            3    i.ConnectWithAccessPoint  main.o
    0x00000644   0x0000001a   Code   RO          789    i.CopyPingResultsToReport  netapp.o
    0x0000065e   0x00000012   Code   RO            4    i.Crash             main.o
    0x00000670   0x0000001a   Code   RO         1555    i.Delay1ms          st7735.o
    0x0000068a   0x00000002   PAD
    0x0000068c   0x00000010   Code   RO         1863    i.FPUEnable         driverlib.lib(fpu.o)
    0x0000069c   0x00000010   Code   RO         1866    i.FPULazyStackingEnable  driverlib.lib(fpu.o)
    0x000006ac   0x00000034   Code   RO          200    i.GPIOB_intHandler  board.o
    0x000006e0   0x00000028   Code   RO         1936    i.GPIODirModeSet    driverlib.lib(gpio.o)
    0x00000708   0x00000006   Code   RO         1937    i.GPIOIntClear      driverlib.lib(gpio.o)
    0x0000070e   0x0000000e   Code   RO         1938    i.GPIOIntDisable    driverlib.lib(gpio.o)
    0x0000071c   0x0000000e   Code   RO         1939    i.GPIOIntEnable     driverlib.lib(gpio.o)
    0x0000072a   0x0000000e   Code   RO         1941    i.GPIOIntStatus     driverlib.lib(gpio.o)
    0x00000738   0x00000050   Code   RO         1943    i.GPIOIntTypeSet    driverlib.lib(gpio.o)
    0x00000788   0x0000013a   Code   RO         1946    i.GPIOPadConfigSet  driverlib.lib(gpio.o)
    0x000008c2   0x00000002   PAD
    0x000008c4   0x00000048   Code   RO         1947    i.GPIOPinConfigure  driverlib.lib(gpio.o)
    0x0000090c   0x0000001c   Code   RO         1956    i.GPIOPinTypeGPIOInput  driverlib.lib(gpio.o)
    0x00000928   0x0000001c   Code   RO         1957    i.GPIOPinTypeGPIOOutput  driverlib.lib(gpio.o)
    0x00000944   0x0000001c   Code   RO         1970    i.GPIOPinTypeSSI    driverlib.lib(gpio.o)
    0x00000960   0x0000001c   Code   RO         1972    i.GPIOPinTypeUART   driverlib.lib(gpio.o)
    0x0000097c   0x00000006   Code   RO         1978    i.GPIOPinWrite      driverlib.lib(gpio.o)
    0x00000982   0x00000044   Code   RO          444    i.GetStartResponseConvert  device.o
    0x000009c6   0x00000002   PAD
    0x000009c8   0x00000064   Code   RO         2249    i.IntEnable         driverlib.lib(interrupt.o)
    0x00000a2c   0x0000000e   Code   RO         2252    i.IntMasterEnable   driverlib.lib(interrupt.o)
    0x00000a3a   0x00000010   Code   RO         1298    i.IsBufferEmpty     uartstdio.o
    0x00000a4a   0x0000001a   Code   RO         1299    i.IsBufferFull      uartstdio.o
    0x00000a64   0x0000000c   Code   RO          386    i.LED_GreenOff      led.o
    0x00000a70   0x0000000c   Code   RO          387    i.LED_GreenOn       led.o
    0x00000a7c   0x00000064   Code   RO          389    i.LED_Init          led.o
    0x00000ae0   0x00000010   Code   RO          392    i.LED_RedToggle     led.o
    0x00000af0   0x0000005c   Code   RO            5    i.ParseBuffer       main.o
    0x00000b4c   0x00000074   Code   RO            6    i.ReadVoltage       main.o
    0x00000bc0   0x0000004a   Code   RO         2369    i.SSIConfigSetExpClk  driverlib.lib(ssi.o)
    0x00000c0a   0x00000014   Code   RO         2373    i.SSIDataGetNonBlocking  driverlib.lib(ssi.o)
    0x00000c1e   0x00000010   Code   RO         2375    i.SSIDataPutNonBlocking  driverlib.lib(ssi.o)
    0x00000c2e   0x0000000a   Code   RO         2377    i.SSIEnable         driverlib.lib(ssi.o)
    0x00000c38   0x000000bc   Code   RO         1564    i.ST7735_DrawCharS  st7735.o
    0x00000cf4   0x0000003c   Code   RO         1567    i.ST7735_DrawPixel  st7735.o
    0x00000d30   0x00000052   Code   RO         1568    i.ST7735_DrawString  st7735.o
    0x00000d82   0x00000002   PAD
    0x00000d84   0x00000078   Code   RO         1569    i.ST7735_FillRect   st7735.o
    0x00000dfc   0x0000001c   Code   RO         1570    i.ST7735_FillScreen  st7735.o
    0x00000e18   0x00000068   Code   RO         1572    i.ST7735_InitR      st7735.o
    0x00000e80   0x000000a4   Code   RO         1575    i.ST7735_OutChar    st7735.o
    0x00000f24   0x00000014   Code   RO         1576    i.ST7735_OutString  st7735.o
    0x00000f38   0x00000058   Code   RO         1577    i.ST7735_OutUDec    st7735.o
    0x00000f90   0x00000014   Code   RO         1586    i.ST7735_SetCursor  st7735.o
    0x00000fa4   0x0000002c   Code   RO            8    i.SimpleLinkHttpServerCallback  main.o
    0x00000fd0   0x00000040   Code   RO            9    i.SimpleLinkNetAppEventHandler  main.o
    0x00001010   0x000000d0   Code   RO           11    i.SimpleLinkWlanEventHandler  main.o
    0x000010e0   0x00000164   Code   RO         2516    i.SysCtlClockGet    driverlib.lib(sysctl.o)
    0x00001244   0x00000120   Code   RO         2518    i.SysCtlClockSet    driverlib.lib(sysctl.o)
    0x00001364   0x00000028   Code   RO         2547    i.SysCtlPeripheralEnable  driverlib.lib(sysctl.o)
    0x0000138c   0x0000004c   Code   RO         1829    i.Timer1_Init       timer1.o
    0x000013d8   0x00000014   Code   RO         1830    i.Timer1_StartWatch  timer1.o
    0x000013ec   0x00000014   Code   RO         1831    i.Timer1_StopWatch  timer1.o
    0x00001400   0x00000028   Code   RO         1301    i.UARTFlushRx       uartstdio.o
    0x00001428   0x00000038   Code   RO         1302    i.UARTFlushTx       uartstdio.o
    0x00001460   0x00000078   Code   RO         1305    i.UARTPrimeTransmit  uartstdio.o
    0x000014d8   0x00000098   Code   RO         1307    i.UARTStdioConfig   uartstdio.o
    0x00001570   0x00000108   Code   RO         1308    i.UARTStdioIntHandler  uartstdio.o
    0x00001678   0x00000044   Code   RO           12    i.UART_Init         main.o
    0x000016bc   0x00000012   Code   RO         1312    i.UARTprintf        uartstdio.o
    0x000016ce   0x00000002   PAD
    0x000016d0   0x000001b4   Code   RO         1313    i.UARTvprintf       uartstdio.o
    0x00001884   0x00000090   Code   RO         1314    i.UARTwrite         uartstdio.o
    0x00001914   0x000002e0   Code   RO          568    i._SlAsyncEventGenericHandler  driver.o
    0x00001bf4   0x00000028   Code   RO          569    i._SlDrvBasicCmd    driver.o
    0x00001c1c   0x00000088   Code   RO          570    i._SlDrvClassifyRxMsg  driver.o
    0x00001ca4   0x00000054   Code   RO          571    i._SlDrvCmdOp       driver.o
    0x00001cf8   0x0000001c   Code   RO          572    i._SlDrvCmdSend     driver.o
    0x00001d14   0x00000150   Code   RO          573    i._SlDrvDataReadOp  driver.o
    0x00001e64   0x00000114   Code   RO          574    i._SlDrvDataWriteOp  driver.o
    0x00001f78   0x0000001a   Code   RO          445    i._SlDrvDeviceEventHandler  device.o
    0x00001f92   0x00000002   PAD
    0x00001f94   0x00000060   Code   RO          575    i._SlDrvDriverCBDeinit  driver.o
    0x00001ff4   0x00000090   Code   RO          576    i._SlDrvDriverCBInit  driver.o
    0x00002084   0x0000002c   Code   RO          714    i._SlDrvFlowContDeinit  flowcont.o
    0x000020b0   0x00000030   Code   RO          715    i._SlDrvFlowContInit  flowcont.o
    0x000020e0   0x0000034c   Code   RO          577    i._SlDrvMsgRead     driver.o
    0x0000242c   0x000000a4   Code   RO          578    i._SlDrvMsgReadCmdCtx  driver.o
    0x000024d0   0x00000088   Code   RO          579    i._SlDrvMsgReadSpawnCtx  driver.o
    0x00002558   0x000000f0   Code   RO          580    i._SlDrvMsgWrite    driver.o
    0x00002648   0x000000c6   Code   RO          790    i._SlDrvNetAppEventHandler  netapp.o
    0x0000270e   0x00000002   PAD
    0x00002710   0x00000018   Code   RO          581    i._SlDrvObjDeInit   driver.o
    0x00002728   0x0000003c   Code   RO          582    i._SlDrvObjInit     driver.o
    0x00002764   0x000000e4   Code   RO          583    i._SlDrvReleasePoolObj  driver.o
    0x00002848   0x0000012c   Code   RO          584    i._SlDrvRxHdrRead   driver.o
    0x00002974   0x0000003c   Code   RO          585    i._SlDrvRxIrqHandler  driver.o
    0x000029b0   0x00000016   Code   RO          586    i._SlDrvShiftDWord  driver.o
    0x000029c6   0x00000002   PAD
    0x000029c8   0x00000104   Code   RO          587    i._SlDrvWaitForPoolObj  driver.o
    0x00002acc   0x00000094   Code   RO          588    i._SlFindAndSetActiveObj  driver.o
    0x00002b60   0x00000040   Code   RO          927    i._SlNonOsMainLoopTask  nonos.o
    0x00002ba0   0x00000032   Code   RO          928    i._SlNonOsSemGet    nonos.o
    0x00002bd2   0x00000006   Code   RO          929    i._SlNonOsSemSet    nonos.o
    0x00002bd8   0x00000024   Code   RO          930    i._SlNonOsSpawn     nonos.o
    0x00002bfc   0x00000058   Code   RO          589    i._SlRemoveFromList  driver.o
    0x00002c54   0x0000000e   Code   RO         3217    i.__scatterload_copy  mc_w.l(handlers.o)
    0x00002c62   0x00000002   Code   RO         3218    i.__scatterload_null  mc_w.l(handlers.o)
    0x00002c64   0x0000000e   Code   RO         3219    i.__scatterload_zeroinit  mc_w.l(handlers.o)
    0x00002c72   0x00000026   Code   RO          964    i._sl_BuildAddress  socket.o
    0x00002c98   0x00000074   Code   RO          965    i._sl_HandleAsync_Accept  socket.o
    0x00002d0c   0x0000007c   Code   RO          966    i._sl_HandleAsync_Connect  socket.o
    0x00002d88   0x00000074   Code   RO          792    i._sl_HandleAsync_DnsGetHostByName  netapp.o
    0x00002dfc   0x0000006c   Code   RO          793    i._sl_HandleAsync_DnsGetHostByService  netapp.o
    0x00002e68   0x00000084   Code   RO          446    i._sl_HandleAsync_InitComplete  device.o
    0x00002eec   0x00000080   Code   RO          794    i._sl_HandleAsync_PingResponse  netapp.o
    0x00002f6c   0x00000064   Code   RO          967    i._sl_HandleAsync_Select  socket.o
    0x00002fd0   0x00000060   Code   RO          447    i._sl_HandleAsync_Stop  device.o
    0x00003030   0x00000054   Code   RO          969    i._sl_TruncatePayloadByProtocol  socket.o
    0x00003084   0x00000052   Code   RO         1590    i.commandList       st7735.o
    0x000030d6   0x00000002   PAD
    0x000030d8   0x00000138   Code   RO         1591    i.commonInit        st7735.o
    0x00003210   0x00000110   Code   RO           13    i.configureSimpleLinkToDefaultState  main.o
    0x00003320   0x00000034   Code   RO         1594    i.fillmessage       st7735.o
    0x00003354   0x00000050   Code   RO         3169    i.free              mc_w.l(malloc.o)
    0x000033a4   0x00000018   Code   RO          204    i.initClk           board.o
    0x000033bc   0x00000170   Code   RO           14    i.main              main.o
    0x0000352c   0x0000006c   Code   RO         3170    i.malloc            mc_w.l(malloc.o)
    0x00003598   0x00000014   Code   RO         1596    i.pushColor         st7735.o
    0x000035ac   0x0000000c   Code   RO          205    i.registerInterruptHandler  board.o
    0x000035b8   0x0000006c   Code   RO         1597    i.setAddrWindow     st7735.o
    0x00003624   0x00000020   Code   RO          972    i.sl_Close          socket.o
    0x00003644   0x000000ec   Code   RO          973    i.sl_Connect        socket.o
    0x00003730   0x00000070   Code   RO          448    i.sl_DevGet         device.o
    0x000037a0   0x00000028   Code   RO          975    i.sl_Htonl          socket.o
    0x000037c8   0x00000030   Code   RO          976    i.sl_Htons          socket.o
    0x000037f8   0x000000d8   Code   RO          795    i.sl_NetAppDnsGetHostByName  netapp.o
    0x000038d0   0x0000007c   Code   RO          800    i.sl_NetAppMDNSRegisterUnregisterService  netapp.o
    0x0000394c   0x00000012   Code   RO          801    i.sl_NetAppMDNSUnRegisterService  netapp.o
    0x0000395e   0x00000002   PAD
    0x00003960   0x00000050   Code   RO          803    i.sl_NetAppSendTokenValue  netapp.o
    0x000039b0   0x00000040   Code   RO          907    i.sl_NetCfgSet      netcfg.o
    0x000039f0   0x00000040   Code   RO          978    i.sl_Recv           socket.o
    0x00003a30   0x000000ac   Code   RO          981    i.sl_Send           socket.o
    0x00003adc   0x00000030   Code   RO          984    i.sl_Socket         socket.o
    0x00003b0c   0x000000b8   Code   RO          452    i.sl_Start          device.o
    0x00003bc4   0x000000c8   Code   RO          453    i.sl_Stop           device.o
    0x00003c8c   0x000001a4   Code   RO         1174    i.sl_WlanConnect    wlan.o
    0x00003e30   0x00000008   Code   RO         1175    i.sl_WlanDisconnect  wlan.o
    0x00003e38   0x00000038   Code   RO         1179    i.sl_WlanPolicySet  wlan.o
    0x00003e70   0x00000020   Code   RO         1181    i.sl_WlanProfileDel  wlan.o
    0x00003e90   0x00000040   Code   RO         1189    i.sl_WlanSet        wlan.o
    0x00003ed0   0x00000020   Code   RO         1190    i.sl_WlanSetMode    wlan.o
    0x00003ef0   0x0000000a   Code   RO         1125    i.spi_Close         spi.o
    0x00003efa   0x00000002   PAD
    0x00003efc   0x000000f0   Code   RO         1126    i.spi_Open          spi.o
    0x00003fec   0x00000058   Code   RO         1127    i.spi_Read          spi.o
    0x00004044   0x00000054   Code   RO         1128    i.spi_Write         spi.o
    0x00004098   0x00000020   Code   RO         1598    i.writecommand      st7735.o
    0x000040b8   0x0000001c   Code   RO         1599    i.writedata         st7735.o
    0x000040d4   0x0000014d   Data   RO           21    .constdata          main.o
    0x00004221   0x00000001   PAD
    0x00004222   0x00000014   Data   RO          455    .constdata          device.o
    0x00004236   0x00000002   PAD
    0x00004238   0x00000048   Data   RO          591    .constdata          driver.o
    0x00004280   0x00000028   Data   RO          807    .constdata          netapp.o
    0x000042a8   0x00000008   Data   RO          908    .constdata          netcfg.o
    0x000042b0   0x00000030   Data   RO          985    .constdata          socket.o
    0x000042e0   0x00000034   Data   RO         1193    .constdata          wlan.o
    0x00004314   0x00000028   Data   RO         1316    .constdata          uartstdio.o
    0x0000433c   0x000007e2   Data   RO         1601    .constdata          st7735.o
    0x00004b1e   0x00000002   PAD
    0x00004b20   0x00000210   Data   RO         1979    .constdata          driverlib.lib(gpio.o)
    0x00004d30   0x0000010c   Data   RO         2265    .constdata          driverlib.lib(interrupt.o)
    0x00004e3c   0x000001c4   Data   RO         2568    .constdata          driverlib.lib(sysctl.o)
    0x00005000   0x00000011   Data   RO         1317    .conststring        uartstdio.o
    0x00005011   0x00000003   PAD
    0x00005014   0x00000020   Data   RO         3215    Region$$Table       anon$$obj.o


    Execution Region RW_IRAM (Base: 0x20000000, Size: 0x00004cc8, Max: 0x00008000, ABSOLUTE)

    Base Addr    Size         Type   Attr      Idx    E Section Name        Object

    0x20000000   0x0000001f   Data   RW           22    .data               main.o
    0x2000001f   0x00000001   PAD
    0x20000020   0x00000008   Data   RW          207    .data               board.o
    0x20000028   0x00000004   Data   RW          592    .data               driver.o
    0x2000002c   0x00000004   Data   RW          593    .data               driver.o
    0x20000030   0x0000001c   Data   RW         1318    .data               uartstdio.o
    0x2000004c   0x0000002c   Data   RW         1602    .data               st7735.o
    0x20000078   0x00000004   Data   RW         1832    .data               timer1.o
    0x2000007c   0x00000004   Data   RW         3211    .data               mc_w.l(mvars.o)
    0x20000080   0x00000004   Data   RW         3212    .data               mc_w.l(mvars.o)
    0x20000084   0x00000628   Zero   RW           15    .bss                main.o
    0x200006ac   0x00000164   Zero   RW          590    .bss                driver.o
    0x20000810   0x00000028   Zero   RW          931    .bss                nonos.o
    0x20000838   0x00000480   Zero   RW         1315    .bss                uartstdio.o
    0x20000cb8   0x0000000c   Zero   RW         1600    .bss                st7735.o
    0x20000cc4   0x00000004   PAD
    0x20000cc8   0x00000000   Zero   RW         1165    HEAP                startup_rvmdk.o
    0x20000cc8   0x00004000   Zero   RW         1164    STACK               startup_rvmdk.o


==============================================================================

Image component sizes


      Code (inc. data)   RO Data    RW Data    ZI Data      Debug   Object Name

       216         30          0          0          0        995   adcswtrigger.o
       144         36          0          8          0       3803   board.o
       818         48         20          0          0      73973   device.o
      4450        156         72          8        356      22581   driver.o
        92         10          0          0          0       1128   flowcont.o
       160         38          0          0          0       2034   led.o
      1682        558        333         31       1576      43563   main.o
      1014         46         40          0          0       9834   netapp.o
        64          6          8          0          0       1505   netcfg.o
         0          0          0          0          0       2768   nokia5110.o
       156         16          0          0         40       3268   nonos.o
      1102         68         48          0          0      10081   socket.o
       422         60          0          0          0       2490   spi.o
      1534        140       2018         44         12      13102   st7735.o
       648        622          0          0      16384        240   startup_rvmdk.o
       116         32          0          4          0       1760   timer1.o
      1272         72         57         28       1152       8647   uartstdio.o
       612         26         52          0          0       6682   wlan.o

    ----------------------------------------------------------------------
     14522       1964       2688        124      19524     208454   Object Totals
         0          0         32          0          0          0   (incl. Generated)
        20          0          8          1          4          0   (incl. Padding)

    ----------------------------------------------------------------------

      Code (inc. data)   RO Data    RW Data    ZI Data      Debug   Library Member Name

        38          0          0          0          0        504   cpu.o
        32          8          0          0          0        780   fpu.o
       672          8        528          0          0       7285   gpio.o
       114          8        268          0          0       1774   interrupt.o
       120          0          0          0          0       2749   ssi.o
       690         64        452          0          0       3951   sysctl.o
         0          0          0          0          0          0   entry.o
         0          0          0          0          0          0   entry10a.o
         0          0          0          0          0          0   entry11a.o
         8          4          0          0          0          0   entry2.o
         4          0          0          0          0          0   entry5.o
         0          0          0          0          0          0   entry7b.o
         0          0          0          0          0          0   entry8b.o
         8          4          0          0          0          0   entry9a.o
        30          0          0          0          0          0   handlers.o
        36          8          0          0          0         68   init.o
       188         20          0          0          0        160   malloc.o
        36          0          0          0          0         68   memcpya.o
        36          0          0          0          0        108   memseta.o
         0          0          0          8          0          0   mvars.o
        24          0          0          0          0         68   strcat.o
        18          0          0          0          0         68   strcpy.o
        14          0          0          0          0         68   strlen.o

    ----------------------------------------------------------------------
      2074        124       1248          8          0      17651   Library Totals
         6          0          0          0          0          0   (incl. Padding)

    ----------------------------------------------------------------------

      Code (inc. data)   RO Data    RW Data    ZI Data      Debug   Library Name

      1666         88       1248          0          0      17043   driverlib.lib
       402         36          0          8          0        608   mc_w.l

    ----------------------------------------------------------------------
      2074        124       1248          8          0      17651   Library Totals

    ----------------------------------------------------------------------

==============================================================================


      Code (inc. data)   RO Data    RW Data    ZI Data      Debug   

     16596       2088       3936        132      19524     211745   Grand Totals
     16596       2088       3936        132      19524     211745   ELF Image Totals
     16596       2088       3936        132          0          0   ROM Totals

==============================================================================

    Total RO  Size (Code + RO Data)                20532 (  20.05kB)
    Total RW  Size (RW Data + ZI Data)             19656 (  19.20kB)
    Total ROM Size (Code + RO Data + RW Data)      20664 (  20.18kB)

==============================================================================

