<html>
<body>
<pre>
<h1>µVision Build Log</h1>
<h2>Project:</h2>
C:\Keil\ValvanoWareTM4C123\Lab 4\getWeather.uvproj
Project File Date:  02/16/2017

<h2>Output:</h2>
Build target 'getWeather'
compiling main.c...
linking...
Program Size: Code=15708 RO-data=3848 RW-data=116 ZI-data=19524  
After Build - User command #1: fromelf --bin --output .\rvmdk\cc31000_starter.bin .\rvmdk\cc31000_starter.axf
".\rvmdk\getWeather.axf" - 0 Error(s), 0 Warning(s).
Load "C:\\Keil\\ValvanoWareTM4C123\\Lab 4\\rvmdk\\getWeather.axf" 
Connecting: Mode=JTAG, Speed=1000000Hz
Erase Done.
Programming Done.
Verify OK.
ng Done.
Verify OK.
or(s), 0 Warning(s).
Target not created

Target not created
Load "C:\\Keil\\ValvanoWareTM4C123\\Lab 4\\rvmdk\\getWeather.axf" 
_____^
*** error 56: cannot open file
Error: Flash Download failed  -  Could not load file 'C:\Keil\ValvanoWareTM4C123\Lab 4\rvmdk\getWeather.axf'
Load "C:\\Keil\\ValvanoWareTM4C123\\Lab 4\\rvmdk\\getWeather.axf" 
_____^
*** error 56: cannot open file
Error: Flash Download failed  -  Could not load file 'C:\Keil\ValvanoWareTM4C123\Lab 4\rvmdk\getWeather.axf'
Load "C:\\Keil\\ValvanoWareTM4C123\\Lab 4\\rvmdk\\getWeather.axf" 
_____^
*** error 56: cannot open file
Error: Flash Download failed  -  Could not load file 'C:\Keil\ValvanoWareTM4C123\Lab 4\rvmdk\getWeather.axf'
" 
Connecting: Mode=JTAG, Speed=1000000Hz
Erase Done.
Programming Done.
Verify OK.
