<html>
<body>
<pre>
<h1>µVision Build Log</h1>
<h2>Project:</h2>
C:\Users\Caroline\SkyDrive\EE 445L\EE445L\Lab4\Project\getWeather.uvproj
Project File Date:  02/16/2017

<h2>Output:</h2>
Build target 'getWeather'
compiling main.c...
linking...
Program Size: Code=16212 RO-data=3936 RW-data=124 ZI-data=19508  
After Build - User command #1: fromelf --bin --output .\rvmdk\cc31000_starter.bin .\rvmdk\cc31000_starter.axf
".\rvmdk\getWeather.axf" - 0 Error(s), 0 Warning(s).
Load "C:\\Users\\Caroline\\SkyDrive\\EE 445L\\EE445L\\Lab4\\Project\\rvmdk\\getWeather.axf" 
Connecting: Mode=JTAG, Speed=1000000Hz
Erase Done.
Programming Done.
Verify OK.
