<html>
<body>
<pre>
<h1>µVision Build Log</h1>
<h2>Project:</h2>
C:\Users\Caroline\SkyDrive\EE 445L\EE445L\Lab9\ADCPrintResults.uvproj
Project File Date:  04/10/2017

<h2>Output:</h2>
Build target 'ADCPrintResults'
compiling main.c...
linking...
Program Size: Code=4524 RO-data=2272 RW-data=48 ZI-data=1536  
".\ADCPrintResults.axf" - 0 Error(s), 0 Warning(s).
Load "C:\\Users\\Caroline\\SkyDrive\\EE 445L\\EE445L\\Lab9\\ADCPrintResults.axf" 
Connecting: Mode=JTAG, Speed=1000000Hz
Erase Done.
Programming Done.
Verify OK.
line\\SkyDrive\\EE 445L\\EE445L\\Lab9\\ADCPrintResults.axf" 
Connecting: Mode=JTAG, Speed=1000000Hz
Erase Done.
Programming Done.
Verify OK.
ad "C:\\Users\\Caroline\\SkyDrive\\EE 445L\\EE445L\\Lab9\\ADCPrintResults.axf" 
Connecting: Mode=JTAG, Speed=1000000Hz
Erase Done.
Programming Done.
Verify OK.
1000000Hz
Erase Done.
Programming Done.
Verify OK.
