<html>
<body>
<pre>
<h1>µVision Build Log</h1>
<h2>Project:</h2>
C:\Users\Ali\Documents\EE445Llabs\Lab8\SecuritySystem.uvproj
Project File Date:  04/03/2017

<h2>Output:</h2>
Build target 'SecuritySystem'
compiling testmain.c...
linking...
Program Size: Code=4420 RO-data=2052 RW-data=4080 ZI-data=1040  
".\SecuritySystem.axf" - 0 Error(s), 0 Warning(s).
Load "C:\\Users\\Ali\\Documents\\EE445Llabs\\Lab8\\SecuritySystem.axf" 
Connecting: Mode=JTAG, Speed=1000000Hz
Erase Done.
Programming Done.
Verify OK.
</pre>
</body>
</html>
\\EE445Llabs\\Lab8\\SecuritySystem.axf" 
Connecting: Mode=JTAG, Speed=1000000Hz
Erase Done.
Programming Done.
Verify OK.
ify OK.
"C:\\Users\\Ali\\Documents\\EE445Llabs\\Lab8\\SecuritySystem.axf" 
Connecting: Mode=JTAG, Speed=1000000Hz
Erase Done.
Programming Done.
Verify OK.
ify OK.
