<html>
<body>
<pre>
<h1>µVision Build Log</h1>
<h2>Project:</h2>
C:\Users\Ali\Documents\EE445Llabs\Lab8\SecuritySystem.uvproj
Project File Date:  04/03/2017

<h2>Output:</h2>
Rebuild target 'SecuritySystem'
assembling startup.s...
compiling ST7735.c...
compiling switch.c...
compiling keypad.c...
compiling solenoid.c...
compiling testmain.c...
compiling PLL.c...
linking...
Program Size: Code=4388 RO-data=2052 RW-data=4080 ZI-data=1040  
".\SecuritySystem.axf" - 0 Error(s), 0 Warning(s).
Load "C:\\Users\\Ali\\Documents\\EE445Llabs\\Lab8\\SecuritySystem.axf" 
Connecting: Mode=JTAG, Speed=1000000Hz
Erase Done.
Programming Done.
Verify OK.
ritySystem.axf'
Load "C:\\Users\\Ali\\Documents\\EE445Llabs\\Lab8\\SecuritySystem.axf" 
_____^
*** error 56: cannot open file
Error: Flash Download failed  -  Could not load file 'C:\Users\Ali\Documents\EE445Llabs\Lab8\SecuritySystem.axf'
ritySystem.axf" - 2 Error(s), 1 Warning(s).
Target not created
