<html>
<body>
<pre>
<h1>µVision Build Log</h1>
<h2>Project:</h2>
C:\Users\Ali\Documents\EE445Llabs\Lab5\Music.uvproj
Project File Date:  02/28/2017

<h2>Output:</h2>
Build target 'Target 1'
compiling Music.c...
linking...
Program Size: Code=5368 RO-data=2052 RW-data=3564 ZI-data=1124  
".\Music.axf" - 0 Error(s), 0 Warning(s).
Load "C:\\Users\\Ali\\Documents\\EE445Llabs\\Lab5\\Music.axf" 
Connecting: Mode=JTAG, Speed=1000000Hz
Erase Done.
Programming Done.
Verify OK.
</pre>
</body>
</html>
Load "C:\\Users\\Ali\\Documents\\EE445Llabs\\Lab5\\Music.axf" 
Connecting: Mode=JTAG, Speed=1000000Hz
Erase Done.
Programming Done.
Verify OK.
