<html>
<body>
<pre>
<h1>µVision Build Log</h1>
<h2>Project:</h2>
C:\Users\Caroline\SkyDrive\EE 445L\EE445L\Lab3\Clock.uvproj
Project File Date:  02/13/2017

<h2>Output:</h2>
Rebuild target 'Clock'
compiling ADCSWTrigger.c...
compiling ClockMain.c...
ClockMain.c(28): warning:  #68-D: integer conversion resulted in a change of sign
ClockMain.c(28): warning:  #68-D: integer conversion resulted in a change of sign
ClockMain.c(28): warning:  #68-D: integer conversion resulted in a change of sign
ClockMain.c(28): warning:  #68-D: integer conversion resulted in a change of sign
ClockMain.c(28): warning:  #68-D: integer conversion resulted in a change of sign
ClockMain.c(28): warning:  #68-D: integer conversion resulted in a change of sign
ClockMain.c(28): warning:  #68-D: integer conversion resulted in a change of sign
ClockMain.c(28): warning:  #68-D: integer conversion resulted in a change of sign
ClockMain.c(28): warning:  #68-D: integer conversion resulted in a change of sign
ClockMain.c(29): warning:  #68-D: integer conversion resulted in a change of sign
                                                                                                                -86, -91, -95, -97, -99, -100, -99, -97, -95, -91,
ClockMain.c(29): warning:  #68-D: integer conversion resulted in a change of sign
                                                                                                                -86, -91, -95, -97, -99, -100, -99, -97, -95, -91,
ClockMain.c(29): warning:  #68-D: integer conversion resulted in a change of sign
                                                                                                                -86, -91, -95, -97, -99, -100, -99, -97, -95, -91,
ClockMain.c(29): warning:  #68-D: integer conversion resulted in a change of sign
                                                                                                                -86, -91, -95, -97, -99, -100, -99, -97, -95, -91,
ClockMain.c(29): warning:  #68-D: integer conversion resulted in a change of sign
                                                                                                                -86, -91, -95, -97, -99, -100, -99, -97, -95, -91,
ClockMain.c(29): warning:  #68-D: integer conversion resulted in a change of sign
                                                                                                                -86, -91, -95, -97, -99, -100, -99, -97, -95, -91,
ClockMain.c(29): warning:  #68-D: integer conversion resulted in a change of sign
                                                                                                                -86, -91, -95, -97, -99, -100, -99, -97, -95, -91,
ClockMain.c(29): warning:  #68-D: integer conversion resulted in a change of sign
                                                                                                                -86, -91, -95, -97, -99, -100, -99, -97, -95, -91,
ClockMain.c(29): warning:  #68-D: integer conversion resulted in a change of sign
                                                                                                                -86, -91, -95, -97, -99, -100, -99, -97, -95, -91,
ClockMain.c(29): warning:  #68-D: integer conversion resulted in a change of sign
                                                                                                                -86, -91, -95, -97, -99, -100, -99, -97, -95, -91,
ClockMain.c(30): warning:  #68-D: integer conversion resulted in a change of sign
                                                                                                                -86, -80, -74, -66, -58, -49, -40, -30, -20, -10};
ClockMain.c(30): warning:  #68-D: integer conversion resulted in a change of sign
                                                                                                                -86, -80, -74, -66, -58, -49, -40, -30, -20, -10};
ClockMain.c(30): warning:  #68-D: integer conversion resulted in a change of sign
                                                                                                                -86, -80, -74, -66, -58, -49, -40, -30, -20, -10};
ClockMain.c(30): warning:  #68-D: integer conversion resulted in a change of sign
                                                                                                                -86, -80, -74, -66, -58, -49, -40, -30, -20, -10};
ClockMain.c(30): warning:  #68-D: integer conversion resulted in a change of sign
                                                                                                                -86, -80, -74, -66, -58, -49, -40, -30, -20, -10};
ClockMain.c(30): warning:  #68-D: integer conversion resulted in a change of sign
                                                                                                                -86, -80, -74, -66, -58, -49, -40, -30, -20, -10};
ClockMain.c(30): warning:  #68-D: integer conversion resulted in a change of sign
                                                                                                                -86, -80, -74, -66, -58, -49, -40, -30, -20, -10};
ClockMain.c(30): warning:  #68-D: integer conversion resulted in a change of sign
                                                                                                                -86, -80, -74, -66, -58, -49, -40, -30, -20, -10};
ClockMain.c(30): warning:  #68-D: integer conversion resulted in a change of sign
                                                                                                                -86, -80, -74, -66, -58, -49, -40, -30, -20, -10};
ClockMain.c(30): warning:  #68-D: integer conversion resulted in a change of sign
                                                                                                                -86, -80, -74, -66, -58, -49, -40, -30, -20, -10};
ClockMain.c(33): warning:  #68-D: integer conversion resulted in a change of sign
ClockMain.c(33): warning:  #68-D: integer conversion resulted in a change of sign
ClockMain.c(33): warning:  #68-D: integer conversion resulted in a change of sign
ClockMain.c(33): warning:  #68-D: integer conversion resulted in a change of sign
ClockMain.c(34): warning:  #68-D: integer conversion resulted in a change of sign
                                                                                                                        -49, -58, -66, -74, -80, -86, -91, -95, -97, -99,
ClockMain.c(34): warning:  #68-D: integer conversion resulted in a change of sign
                                                                                                                        -49, -58, -66, -74, -80, -86, -91, -95, -97, -99,
ClockMain.c(34): warning:  #68-D: integer conversion resulted in a change of sign
                                                                                                                        -49, -58, -66, -74, -80, -86, -91, -95, -97, -99,
ClockMain.c(34): warning:  #68-D: integer conversion resulted in a change of sign
                                                                                                                        -49, -58, -66, -74, -80, -86, -91, -95, -97, -99,
ClockMain.c(34): warning:  #68-D: integer conversion resulted in a change of sign
                                                                                                                        -49, -58, -66, -74, -80, -86, -91, -95, -97, -99,
ClockMain.c(34): warning:  #68-D: integer conversion resulted in a change of sign
                                                                                                                        -49, -58, -66, -74, -80, -86, -91, -95, -97, -99,
ClockMain.c(34): warning:  #68-D: integer conversion resulted in a change of sign
                                                                                                                        -49, -58, -66, -74, -80, -86, -91, -95, -97, -99,
ClockMain.c(34): warning:  #68-D: integer conversion resulted in a change of sign
                                                                                                                        -49, -58, -66, -74, -80, -86, -91, -95, -97, -99,
ClockMain.c(34): warning:  #68-D: integer conversion resulted in a change of sign
                                                                                                                        -49, -58, -66, -74, -80, -86, -91, -95, -97, -99,
ClockMain.c(34): warning:  #68-D: integer conversion resulted in a change of sign
                                                                                                                        -49, -58, -66, -74, -80, -86, -91, -95, -97, -99,
ClockMain.c(35): warning:  #68-D: integer conversion resulted in a change of sign
                                                                                                                        -100, -99, -97, -95, -91, -86, -80, -74, -66, -58,
ClockMain.c(35): warning:  #68-D: integer conversion resulted in a change of sign
                                                                                                                        -100, -99, -97, -95, -91, -86, -80, -74, -66, -58,
ClockMain.c(35): warning:  #68-D: integer conversion resulted in a change of sign
                                                                                                                        -100, -99, -97, -95, -91, -86, -80, -74, -66, -58,
ClockMain.c(35): warning:  #68-D: integer conversion resulted in a change of sign
                                                                                                                        -100, -99, -97, -95, -91, -86, -80, -74, -66, -58,
ClockMain.c(35): warning:  #68-D: integer conversion resulted in a change of sign
                                                                                                                        -100, -99, -97, -95, -91, -86, -80, -74, -66, -58,
ClockMain.c(35): warning:  #68-D: integer conversion resulted in a change of sign
                                                                                                                        -100, -99, -97, -95, -91, -86, -80, -74, -66, -58,
ClockMain.c(35): warning:  #68-D: integer conversion resulted in a change of sign
                                                                                                                        -100, -99, -97, -95, -91, -86, -80, -74, -66, -58,
ClockMain.c(35): warning:  #68-D: integer conversion resulted in a change of sign
                                                                                                                        -100, -99, -97, -95, -91, -86, -80, -74, -66, -58,
ClockMain.c(35): warning:  #68-D: integer conversion resulted in a change of sign
                                                                                                                        -100, -99, -97, -95, -91, -86, -80, -74, -66, -58,
ClockMain.c(35): warning:  #68-D: integer conversion resulted in a change of sign
                                                                                                                        -100, -99, -97, -95, -91, -86, -80, -74, -66, -58,
ClockMain.c(36): warning:  #68-D: integer conversion resulted in a change of sign
                                                                                                                        -50, -40, -30, -20, -10, 0, 10, 20, 30, 40,
ClockMain.c(36): warning:  #68-D: integer conversion resulted in a change of sign
                                                                                                                        -50, -40, -30, -20, -10, 0, 10, 20, 30, 40,
ClockMain.c(36): warning:  #68-D: integer conversion resulted in a change of sign
                                                                                                                        -50, -40, -30, -20, -10, 0, 10, 20, 30, 40,
ClockMain.c(36): warning:  #68-D: integer conversion resulted in a change of sign
                                                                                                                        -50, -40, -30, -20, -10, 0, 10, 20, 30, 40,
ClockMain.c(36): warning:  #68-D: integer conversion resulted in a change of sign
                                                                                                                        -50, -40, -30, -20, -10, 0, 10, 20, 30, 40,
ClockMain.c: 58 warnings, 0 errors
compiling PLL.c...
compiling SpeakerDriver.c...
compiling ST7735.c...
compiling SwitchDriver.c...
compiling SysTickDriver.c...
assembling startup.s...
linking...
Program Size: Code=6340 RO-data=15124 RW-data=144 ZI-data=1136  
".\Clock.axf" - 0 Error(s), 58 Warning(s).
Load "C:\\Users\\Caroline\\SkyDrive\\EE 445L\\EE445L\\Lab3\\Clock.axf" 
Internal DLL Error
Error: Flash Download failed  -  Target DLL has been cancelled
Load "C:\\Users\\Caroline\\SkyDrive\\EE 445L\\EE445L\\Lab3\\Clock.axf" 
Internal DLL Error
Error: Flash Download failed  -  Target DLL has been cancelled
Load "C:\\Users\\Caroline\\SkyDrive\\EE 445L\\EE445L\\Lab3\\Clock.axf" 
Internal DLL Error
Error: Flash Download failed  -  Target DLL has been cancelled
Load "C:\\Users\\Caroline\\SkyDrive\\EE 445L\\EE445L\\Lab3\\Clock.axf" 
Internal DLL Error
Error: Flash Download failed  -  Target DLL has been cancelled
Load "C:\\Users\\Caroline\\SkyDrive\\EE 445L\\EE445L\\Lab3\\Clock.axf" 
Internal DLL Error
Error: Flash Download failed  -  Target DLL has been cancelled
