<html>
<body>
<pre>
<h1>µVision Build Log</h1>
<h2>Project:</h2>
C:\Keil\ValvanoWareTM4C123\Lab3\Clock.uvproj
Project File Date:  02/09/2017

<h2>Output:</h2>
Rebuild target 'Clock'
compiling ADCSWTrigger.c...
compiling ClockMain.c...
compiling PLL.c...
compiling SpeakerDriver.c...
compiling ST7735.c...
compiling SwitchDriver.c...
compiling SysTickDriver.c...
assembling startup.s...
linking...
Program Size: Code=5124 RO-data=2052 RW-data=128 ZI-data=1136  
".\Clock.axf" - 0 Error(s), 0 Warning(s).
</pre>
</body>
</html>
